com.c:67:6:COM_init	40	static
com.c:81:6:COM_getReadyCommandFlag	4	static
com.c:91:13:COM_setReadyCommandFlagOn	4	static
com.c:101:13:COM_setReadyCommandFlagOff	4	static
com.c:111:6:COM_readyCommandProcess	32	static
com.c:130:6:HAL_UART_RxCpltCallback	24	static
com.c:160:6:COM_uartPrint	24	static
com.c:182:6:HAL_UART_TxCpltCallback	32	static
com.c:211:6:COM_halUartReceiveDma	8	static
com.c:221:13:COM_setTxBusyFlagOn	4	static
com.c:231:6:COM_setTxBusyFlagOff	4	static
com.c:241:6:COM_getTxBusyFlag	4	static
com.c:251:6:COM_charHandler	8	static
com.c:279:13:COM_bufferInit	16	static
