com.c:61:6:COM_getReadyCommandFlag	4	static
com.c:66:13:COM_setReadyCommandFlagOn	4	static
com.c:71:13:COM_setReadyCommandFlagOff	4	static
com.c:76:6:COM_readyCommandProcess	16	static
com.c:84:6:COM_uartPrint	24	static
com.c:96:6:HAL_UART_TxCpltCallback	32	static
com.c:120:6:COM_halUartReceiveDma	8	static
com.c:125:13:COM_setTxBusyFlagOn	4	static
com.c:130:6:COM_setTxBusyFlagOff	4	static
com.c:135:6:COM_getTxBusyFlag	4	static
com.c:140:6:COM_charHandler	8	static
com.c:163:13:COM_bufferInit	16	static
