command.c:127:6:COMMAND_findAndExecuteCommand	24	static
command.c:140:6:COMMAND_pingCallback	16	static
command.c:145:6:COMMAND_getVersionCallback	16	static
command.c:150:6:COMMAND_pwmStartCallback	16	static
command.c:155:6:COMMAND_pwmStopCallback	16	static
command.c:160:6:COMMAND_pwmDcCallback	24	static
command.c:169:6:COMMAND_crcWholeFlashCalcCallback	40	static
command.c:182:6:COMMAND_iwdgTestCallback	16	static
command.c:189:6:COMMAND_flashLockCallback	48	static
command.c:239:6:COMMAND_setSNCallback	24	static
command.c:252:6:COMMAND_getSNCallback	40	static
command.c:264:6:COMMAND_startTickCallback	56	static
command.c:286:6:COMMAND_stopTickCallback	16	static
command.c:291:6:COMMAND_assert0Callback	16	static
command.c:296:6:COMMAND_clearAssertFlagCallback	16	static
command.c:301:6:COMMAND_lsm6dslPerSampleEnableCallback	16	static
command.c:306:6:COMMAND_lsm6dslFifoEnableCallback	16	static
command.c:311:6:COMMAND_lsm6dslDisableCallback	16	static
command.c:316:6:COMMAND_enterStopModeCallback	24	static
command.c:323:6:COMMAND_enterStandbyModeCallback	16	static
command.c:328:6:COMMAND_startOsTimerCallback	24	static
command.c:336:6:COMMAND_stopOsTimerCallback	16	static
