command.c:118:6:COMMAND_findCommand	24	static
command.c:131:6:COMMAND_pingCallback	16	static
command.c:136:6:COMMAND_getVersionCallback	16	static
command.c:141:6:COMMAND_pwmStartCallback	16	static
command.c:146:6:COMMAND_pwmStopCallback	16	static
command.c:151:6:COMMAND_pwmDcCallback	24	static
command.c:164:6:COMMAND_crcWholeFlashCalcCallback	40	static
command.c:177:6:COMMAND_iwdgTestCallback	16	static
command.c:184:6:COMMAND_flashLockCallback	48	static
command.c:234:6:COMMAND_setSNCallback	24	static
command.c:251:6:COMMAND_getSNCallback	40	static
command.c:263:6:COMMAND_startTickCallback	56	static
command.c:285:6:COMMAND_stopTickCallback	16	static
command.c:290:6:COMMAND_assert0Callback	16	static
command.c:295:6:COMMAND_clearAssertFlagCallback	16	static
command.c:300:6:COMMAND_lsm6dslPerSampleEnableCallback	16	static
command.c:305:6:COMMAND_lsm6dslFifoEnableCallback	16	static
command.c:310:6:COMMAND_lsm6dslDisableCallback	16	static
command.c:315:6:COMMAND_enterStopModeCallback	16	static
command.c:320:6:COMMAND_enterStandbyModeCallback	16	static
