command.c:131:6:COMMAND_findAndExecuteCommand	24	static
command.c:149:6:COMMAND_pingCallback	16	static
command.c:159:6:COMMAND_getVersionCallback	16	static
command.c:164:6:COMMAND_pwmStartCallback	16	static
command.c:174:6:COMMAND_pwmStopCallback	16	static
command.c:184:6:COMMAND_pwmDcCallback	24	static
command.c:198:6:COMMAND_crcWholeFlashCalcCallback	16	static
command.c:208:6:COMMAND_iwdgTestCallback	16	static
command.c:220:6:COMMAND_flashLockCallback	16	static
command.c:230:6:COMMAND_setSNCallback	16	static
command.c:240:6:COMMAND_getSNCallback	16	static
command.c:250:6:COMMAND_startTickCallback	16	static
command.c:260:6:COMMAND_stopTickCallback	16	static
command.c:270:6:COMMAND_assert0Callback	16	static
command.c:280:6:COMMAND_clearAssertFlagCallback	16	static
command.c:290:6:COMMAND_lsm6dslPerSampleEnableCallback	16	static
command.c:300:6:COMMAND_lsm6dslFifoEnableCallback	16	static
command.c:310:6:COMMAND_lsm6dslDisableCallback	16	static
command.c:320:6:COMMAND_enterStopModeCallback	24	static
command.c:332:6:COMMAND_enterStandbyModeCallback	16	static
command.c:342:6:COMMAND_startOsTimerCallback	24	static
command.c:354:6:COMMAND_stopOsTimerCallback	16	static
