lsm6dsl.c:15:9:LSM6DSL_Write	40	static
lsm6dsl.c:21:9:LSM6DSL_Read	40	static
lsm6dsl.c:27:6:LSM6DSL_Init	8	static
lsm6dsl.c:69:6:LSM6DSL_Per_Sample_Init	16	static
lsm6dsl.c:88:6:LSM6DSL_Per_Sample_Process	48	static
lsm6dsl.c:129:6:LSM6DSL_Per_Sample_Disable	16	static
lsm6dsl.c:141:6:LSM6DSL_FIFO_Init	24	static
lsm6dsl.c:185:6:LSM6DSL_FIFO_Process	8	static
lsm6dsl.c:190:6:LSM6DSL_FIFO_Disable	8	static
lsm6dsl.c:196:6:LSM6DSL_FIFO_Read_All_Data	24	static
lsm6dsl.c:235:6:LSM6DSL_FIFO_Read_Single_SAMPLE	16	static
lsm6dsl.c:246:6:LSM6DSL_FIFO_Calc_Acc_Gyro_Avg_And_Print	48	static
lsm6dsl.c:270:6:LSM6DSL_FIFO_Set_FIFO_Mode	16	static
lsm6dsl.c:281:6:LSM6DSL_FIFO_Set_Bypass_Mode	16	static
lsm6dsl.c:292:6:LSM6DSL_FIFO_Interrupt_Disable	16	static
