lsm6dsl.c:15:9:LSM6DSL_WRITE	40	static
lsm6dsl.c:21:9:LSM6DSL_READ	40	static
lsm6dsl.c:27:6:LSM6DSL_INIT	8	static
lsm6dsl.c:71:6:LSM6DSL_PER_SAMPLE_Init	16	static
lsm6dsl.c:90:6:LSM6DSL_PER_SAMPLE_PROCESS	48	static
lsm6dsl.c:131:6:LSM6DSL_PER_SAMPLE_DISABLE	16	static
lsm6dsl.c:143:6:LSM6DSL_FIFOMode_Init	24	static
lsm6dsl.c:193:6:LSM6DSL_FIFOMode_Process	8	static
lsm6dsl.c:202:6:LSM6DSL_Read_All_FIFO_Data	56	static
lsm6dsl.c:246:6:LSM6DSL_Read_Single_FIFO_SAMPLE	16	static
lsm6dsl.c:262:6:LSM6DSL_FIFO_Set_FIFO_Mode	8	static
lsm6dsl.c:268:6:LSM6DSL_FIFO_Set_Bypass_Mode	8	static
lsm6dsl.c:274:6:LSM6DSL_FIFOMode_DISABLE	16	static
