lsm6dsl.c:76:6:LSM6DSL_ProcessHanlder	8	static
lsm6dsl.c:88:9:LSM6DSL_write	40	static
lsm6dsl.c:94:9:LSM6DSL_read	40	static
lsm6dsl.c:100:6:LSM6DSL_init	8	static
lsm6dsl.c:150:6:LSM6DSL_perSampleInit	16	static
lsm6dsl.c:183:6:LSM6DSL_perSampleProcess	48	static
lsm6dsl.c:220:6:LSM6DSL_perSampleDisable	16	static
lsm6dsl.c:232:6:LSM6DSL_FIFO_Init	16	static
lsm6dsl.c:284:6:LSM6DSL_FIFO_Process	8	static
lsm6dsl.c:289:6:LSM6DSL_FIFO_Disable	8	static
lsm6dsl.c:295:6:LSM6DSL_FIFO_Read_All_Data	24	static
lsm6dsl.c:334:6:LSM6DSL_FIFO_Acc_And_Gyro_Read_Single_SAMPLE	16	static
lsm6dsl.c:345:6:LSM6DSL_FIFO_Calc_Acc_Gyro_Avg_And_Print	48	static
lsm6dsl.c:369:6:LSM6DSL_FIFO_Set_FIFO_Mode	16	static
lsm6dsl.c:378:6:LSM6DSL_FIFO_Set_Bypass_Mode	16	static
lsm6dsl.c:389:6:LSM6DSL_FIFO_Interrupt_Enable	16	static
lsm6dsl.c:399:6:LSM6DSL_FIFO_Interrupt_Disable	16	static
lsm6dsl.c:408:6:LSM6DSL_Mode_Disable	8	static
lsm6dsl.c:415:6:LSM6DSL_getInterruptFlag	4	static
lsm6dsl.c:420:6:LSM6DSL_setInterruptFlagOn	4	static
lsm6dsl.c:425:6:LSM6DSL_setInterruptFlagOff	4	static
