lsm6dsl.c:103:6:LSM6DSL_processHanlder	8	static
lsm6dsl.c:115:9:LSM6DSL_write	40	static
lsm6dsl.c:121:9:LSM6DSL_read	40	static
lsm6dsl.c:127:6:LSM6DSL_init	8	static
lsm6dsl.c:177:6:LSM6DSL_perSampleInit	16	static
lsm6dsl.c:210:6:LSM6DSL_perSampleProcess	48	static
lsm6dsl.c:247:6:LSM6DSL_perSampleDisable	16	static
lsm6dsl.c:259:6:LSM6DSL_fifoInit	16	static
lsm6dsl.c:311:6:LSM6DSL_fifoProcess	8	static
lsm6dsl.c:316:6:LSM6DSL_fifoDisable	8	static
lsm6dsl.c:322:6:LSM6DSL_fifoReadAllData	24	static
lsm6dsl.c:361:6:LSM6DSL_fifoAccAndGyroReadSingleSample	16	static
lsm6dsl.c:372:6:LSM6DSL_fifoCalcAccGyroAvgAndPrint	48	static
lsm6dsl.c:396:6:LSM6DSL_fifoSetFIFOMode	16	static
lsm6dsl.c:405:6:LSM6DSL_fifoSetBypassMode	16	static
lsm6dsl.c:416:6:LSM6DSL_fifoInterruptEnable	16	static
lsm6dsl.c:426:6:LSM6DSL_fifoInterruptDisable	16	static
lsm6dsl.c:435:6:LSM6DSL_modesDisable	8	static
lsm6dsl.c:442:6:LSM6DSL_getInterruptFlag	4	static
lsm6dsl.c:447:6:LSM6DSL_setInterruptFlagOn	4	static
lsm6dsl.c:452:6:LSM6DSL_setInterruptFlagOff	4	static
