lsm6dsl.c:15:9:LSM6DSL_Write	40	static
lsm6dsl.c:21:9:LSM6DSL_Read	40	static
lsm6dsl.c:27:6:LSM6DSL_Init	8	static
lsm6dsl.c:77:6:LSM6DSL_Per_Sample_Init	16	static
lsm6dsl.c:110:6:LSM6DSL_Per_Sample_Process	48	static
lsm6dsl.c:147:6:LSM6DSL_Per_Sample_Disable	16	static
lsm6dsl.c:159:6:LSM6DSL_FIFO_Init	16	static
lsm6dsl.c:211:6:LSM6DSL_FIFO_Process	8	static
lsm6dsl.c:216:6:LSM6DSL_FIFO_Disable	8	static
lsm6dsl.c:222:6:LSM6DSL_FIFO_Read_All_Data	24	static
lsm6dsl.c:283:6:LSM6DSL_FIFO_Acc_And_Gyro_Read_Single_SAMPLE	16	static
lsm6dsl.c:294:6:LSM6DSL_FIFO_Calc_Acc_Gyro_Avg_And_Print	48	static
lsm6dsl.c:318:6:LSM6DSL_FIFO_Set_FIFO_Mode	16	static
lsm6dsl.c:327:6:LSM6DSL_FIFO_Set_Bypass_Mode	16	static
lsm6dsl.c:338:6:LSM6DSL_FIFO_Interrupt_Enable	16	static
lsm6dsl.c:348:6:LSM6DSL_FIFO_Interrupt_Disable	16	static
lsm6dsl.c:357:6:LSM6DSL_Mode_Disable	8	static
