lsm6dsl.c:114:6:StartLsm6dslTask	32	static
lsm6dsl.c:138:6:LSM6DSL_init	48	static
lsm6dsl.c:152:13:LSM6DSL_config	8	static
lsm6dsl.c:207:13:LSM6DSL_processHanlder	8	static
lsm6dsl.c:224:16:LSM6DSL_write	40	static
lsm6dsl.c:235:16:LSM6DSL_read	40	static
lsm6dsl.c:246:6:LSM6DSL_perSampleInit	16	static
lsm6dsl.c:283:13:LSM6DSL_perSampleProcess	48	static
lsm6dsl.c:325:13:LSM6DSL_perSampleDisable	16	static
lsm6dsl.c:342:6:LSM6DSL_fifoInit	16	static
lsm6dsl.c:399:13:LSM6DSL_fifoProcess	8	static
lsm6dsl.c:409:13:LSM6DSL_fifoDisable	8	static
lsm6dsl.c:420:13:LSM6DSL_fifoReadAllData	24	static
lsm6dsl.c:464:13:LSM6DSL_fifoAccAndGyroReadSingleSample	16	static
lsm6dsl.c:480:13:LSM6DSL_fifoCalcAccGyroAvgAndPrint	48	static
lsm6dsl.c:511:13:LSM6DSL_fifoSetFIFOMode	16	static
lsm6dsl.c:525:13:LSM6DSL_fifoSetBypassMode	16	static
lsm6dsl.c:541:13:LSM6DSL_fifoInterruptEnable	16	static
lsm6dsl.c:556:13:LSM6DSL_fifoInterruptDisable	16	static
lsm6dsl.c:570:6:LSM6DSL_modesDisable	8	static
