lsm6dsl.c:102:6:LSM6DSL_processHanlder	8	static
lsm6dsl.c:114:16:LSM6DSL_write	40	static
lsm6dsl.c:120:16:LSM6DSL_read	40	static
lsm6dsl.c:126:6:LSM6DSL_init	8	static
lsm6dsl.c:176:6:LSM6DSL_perSampleInit	16	static
lsm6dsl.c:208:13:LSM6DSL_perSampleProcess	48	static
lsm6dsl.c:245:13:LSM6DSL_perSampleDisable	16	static
lsm6dsl.c:257:6:LSM6DSL_fifoInit	16	static
lsm6dsl.c:309:13:LSM6DSL_fifoProcess	8	static
lsm6dsl.c:314:13:LSM6DSL_fifoDisable	8	static
lsm6dsl.c:320:13:LSM6DSL_fifoReadAllData	24	static
lsm6dsl.c:359:13:LSM6DSL_fifoAccAndGyroReadSingleSample	16	static
lsm6dsl.c:370:13:LSM6DSL_fifoCalcAccGyroAvgAndPrint	48	static
lsm6dsl.c:396:13:LSM6DSL_fifoSetFIFOMode	16	static
lsm6dsl.c:405:13:LSM6DSL_fifoSetBypassMode	16	static
lsm6dsl.c:416:13:LSM6DSL_fifoInterruptEnable	16	static
lsm6dsl.c:426:13:LSM6DSL_fifoInterruptDisable	16	static
lsm6dsl.c:435:6:LSM6DSL_modesDisable	8	static
lsm6dsl.c:442:6:LSM6DSL_getInterruptFlag	4	static
lsm6dsl.c:447:6:LSM6DSL_setInterruptFlagOn	4	static
lsm6dsl.c:452:6:LSM6DSL_setInterruptFlagOff	4	static
