lsm6dsl.c:17:6:LSM6DSL_ProcessHanlder	8	static
lsm6dsl.c:29:9:LSM6DSL_write	40	static
lsm6dsl.c:35:9:LSM6DSL_read	40	static
lsm6dsl.c:41:6:LSM6DSL_init	8	static
lsm6dsl.c:91:6:LSM6DSL_perSampleInit	16	static
lsm6dsl.c:124:6:LSM6DSL_perSampleProcess	48	static
lsm6dsl.c:161:6:LSM6DSL_perSampleDisable	16	static
lsm6dsl.c:173:6:LSM6DSL_FIFO_Init	16	static
lsm6dsl.c:225:6:LSM6DSL_FIFO_Process	8	static
lsm6dsl.c:230:6:LSM6DSL_FIFO_Disable	8	static
lsm6dsl.c:236:6:LSM6DSL_FIFO_Read_All_Data	24	static
lsm6dsl.c:275:6:LSM6DSL_FIFO_Acc_And_Gyro_Read_Single_SAMPLE	16	static
lsm6dsl.c:286:6:LSM6DSL_FIFO_Calc_Acc_Gyro_Avg_And_Print	48	static
lsm6dsl.c:310:6:LSM6DSL_FIFO_Set_FIFO_Mode	16	static
lsm6dsl.c:319:6:LSM6DSL_FIFO_Set_Bypass_Mode	16	static
lsm6dsl.c:330:6:LSM6DSL_FIFO_Interrupt_Enable	16	static
lsm6dsl.c:340:6:LSM6DSL_FIFO_Interrupt_Disable	16	static
lsm6dsl.c:349:6:LSM6DSL_Mode_Disable	8	static
