lsm6dsl.c:107:6:LSM6DSL_processHanlder	8	static
lsm6dsl.c:124:16:LSM6DSL_write	40	static
lsm6dsl.c:135:16:LSM6DSL_read	40	static
lsm6dsl.c:146:6:LSM6DSL_init	8	static
lsm6dsl.c:201:6:LSM6DSL_perSampleInit	16	static
lsm6dsl.c:238:13:LSM6DSL_perSampleProcess	48	static
lsm6dsl.c:280:13:LSM6DSL_perSampleDisable	16	static
lsm6dsl.c:297:6:LSM6DSL_fifoInit	16	static
lsm6dsl.c:354:13:LSM6DSL_fifoProcess	8	static
lsm6dsl.c:364:13:LSM6DSL_fifoDisable	8	static
lsm6dsl.c:375:13:LSM6DSL_fifoReadAllData	24	static
lsm6dsl.c:419:13:LSM6DSL_fifoAccAndGyroReadSingleSample	16	static
lsm6dsl.c:435:13:LSM6DSL_fifoCalcAccGyroAvgAndPrint	48	static
lsm6dsl.c:466:13:LSM6DSL_fifoSetFIFOMode	16	static
lsm6dsl.c:480:13:LSM6DSL_fifoSetBypassMode	16	static
lsm6dsl.c:496:13:LSM6DSL_fifoInterruptEnable	16	static
lsm6dsl.c:511:13:LSM6DSL_fifoInterruptDisable	16	static
lsm6dsl.c:525:6:LSM6DSL_modesDisable	8	static
lsm6dsl.c:537:6:LSM6DSL_getInterruptFlag	4	static
lsm6dsl.c:547:6:LSM6DSL_setInterruptFlagOn	4	static
lsm6dsl.c:557:6:LSM6DSL_setInterruptFlagOff	4	static
