core_cm4.h:1939:34:__NVIC_SystemReset	4	static,ignoring_inline_asm
main.c:101:5:main	216	static
main.c:190:6:SystemClock_Config	112	static
main.c:244:13:MX_CRC_Init	8	static
main.c:270:13:MX_I2C1_Init	8	static
main.c:304:13:MX_IWDG_Init	8	static
main.c:340:6:MX_RTC_Init	72	static
main.c:427:13:MX_TIM3_Init	64	static
main.c:486:13:MX_USART2_UART_Init	8	static
main.c:517:13:MX_DMA_Init	16	static
main.c:538:13:MX_GPIO_Init	40	static
main.c:571:6:HAL_UART_TxCpltCallback	16	static
main.c:581:6:HAL_UART_RxCpltCallback	16	static
main.c:617:6:HAL_GPIO_EXTI_Callback	16	static
main.c:630:6:HAL_RTC_AlarmAEventCallback	16	static
main.c:640:6:uart_rx_ready_command_handler	8	static
main.c:648:6:whichCommand	16	static
main.c:663:6:uart_print	16	static
main.c:677:6:kickDog	8	static
main.c:688:6:Error_Handler	8	static
main.c:705:6:assert_failed	24	static
