core_cm4.h:1939:34:__NVIC_SystemReset	4	static,ignoring_inline_asm
main.c:98:5:main	216	static
main.c:193:6:SystemClock_Config	112	static
main.c:247:13:MX_CRC_Init	8	static
main.c:273:13:MX_I2C1_Init	8	static
main.c:307:13:MX_IWDG_Init	8	static
main.c:343:6:MX_RTC_Init	72	static
main.c:436:13:MX_TIM3_Init	64	static
main.c:495:13:MX_USART2_UART_Init	8	static
main.c:526:13:MX_DMA_Init	16	static
main.c:547:13:MX_GPIO_Init	40	static
main.c:580:6:HAL_UART_TxCpltCallback	16	static
main.c:590:6:HAL_UART_RxCpltCallback	16	static
main.c:626:6:HAL_GPIO_EXTI_Callback	16	static
main.c:639:6:HAL_RTC_AlarmAEventCallback	16	static
main.c:649:6:uart_rx_ready_command_handler	8	static
main.c:657:6:whichCommand	16	static
main.c:672:6:uart_print	16	static
main.c:691:6:Error_Handler	8	static
main.c:708:6:assert_failed	24	static
