stm32f4xx_it.c:75:6:NMI_Handler	4	static
stm32f4xx_it.c:88:6:HardFault_Handler	4	static
stm32f4xx_it.c:103:6:MemManage_Handler	4	static
stm32f4xx_it.c:118:6:BusFault_Handler	4	static
stm32f4xx_it.c:133:6:UsageFault_Handler	4	static
stm32f4xx_it.c:148:6:SVC_Handler	4	static
stm32f4xx_it.c:161:6:DebugMon_Handler	4	static
stm32f4xx_it.c:174:6:PendSV_Handler	4	static
stm32f4xx_it.c:187:6:SysTick_Handler	4	static
stm32f4xx_it.c:208:6:RTC_WKUP_IRQHandler	8	static
stm32f4xx_it.c:222:6:DMA1_Stream5_IRQHandler	8	static
stm32f4xx_it.c:236:6:DMA1_Stream6_IRQHandler	8	static
stm32f4xx_it.c:250:6:EXTI9_5_IRQHandler	8	static
stm32f4xx_it.c:264:6:USART2_IRQHandler	8	static
stm32f4xx_it.c:278:6:EXTI15_10_IRQHandler	8	static
stm32f4xx_it.c:292:6:RTC_Alarm_IRQHandler	8	static
stm32f4xx_it.c:306:6:TIM5_IRQHandler	8	static
