Archive member included to satisfy reference by file (symbol)

c:/st/stm32cubeide_1.3.0/stm32cubeide/plugins/com.st.stm32cube.ide.mcu.externaltools.gnu-tools-for-stm32.7-2018-q2-update.win32_1.0.0.201904181610/tools/bin/../lib/gcc/arm-none-eabi/7.3.1/../../../../arm-none-eabi/lib/thumb/v7e-m/fpv4-sp/hard\libc_nano.a(lib_a-atoi.o)
                              Src/Commands.o (atoi)
c:/st/stm32cubeide_1.3.0/stm32cubeide/plugins/com.st.stm32cube.ide.mcu.externaltools.gnu-tools-for-stm32.7-2018-q2-update.win32_1.0.0.201904181610/tools/bin/../lib/gcc/arm-none-eabi/7.3.1/../../../../arm-none-eabi/lib/thumb/v7e-m/fpv4-sp/hard\libc_nano.a(lib_a-errno.o)
                              Src/syscalls.o (__errno)
c:/st/stm32cubeide_1.3.0/stm32cubeide/plugins/com.st.stm32cube.ide.mcu.externaltools.gnu-tools-for-stm32.7-2018-q2-update.win32_1.0.0.201904181610/tools/bin/../lib/gcc/arm-none-eabi/7.3.1/../../../../arm-none-eabi/lib/thumb/v7e-m/fpv4-sp/hard\libc_nano.a(lib_a-exit.o)
                              c:/st/stm32cubeide_1.3.0/stm32cubeide/plugins/com.st.stm32cube.ide.mcu.externaltools.gnu-tools-for-stm32.7-2018-q2-update.win32_1.0.0.201904181610/tools/bin/../lib/gcc/arm-none-eabi/7.3.1/../../../../arm-none-eabi/lib/thumb/v7e-m/fpv4-sp/hard/crt0.o (exit)
c:/st/stm32cubeide_1.3.0/stm32cubeide/plugins/com.st.stm32cube.ide.mcu.externaltools.gnu-tools-for-stm32.7-2018-q2-update.win32_1.0.0.201904181610/tools/bin/../lib/gcc/arm-none-eabi/7.3.1/../../../../arm-none-eabi/lib/thumb/v7e-m/fpv4-sp/hard\libc_nano.a(lib_a-impure.o)
                              c:/st/stm32cubeide_1.3.0/stm32cubeide/plugins/com.st.stm32cube.ide.mcu.externaltools.gnu-tools-for-stm32.7-2018-q2-update.win32_1.0.0.201904181610/tools/bin/../lib/gcc/arm-none-eabi/7.3.1/../../../../arm-none-eabi/lib/thumb/v7e-m/fpv4-sp/hard\libc_nano.a(lib_a-exit.o) (_global_impure_ptr)
c:/st/stm32cubeide_1.3.0/stm32cubeide/plugins/com.st.stm32cube.ide.mcu.externaltools.gnu-tools-for-stm32.7-2018-q2-update.win32_1.0.0.201904181610/tools/bin/../lib/gcc/arm-none-eabi/7.3.1/../../../../arm-none-eabi/lib/thumb/v7e-m/fpv4-sp/hard\libc_nano.a(lib_a-init.o)
                              c:/st/stm32cubeide_1.3.0/stm32cubeide/plugins/com.st.stm32cube.ide.mcu.externaltools.gnu-tools-for-stm32.7-2018-q2-update.win32_1.0.0.201904181610/tools/bin/../lib/gcc/arm-none-eabi/7.3.1/../../../../arm-none-eabi/lib/thumb/v7e-m/fpv4-sp/hard/crt0.o (__libc_init_array)
c:/st/stm32cubeide_1.3.0/stm32cubeide/plugins/com.st.stm32cube.ide.mcu.externaltools.gnu-tools-for-stm32.7-2018-q2-update.win32_1.0.0.201904181610/tools/bin/../lib/gcc/arm-none-eabi/7.3.1/../../../../arm-none-eabi/lib/thumb/v7e-m/fpv4-sp/hard\libc_nano.a(lib_a-memset.o)
                              c:/st/stm32cubeide_1.3.0/stm32cubeide/plugins/com.st.stm32cube.ide.mcu.externaltools.gnu-tools-for-stm32.7-2018-q2-update.win32_1.0.0.201904181610/tools/bin/../lib/gcc/arm-none-eabi/7.3.1/../../../../arm-none-eabi/lib/thumb/v7e-m/fpv4-sp/hard/crt0.o (memset)
c:/st/stm32cubeide_1.3.0/stm32cubeide/plugins/com.st.stm32cube.ide.mcu.externaltools.gnu-tools-for-stm32.7-2018-q2-update.win32_1.0.0.201904181610/tools/bin/../lib/gcc/arm-none-eabi/7.3.1/../../../../arm-none-eabi/lib/thumb/v7e-m/fpv4-sp/hard\libc_nano.a(lib_a-nano-vfprintf_float.o)
                              (_printf_float)
c:/st/stm32cubeide_1.3.0/stm32cubeide/plugins/com.st.stm32cube.ide.mcu.externaltools.gnu-tools-for-stm32.7-2018-q2-update.win32_1.0.0.201904181610/tools/bin/../lib/gcc/arm-none-eabi/7.3.1/../../../../arm-none-eabi/lib/thumb/v7e-m/fpv4-sp/hard\libc_nano.a(lib_a-nano-vfprintf_i.o)
                              c:/st/stm32cubeide_1.3.0/stm32cubeide/plugins/com.st.stm32cube.ide.mcu.externaltools.gnu-tools-for-stm32.7-2018-q2-update.win32_1.0.0.201904181610/tools/bin/../lib/gcc/arm-none-eabi/7.3.1/../../../../arm-none-eabi/lib/thumb/v7e-m/fpv4-sp/hard\libc_nano.a(lib_a-nano-vfprintf_float.o) (_printf_common)
c:/st/stm32cubeide_1.3.0/stm32cubeide/plugins/com.st.stm32cube.ide.mcu.externaltools.gnu-tools-for-stm32.7-2018-q2-update.win32_1.0.0.201904181610/tools/bin/../lib/gcc/arm-none-eabi/7.3.1/../../../../arm-none-eabi/lib/thumb/v7e-m/fpv4-sp/hard\libc_nano.a(lib_a-sprintf.o)
                              Src/Commands.o (sprintf)
c:/st/stm32cubeide_1.3.0/stm32cubeide/plugins/com.st.stm32cube.ide.mcu.externaltools.gnu-tools-for-stm32.7-2018-q2-update.win32_1.0.0.201904181610/tools/bin/../lib/gcc/arm-none-eabi/7.3.1/../../../../arm-none-eabi/lib/thumb/v7e-m/fpv4-sp/hard\libc_nano.a(lib_a-strlen.o)
                              Src/COM.o (strlen)
c:/st/stm32cubeide_1.3.0/stm32cubeide/plugins/com.st.stm32cube.ide.mcu.externaltools.gnu-tools-for-stm32.7-2018-q2-update.win32_1.0.0.201904181610/tools/bin/../lib/gcc/arm-none-eabi/7.3.1/../../../../arm-none-eabi/lib/thumb/v7e-m/fpv4-sp/hard\libc_nano.a(lib_a-strncmp.o)
                              Src/COM.o (strncmp)
[...]
Memory Configuration

Name             Origin             Length             Attributes
RAM              0x0000000020000080 0x000000000001ff80 xrw
NOINIT           0x0000000020000000 0x0000000000000080 xrw
FLASH            0x0000000008000000 0x0000000000060000 xr
IP_CODE          0x0000000008060000 0x0000000000020000 xr
*default*        0x0000000000000000 0xffffffffffffffff

Linker script and memory map

LOAD c:/st/stm32cubeide_1.3.0/stm32cubeide/plugins/com.st.stm32cube.ide.mcu.externaltools.gnu-tools-for-stm32.7-2018-q2-update.win32_1.0.0.201904181610/tools/bin/../lib/gcc/arm-none-eabi/7.3.1/thumb/v7e-m/fpv4-sp/hard/crti.o
LOAD c:/st/stm32cubeide_1.3.0/stm32cubeide/plugins/com.st.stm32cube.ide.mcu.externaltools.gnu-tools-for-stm32.7-2018-q2-update.win32_1.0.0.201904181610/tools/bin/../lib/gcc/arm-none-eabi/7.3.1/thumb/v7e-m/fpv4-sp/hard/crtbegin.o
LOAD c:/st/stm32cubeide_1.3.0/stm32cubeide/plugins/com.st.stm32cube.ide.mcu.externaltools.gnu-tools-for-stm32.7-2018-q2-update.win32_1.0.0.201904181610/tools/bin/../lib/gcc/arm-none-eabi/7.3.1/../../../../arm-none-eabi/lib/thumb/v7e-m/fpv4-sp/hard/crt0.o
LOAD Drivers/STM32F4xx_HAL_Driver/Src/stm32f4xx_hal.o
LOAD Drivers/STM32F4xx_HAL_Driver/Src/stm32f4xx_hal_cortex.o
LOAD Drivers/STM32F4xx_HAL_Driver/Src/stm32f4xx_hal_crc.o
LOAD Drivers/STM32F4xx_HAL_Driver/Src/stm32f4xx_hal_dma.o
LOAD Drivers/STM32F4xx_HAL_Driver/Src/stm32f4xx_hal_dma_ex.o
LOAD Drivers/STM32F4xx_HAL_Driver/Src/stm32f4xx_hal_exti.o
LOAD Drivers/STM32F4xx_HAL_Driver/Src/stm32f4xx_hal_flash.o
LOAD Drivers/STM32F4xx_HAL_Driver/Src/stm32f4xx_hal_flash_ex.o
LOAD Drivers/STM32F4xx_HAL_Driver/Src/stm32f4xx_hal_flash_ramfunc.o
LOAD Drivers/STM32F4xx_HAL_Driver/Src/stm32f4xx_hal_gpio.o
LOAD Drivers/STM32F4xx_HAL_Driver/Src/stm32f4xx_hal_i2c.o
LOAD Drivers/STM32F4xx_HAL_Driver/Src/stm32f4xx_hal_i2c_ex.o
LOAD Drivers/STM32F4xx_HAL_Driver/Src/stm32f4xx_hal_iwdg.o
LOAD Drivers/STM32F4xx_HAL_Driver/Src/stm32f4xx_hal_pwr.o
LOAD Drivers/STM32F4xx_HAL_Driver/Src/stm32f4xx_hal_pwr_ex.o
LOAD Drivers/STM32F4xx_HAL_Driver/Src/stm32f4xx_hal_rcc.o
LOAD Drivers/STM32F4xx_HAL_Driver/Src/stm32f4xx_hal_rcc_ex.o
LOAD Drivers/STM32F4xx_HAL_Driver/Src/stm32f4xx_hal_rtc.o
LOAD Drivers/STM32F4xx_HAL_Driver/Src/stm32f4xx_hal_rtc_ex.o
LOAD Drivers/STM32F4xx_HAL_Driver/Src/stm32f4xx_hal_tim.o
LOAD Drivers/STM32F4xx_HAL_Driver/Src/stm32f4xx_hal_tim_ex.o
LOAD Drivers/STM32F4xx_HAL_Driver/Src/stm32f4xx_hal_uart.o
LOAD Src/COM.o
LOAD Src/Commands.o
LOAD Src/Debug.o
LOAD Src/Flash.o
LOAD Src/crc.o
LOAD Src/dma.o
LOAD Src/gpio.o
LOAD Src/i2c.o
LOAD Src/iwdg.o
LOAD Src/lsm6dsl.o
LOAD Src/lsm6dsl_reg.o
LOAD Src/main.o
LOAD Src/rtc.o
LOAD Src/stm32f4xx_hal_msp.o
LOAD Src/stm32f4xx_it.o
LOAD Src/syscalls.o
LOAD Src/sysmem.o
LOAD Src/system_stm32f4xx.o
LOAD Src/tim.o
LOAD Src/usart.o
LOAD Startup/startup_stm32f411retx.o
START GROUP
LOAD c:/st/stm32cubeide_1.3.0/stm32cubeide/plugins/com.st.stm32cube.ide.mcu.externaltools.gnu-tools-for-stm32.7-2018-q2-update.win32_1.0.0.201904181610/tools/bin/../lib/gcc/arm-none-eabi/7.3.1/../../../../arm-none-eabi/lib/thumb/v7e-m/fpv4-sp/hard\libc_nano.a
LOAD c:/st/stm32cubeide_1.3.0/stm32cubeide/plugins/com.st.stm32cube.ide.mcu.externaltools.gnu-tools-for-stm32.7-2018-q2-update.win32_1.0.0.201904181610/tools/bin/../lib/gcc/arm-none-eabi/7.3.1/../../../../arm-none-eabi/lib/thumb/v7e-m/fpv4-sp/hard\libm.a
END GROUP
START GROUP
LOAD c:/st/stm32cubeide_1.3.0/stm32cubeide/plugins/com.st.stm32cube.ide.mcu.externaltools.gnu-tools-for-stm32.7-2018-q2-update.win32_1.0.0.201904181610/tools/bin/../lib/gcc/arm-none-eabi/7.3.1/thumb/v7e-m/fpv4-sp/hard\libgcc.a
LOAD c:/st/stm32cubeide_1.3.0/stm32cubeide/plugins/com.st.stm32cube.ide.mcu.externaltools.gnu-tools-for-stm32.7-2018-q2-update.win32_1.0.0.201904181610/tools/bin/../lib/gcc/arm-none-eabi/7.3.1/../../../../arm-none-eabi/lib/thumb/v7e-m/fpv4-sp/hard\libc_nano.a
END GROUP
START GROUP
LOAD c:/st/stm32cubeide_1.3.0/stm32cubeide/plugins/com.st.stm32cube.ide.mcu.externaltools.gnu-tools-for-stm32.7-2018-q2-update.win32_1.0.0.201904181610/tools/bin/../lib/gcc/arm-none-eabi/7.3.1/thumb/v7e-m/fpv4-sp/hard\libgcc.a
LOAD c:/st/stm32cubeide_1.3.0/stm32cubeide/plugins/com.st.stm32cube.ide.mcu.externaltools.gnu-tools-for-stm32.7-2018-q2-update.win32_1.0.0.201904181610/tools/bin/../lib/gcc/arm-none-eabi/7.3.1/../../../../arm-none-eabi/lib/thumb/v7e-m/fpv4-sp/hard\libc_nano.a
LOAD c:/st/stm32cubeide_1.3.0/stm32cubeide/plugins/com.st.stm32cube.ide.mcu.externaltools.gnu-tools-for-stm32.7-2018-q2-update.win32_1.0.0.201904181610/tools/bin/../lib/gcc/arm-none-eabi/7.3.1/../../../../arm-none-eabi/lib/thumb/v7e-m/fpv4-sp/hard\libnosys.a
END GROUP
START GROUP
LOAD c:/st/stm32cubeide_1.3.0/stm32cubeide/plugins/com.st.stm32cube.ide.mcu.externaltools.gnu-tools-for-stm32.7-2018-q2-update.win32_1.0.0.201904181610/tools/bin/../lib/gcc/arm-none-eabi/7.3.1/thumb/v7e-m/fpv4-sp/hard\libgcc.a
LOAD c:/st/stm32cubeide_1.3.0/stm32cubeide/plugins/com.st.stm32cube.ide.mcu.externaltools.gnu-tools-for-stm32.7-2018-q2-update.win32_1.0.0.201904181610/tools/bin/../lib/gcc/arm-none-eabi/7.3.1/../../../../arm-none-eabi/lib/thumb/v7e-m/fpv4-sp/hard\libc_nano.a
LOAD c:/st/stm32cubeide_1.3.0/stm32cubeide/plugins/com.st.stm32cube.ide.mcu.externaltools.gnu-tools-for-stm32.7-2018-q2-update.win32_1.0.0.201904181610/tools/bin/../lib/gcc/arm-none-eabi/7.3.1/../../../../arm-none-eabi/lib/thumb/v7e-m/fpv4-sp/hard\libnosys.a
END GROUP
LOAD c:/st/stm32cubeide_1.3.0/stm32cubeide/plugins/com.st.stm32cube.ide.mcu.externaltools.gnu-tools-for-stm32.7-2018-q2-update.win32_1.0.0.201904181610/tools/bin/../lib/gcc/arm-none-eabi/7.3.1/thumb/v7e-m/fpv4-sp/hard/crtend.o
LOAD c:/st/stm32cubeide_1.3.0/stm32cubeide/plugins/com.st.stm32cube.ide.mcu.externaltools.gnu-tools-for-stm32.7-2018-q2-update.win32_1.0.0.201904181610/tools/bin/../lib/gcc/arm-none-eabi/7.3.1/thumb/v7e-m/fpv4-sp/hard/crtn.o
                0x0000000020020000                _estack = (ORIGIN (RAM) + LENGTH (RAM))
                0x0000000000000200                _Min_Heap_Size = 0x200
                0x0000000000000400                _Min_Stack_Size = 0x400

.isr_vector     0x0000000008000000      0x198
                0x0000000008000000                . = ALIGN (0x4)
 *(.isr_vector)
 .isr_vector    0x0000000008000000      0x198 Startup/startup_stm32f411retx.o
                0x0000000008000000                g_pfnVectors
                0x0000000008000198                . = ALIGN (0x4)

.text           0x00000000080001a0     0xdac8
                0x00000000080001a0                . = ALIGN (0x4)
 *(.text)
 .text          0x00000000080001a0       0x40 c:/st/stm32cubeide_1.3.0/stm32cubeide/plugins/com.st.stm32cube.ide.mcu.externaltools.gnu-tools-for-stm32.7-2018-q2-update.win32_1.0.0.201904181610/tools/bin/../lib/gcc/arm-none-eabi/7.3.1/thumb/v7e-m/fpv4-sp/hard/crtbegin.o
 .text          0x00000000080001e0       0x10 c:/st/stm32cubeide_1.3.0/stm32cubeide/plugins/com.st.stm32cube.ide.mcu.externaltools.gnu-tools-for-stm32.7-2018-q2-update.win32_1.0.0.201904181610/tools/bin/../lib/gcc/arm-none-eabi/7.3.1/../../../../arm-none-eabi/lib/thumb/v7e-m/fpv4-sp/hard\libc_nano.a(lib_a-strlen.o)
                0x00000000080001e0                strlen
 .text          0x00000000080001f0       0xa0 c:/st/stm32cubeide_1.3.0/stm32cubeide/plugins/com.st.stm32cube.ide.mcu.externaltools.gnu-tools-for-stm32.7-2018-q2-update.win32_1.0.0.201904181610/tools/bin/../lib/gcc/arm-none-eabi/7.3.1/../../../../arm-none-eabi/lib/thumb/v7e-m/fpv4-sp/hard\libc_nano.a(lib_a-memchr.o)
                0x00000000080001f0                memchr
 .text          0x0000000008000290      0x378 c:/st/stm32cubeide_1.3.0/stm32cubeide/plugins/com.st.stm32cube.ide.mcu.externaltools.gnu-tools-for-stm32.7-2018-q2-update.win32_1.0.0.201904181610/tools/bin/../lib/gcc/arm-none-eabi/7.3.1/thumb/v7e-m/fpv4-sp/hard\libgcc.a(_arm_addsubdf3.o)
                0x0000000008000290                __aeabi_drsub
                0x0000000008000298                __aeabi_dsub
                0x0000000008000298                __subdf3
                0x000000000800029c                __aeabi_dadd
                0x000000000800029c                __adddf3
                0x0000000008000514                __floatunsidf
                0x0000000008000514                __aeabi_ui2d
                0x0000000008000534                __floatsidf
                0x0000000008000534                __aeabi_i2d
                0x0000000008000558                __aeabi_f2d
                0x0000000008000558                __extendsfdf2
                0x000000000800059c                __floatundidf
                0x000000000800059c                __aeabi_ul2d
                0x00000000080005ac                __floatdidf
                0x00000000080005ac                __aeabi_l2d
 .text          0x0000000008000608      0x424 c:/st/stm32cubeide_1.3.0/stm32cubeide/plugins/com.st.stm32cube.ide.mcu.externaltools.gnu-tools-for-stm32.7-2018-q2-update.win32_1.0.0.201904181610/tools/bin/../lib/gcc/arm-none-eabi/7.3.1/thumb/v7e-m/fpv4-sp/hard\libgcc.a(_arm_muldivdf3.o)
                0x0000000008000608                __aeabi_dmul
                0x0000000008000608                __muldf3
                0x000000000800085c                __divdf3
                0x000000000800085c                __aeabi_ddiv
 .text          0x0000000008000a2c      0x110 c:/st/stm32cubeide_1.3.0/stm32cubeide/plugins/com.st.stm32cube.ide.mcu.externaltools.gnu-tools-for-stm32.7-2018-q2-update.win32_1.0.0.201904181610/tools/bin/../lib/gcc/arm-none-eabi/7.3.1/thumb/v7e-m/fpv4-sp/hard\libgcc.a(_arm_cmpdf2.o)
                0x0000000008000a2c                __gtdf2
                0x0000000008000a2c                __gedf2
                0x0000000008000a34                __ltdf2
                0x0000000008000a34                __ledf2
                0x0000000008000a3c                __nedf2
                0x0000000008000a3c                __eqdf2
                0x0000000008000a3c                __cmpdf2
                0x0000000008000ab8                __aeabi_cdrcmple
                0x0000000008000ac8                __aeabi_cdcmpeq
                0x0000000008000ac8                __aeabi_cdcmple
                0x0000000008000ad8                __aeabi_dcmpeq
                0x0000000008000aec                __aeabi_dcmplt
                0x0000000008000b00                __aeabi_dcmple
                0x0000000008000b14                __aeabi_dcmpge
                0x0000000008000b28                __aeabi_dcmpgt
 .text          0x0000000008000b3c       0x2c c:/st/stm32cubeide_1.3.0/stm32cubeide/plugins/com.st.stm32cube.ide.mcu.externaltools.gnu-tools-for-stm32.7-2018-q2-update.win32_1.0.0.201904181610/tools/bin/../lib/gcc/arm-none-eabi/7.3.1/thumb/v7e-m/fpv4-sp/hard\libgcc.a(_arm_unorddf2.o)
                0x0000000008000b3c                __unorddf2
                0x0000000008000b3c                __aeabi_dcmpun
 .text          0x0000000008000b68       0x50 c:/st/stm32cubeide_1.3.0/stm32cubeide/plugins/com.st.stm32cube.ide.mcu.externaltools.gnu-tools-for-stm32.7-2018-q2-update.win32_1.0.0.201904181610/tools/bin/../lib/gcc/arm-none-eabi/7.3.1/thumb/v7e-m/fpv4-sp/hard\libgcc.a(_arm_fixdfsi.o)
                0x0000000008000b68                __aeabi_d2iz
                0x0000000008000b68                __fixdfsi
 .text          0x0000000008000bb8       0x30 c:/st/stm32cubeide_1.3.0/stm32cubeide/plugins/com.st.stm32cube.ide.mcu.externaltools.gnu-tools-for-stm32.7-2018-q2-update.win32_1.0.0.201904181610/tools/bin/../lib/gcc/arm-none-eabi/7.3.1/thumb/v7e-m/fpv4-sp/hard\libgcc.a(_aeabi_uldivmod.o)
                0x0000000008000bb8                __aeabi_uldivmod
 .text          0x0000000008000be8      0x2cc c:/st/stm32cubeide_1.3.0/stm32cubeide/plugins/com.st.stm32cube.ide.mcu.externaltools.gnu-tools-for-stm32.7-2018-q2-update.win32_1.0.0.201904181610/tools/bin/../lib/gcc/arm-none-eabi/7.3.1/thumb/v7e-m/fpv4-sp/hard\libgcc.a(_udivmoddi4.o)
                0x0000000008000be8                __udivmoddi4
 .text          0x0000000008000eb4        0x4 c:/st/stm32cubeide_1.3.0/stm32cubeide/plugins/com.st.stm32cube.ide.mcu.externaltools.gnu-tools-for-stm32.7-2018-q2-update.win32_1.0.0.201904181610/tools/bin/../lib/gcc/arm-none-eabi/7.3.1/thumb/v7e-m/fpv4-sp/hard\libgcc.a(_dvmd_tls.o)
                0x0000000008000eb4                __aeabi_idiv0
                0x0000000008000eb4                __aeabi_ldiv0
 *(.text*)
 .text.HAL_Init
                0x0000000008000eb8       0x44 Drivers/STM32F4xx_HAL_Driver/Src/stm32f4xx_hal.o
                0x0000000008000eb8                HAL_Init
 .text.HAL_InitTick
                0x0000000008000efc       0x60 Drivers/STM32F4xx_HAL_Driver/Src/stm32f4xx_hal.o
                0x0000000008000efc                HAL_InitTick
 .text.HAL_IncTick
                0x0000000008000f5c       0x28 Drivers/STM32F4xx_HAL_Driver/Src/stm32f4xx_hal.o
                0x0000000008000f5c                HAL_IncTick
 .text.HAL_GetTick
                0x0000000008000f84       0x18 Drivers/STM32F4xx_HAL_Driver/Src/stm32f4xx_hal.o
                0x0000000008000f84                HAL_GetTick
 .text.HAL_Delay
                0x0000000008000f9c       0x44 Drivers/STM32F4xx_HAL_Driver/Src/stm32f4xx_hal.o
                0x0000000008000f9c                HAL_Delay
 .text.HAL_SuspendTick
                0x0000000008000fe0       0x20 Drivers/STM32F4xx_HAL_Driver/Src/stm32f4xx_hal.o
                0x0000000008000fe0                HAL_SuspendTick
 .text.HAL_ResumeTick
                0x0000000008001000       0x20 Drivers/STM32F4xx_HAL_Driver/Src/stm32f4xx_hal.o
                0x0000000008001000                HAL_ResumeTick
 .text.__NVIC_SetPriorityGrouping
                0x0000000008001020       0x48 Drivers/STM32F4xx_HAL_Driver/Src/stm32f4xx_hal_cortex.o
 .text.__NVIC_GetPriorityGrouping
                0x0000000008001068       0x1c Drivers/STM32F4xx_HAL_Driver/Src/stm32f4xx_hal_cortex.o
 .text.__NVIC_EnableIRQ
                0x0000000008001084       0x3c Drivers/STM32F4xx_HAL_Driver/Src/stm32f4xx_hal_cortex.o
 .text.__NVIC_SetPriority
                0x00000000080010c0       0x54 Drivers/STM32F4xx_HAL_Driver/Src/stm32f4xx_hal_cortex.o
 .text.NVIC_EncodePriority
                0x0000000008001114       0x66 Drivers/STM32F4xx_HAL_Driver/Src/stm32f4xx_hal_cortex.o
 *fill*         0x000000000800117a        0x2 
 .text.SysTick_Config
                0x000000000800117c       0x44 Drivers/STM32F4xx_HAL_Driver/Src/stm32f4xx_hal_cortex.o
 .text.HAL_NVIC_SetPriorityGrouping
                0x00000000080011c0       0x40 Drivers/STM32F4xx_HAL_Driver/Src/stm32f4xx_hal_cortex.o
                0x00000000080011c0                HAL_NVIC_SetPriorityGrouping
 .text.HAL_NVIC_SetPriority
                0x0000000008001200       0x58 Drivers/STM32F4xx_HAL_Driver/Src/stm32f4xx_hal_cortex.o
                0x0000000008001200                HAL_NVIC_SetPriority
 .text.HAL_NVIC_EnableIRQ
                0x0000000008001258       0x30 Drivers/STM32F4xx_HAL_Driver/Src/stm32f4xx_hal_cortex.o
                0x0000000008001258                HAL_NVIC_EnableIRQ
 .text.HAL_SYSTICK_Config
                0x0000000008001288       0x18 Drivers/STM32F4xx_HAL_Driver/Src/stm32f4xx_hal_cortex.o
                0x0000000008001288                HAL_SYSTICK_Config
 .text.HAL_CRC_Init
                0x00000000080012a0       0x54 Drivers/STM32F4xx_HAL_Driver/Src/stm32f4xx_hal_crc.o
                0x00000000080012a0                HAL_CRC_Init
 .text.HAL_CRC_Calculate
                0x00000000080012f4       0x66 Drivers/STM32F4xx_HAL_Driver/Src/stm32f4xx_hal_crc.o
                0x00000000080012f4                HAL_CRC_Calculate
 *fill*         0x000000000800135a        0x2 
 .text.HAL_DMA_Init
                0x000000000800135c      0x438 Drivers/STM32F4xx_HAL_Driver/Src/stm32f4xx_hal_dma.o
                0x000000000800135c                HAL_DMA_Init
 .text.HAL_DMA_Start_IT
                0x0000000008001794       0xcc Drivers/STM32F4xx_HAL_Driver/Src/stm32f4xx_hal_dma.o
                0x0000000008001794                HAL_DMA_Start_IT
 .text.HAL_DMA_Abort_IT
                0x0000000008001860       0x44 Drivers/STM32F4xx_HAL_Driver/Src/stm32f4xx_hal_dma.o
                0x0000000008001860                HAL_DMA_Abort_IT
 .text.HAL_DMA_IRQHandler
                0x00000000080018a4      0x314 Drivers/STM32F4xx_HAL_Driver/Src/stm32f4xx_hal_dma.o
                0x00000000080018a4                HAL_DMA_IRQHandler
 .text.DMA_SetConfig
                0x0000000008001bb8       0x5c Drivers/STM32F4xx_HAL_Driver/Src/stm32f4xx_hal_dma.o
 .text.DMA_CalcBaseAndBitshift
                0x0000000008001c14       0x6c Drivers/STM32F4xx_HAL_Driver/Src/stm32f4xx_hal_dma.o
 .text.DMA_CheckFifoParam
                0x0000000008001c80       0xf4 Drivers/STM32F4xx_HAL_Driver/Src/stm32f4xx_hal_dma.o
 .text.HAL_FLASH_Program
                0x0000000008001d74       0xcc Drivers/STM32F4xx_HAL_Driver/Src/stm32f4xx_hal_flash.o
                0x0000000008001d74                HAL_FLASH_Program
 .text.HAL_FLASH_Unlock
                0x0000000008001e40       0x44 Drivers/STM32F4xx_HAL_Driver/Src/stm32f4xx_hal_flash.o
                0x0000000008001e40                HAL_FLASH_Unlock
 .text.HAL_FLASH_Lock
                0x0000000008001e84       0x20 Drivers/STM32F4xx_HAL_Driver/Src/stm32f4xx_hal_flash.o
                0x0000000008001e84                HAL_FLASH_Lock
 .text.HAL_FLASH_OB_Unlock
                0x0000000008001ea4       0x38 Drivers/STM32F4xx_HAL_Driver/Src/stm32f4xx_hal_flash.o
                0x0000000008001ea4                HAL_FLASH_OB_Unlock
 .text.HAL_FLASH_OB_Lock
                0x0000000008001edc       0x20 Drivers/STM32F4xx_HAL_Driver/Src/stm32f4xx_hal_flash.o
                0x0000000008001edc                HAL_FLASH_OB_Lock
 .text.HAL_FLASH_OB_Launch
                0x0000000008001efc       0x28 Drivers/STM32F4xx_HAL_Driver/Src/stm32f4xx_hal_flash.o
                0x0000000008001efc                HAL_FLASH_OB_Launch
 .text.FLASH_WaitForLastOperation
                0x0000000008001f24       0x80 Drivers/STM32F4xx_HAL_Driver/Src/stm32f4xx_hal_flash.o
                0x0000000008001f24                FLASH_WaitForLastOperation
 .text.FLASH_Program_DoubleWord
                0x0000000008001fa4       0x98 Drivers/STM32F4xx_HAL_Driver/Src/stm32f4xx_hal_flash.o
 .text.FLASH_Program_Word
                0x000000000800203c       0x7c Drivers/STM32F4xx_HAL_Driver/Src/stm32f4xx_hal_flash.o
 .text.FLASH_Program_HalfWord
                0x00000000080020b8       0x7c Drivers/STM32F4xx_HAL_Driver/Src/stm32f4xx_hal_flash.o
 .text.FLASH_Program_Byte
                0x0000000008002134       0x78 Drivers/STM32F4xx_HAL_Driver/Src/stm32f4xx_hal_flash.o
 .text.FLASH_SetErrorCode
                0x00000000080021ac       0xcc Drivers/STM32F4xx_HAL_Driver/Src/stm32f4xx_hal_flash.o
 .text.HAL_FLASHEx_OBProgram
                0x0000000008002278      0x10c Drivers/STM32F4xx_HAL_Driver/Src/stm32f4xx_hal_flash_ex.o
                0x0000000008002278                HAL_FLASHEx_OBProgram
 .text.HAL_FLASHEx_OBGetConfig
                0x0000000008002384       0x46 Drivers/STM32F4xx_HAL_Driver/Src/stm32f4xx_hal_flash_ex.o
                0x0000000008002384                HAL_FLASHEx_OBGetConfig
 *fill*         0x00000000080023ca        0x2 
 .text.FLASH_Erase_Sector
                0x00000000080023cc       0xec Drivers/STM32F4xx_HAL_Driver/Src/stm32f4xx_hal_flash_ex.o
                0x00000000080023cc                FLASH_Erase_Sector
 .text.FLASH_OB_EnableWRP
                0x00000000080024b8       0x78 Drivers/STM32F4xx_HAL_Driver/Src/stm32f4xx_hal_flash_ex.o
 .text.FLASH_OB_DisableWRP
                0x0000000008002530       0x74 Drivers/STM32F4xx_HAL_Driver/Src/stm32f4xx_hal_flash_ex.o
 .text.FLASH_OB_RDP_LevelConfig
                0x00000000080025a4       0x54 Drivers/STM32F4xx_HAL_Driver/Src/stm32f4xx_hal_flash_ex.o
 .text.FLASH_OB_UserConfig
                0x00000000080025f8       0xa4 Drivers/STM32F4xx_HAL_Driver/Src/stm32f4xx_hal_flash_ex.o
 .text.FLASH_OB_BOR_LevelConfig
                0x000000000800269c       0x60 Drivers/STM32F4xx_HAL_Driver/Src/stm32f4xx_hal_flash_ex.o
 .text.FLASH_OB_GetUser
                0x00000000080026fc       0x20 Drivers/STM32F4xx_HAL_Driver/Src/stm32f4xx_hal_flash_ex.o
 .text.FLASH_OB_GetWRP
                0x000000000800271c       0x18 Drivers/STM32F4xx_HAL_Driver/Src/stm32f4xx_hal_flash_ex.o
 .text.FLASH_OB_GetRDP
                0x0000000008002734       0x40 Drivers/STM32F4xx_HAL_Driver/Src/stm32f4xx_hal_flash_ex.o
 .text.FLASH_OB_GetBOR
                0x0000000008002774       0x20 Drivers/STM32F4xx_HAL_Driver/Src/stm32f4xx_hal_flash_ex.o
 .text.HAL_GPIO_Init
                0x0000000008002794      0x550 Drivers/STM32F4xx_HAL_Driver/Src/stm32f4xx_hal_gpio.o
                0x0000000008002794                HAL_GPIO_Init
 .text.HAL_GPIO_WritePin
                0x0000000008002ce4       0x64 Drivers/STM32F4xx_HAL_Driver/Src/stm32f4xx_hal_gpio.o
                0x0000000008002ce4                HAL_GPIO_WritePin
 .text.HAL_GPIO_TogglePin
                0x0000000008002d48       0x50 Drivers/STM32F4xx_HAL_Driver/Src/stm32f4xx_hal_gpio.o
                0x0000000008002d48                HAL_GPIO_TogglePin
 .text.HAL_GPIO_EXTI_IRQHandler
                0x0000000008002d98       0x30 Drivers/STM32F4xx_HAL_Driver/Src/stm32f4xx_hal_gpio.o
                0x0000000008002d98                HAL_GPIO_EXTI_IRQHandler
 .text.HAL_I2C_Init
                0x0000000008002dc8      0x380 Drivers/STM32F4xx_HAL_Driver/Src/stm32f4xx_hal_i2c.o
                0x0000000008002dc8                HAL_I2C_Init
 .text.HAL_I2C_Mem_Write
                0x0000000008003148      0x20c Drivers/STM32F4xx_HAL_Driver/Src/stm32f4xx_hal_i2c.o
                0x0000000008003148                HAL_I2C_Mem_Write
 .text.HAL_I2C_Mem_Read
                0x0000000008003354      0x464 Drivers/STM32F4xx_HAL_Driver/Src/stm32f4xx_hal_i2c.o
                0x0000000008003354                HAL_I2C_Mem_Read
 .text.I2C_RequestMemoryWrite
                0x00000000080037b8      0x128 Drivers/STM32F4xx_HAL_Driver/Src/stm32f4xx_hal_i2c.o
 .text.I2C_RequestMemoryRead
                0x00000000080038e0      0x1cc Drivers/STM32F4xx_HAL_Driver/Src/stm32f4xx_hal_i2c.o
 .text.I2C_WaitOnFlagUntilTimeout
                0x0000000008003aac       0xae Drivers/STM32F4xx_HAL_Driver/Src/stm32f4xx_hal_i2c.o
 .text.I2C_WaitOnMasterAddressFlagUntilTimeout
                0x0000000008003b5a       0xfe Drivers/STM32F4xx_HAL_Driver/Src/stm32f4xx_hal_i2c.o
 .text.I2C_WaitOnTXEFlagUntilTimeout
                0x0000000008003c58       0x82 Drivers/STM32F4xx_HAL_Driver/Src/stm32f4xx_hal_i2c.o
 .text.I2C_WaitOnBTFFlagUntilTimeout
                0x0000000008003cda       0x82 Drivers/STM32F4xx_HAL_Driver/Src/stm32f4xx_hal_i2c.o
 .text.I2C_WaitOnRXNEFlagUntilTimeout
                0x0000000008003d5c       0xac Drivers/STM32F4xx_HAL_Driver/Src/stm32f4xx_hal_i2c.o
 .text.I2C_IsAcknowledgeFailed
                0x0000000008003e08       0x5e Drivers/STM32F4xx_HAL_Driver/Src/stm32f4xx_hal_i2c.o
 *fill*         0x0000000008003e66        0x2 
 .text.HAL_PWR_EnableWakeUpPin
                0x0000000008003e68       0x38 Drivers/STM32F4xx_HAL_Driver/Src/stm32f4xx_hal_pwr.o
                0x0000000008003e68                HAL_PWR_EnableWakeUpPin
 .text.HAL_PWR_DisableWakeUpPin
                0x0000000008003ea0       0x38 Drivers/STM32F4xx_HAL_Driver/Src/stm32f4xx_hal_pwr.o
                0x0000000008003ea0                HAL_PWR_DisableWakeUpPin
 .text.HAL_PWR_EnterSLEEPMode
                0x0000000008003ed8       0x64 Drivers/STM32F4xx_HAL_Driver/Src/stm32f4xx_hal_pwr.o
                0x0000000008003ed8                HAL_PWR_EnterSLEEPMode
 .text.HAL_PWR_EnterSTOPMode
                0x0000000008003f3c       0x84 Drivers/STM32F4xx_HAL_Driver/Src/stm32f4xx_hal_pwr.o
                0x0000000008003f3c                HAL_PWR_EnterSTOPMode
 .text.HAL_PWR_EnterSTANDBYMode
                0x0000000008003fc0       0x30 Drivers/STM32F4xx_HAL_Driver/Src/stm32f4xx_hal_pwr.o
                0x0000000008003fc0                HAL_PWR_EnterSTANDBYMode
 .text.HAL_RCC_OscConfig
                0x0000000008003ff0      0x640 Drivers/STM32F4xx_HAL_Driver/Src/stm32f4xx_hal_rcc.o
                0x0000000008003ff0                HAL_RCC_OscConfig
 .text.HAL_RCC_ClockConfig
                0x0000000008004630      0x31c Drivers/STM32F4xx_HAL_Driver/Src/stm32f4xx_hal_rcc.o
                0x0000000008004630                HAL_RCC_ClockConfig
 .text.HAL_RCC_GetSysClockFreq
                0x000000000800494c      0x1b0 Drivers/STM32F4xx_HAL_Driver/Src/stm32f4xx_hal_rcc.o
                0x000000000800494c                HAL_RCC_GetSysClockFreq
 .text.HAL_RCC_GetHCLKFreq
                0x0000000008004afc       0x18 Drivers/STM32F4xx_HAL_Driver/Src/stm32f4xx_hal_rcc.o
                0x0000000008004afc                HAL_RCC_GetHCLKFreq
 .text.HAL_RCC_GetPCLK1Freq
                0x0000000008004b14       0x28 Drivers/STM32F4xx_HAL_Driver/Src/stm32f4xx_hal_rcc.o
                0x0000000008004b14                HAL_RCC_GetPCLK1Freq
 .text.HAL_RCC_GetPCLK2Freq
                0x0000000008004b3c       0x28 Drivers/STM32F4xx_HAL_Driver/Src/stm32f4xx_hal_rcc.o
                0x0000000008004b3c                HAL_RCC_GetPCLK2Freq
 .text.HAL_RCCEx_PeriphCLKConfig
                0x0000000008004b64      0x428 Drivers/STM32F4xx_HAL_Driver/Src/stm32f4xx_hal_rcc_ex.o
                0x0000000008004b64                HAL_RCCEx_PeriphCLKConfig
 .text.HAL_RTC_Init
                0x0000000008004f8c      0x1cc Drivers/STM32F4xx_HAL_Driver/Src/stm32f4xx_hal_rtc.o
                0x0000000008004f8c                HAL_RTC_Init
 .text.HAL_RTC_SetTime
                0x0000000008005158      0x2d8 Drivers/STM32F4xx_HAL_Driver/Src/stm32f4xx_hal_rtc.o
                0x0000000008005158                HAL_RTC_SetTime
 .text.HAL_RTC_SetDate
                0x0000000008005430      0x260 Drivers/STM32F4xx_HAL_Driver/Src/stm32f4xx_hal_rtc.o
                0x0000000008005430                HAL_RTC_SetDate
 .text.HAL_RTC_SetAlarm_IT
                0x0000000008005690      0x5d4 Drivers/STM32F4xx_HAL_Driver/Src/stm32f4xx_hal_rtc.o
                0x0000000008005690                HAL_RTC_SetAlarm_IT
 .text.HAL_RTC_DeactivateAlarm
                0x0000000008005c64      0x138 Drivers/STM32F4xx_HAL_Driver/Src/stm32f4xx_hal_rtc.o
                0x0000000008005c64                HAL_RTC_DeactivateAlarm
 .text.HAL_RTC_AlarmIRQHandler
                0x0000000008005d9c       0x8c Drivers/STM32F4xx_HAL_Driver/Src/stm32f4xx_hal_rtc.o
                0x0000000008005d9c                HAL_RTC_AlarmIRQHandler
 .text.HAL_RTC_WaitForSynchro
                0x0000000008005e28       0x50 Drivers/STM32F4xx_HAL_Driver/Src/stm32f4xx_hal_rtc.o
                0x0000000008005e28                HAL_RTC_WaitForSynchro
 .text.RTC_EnterInitMode
                0x0000000008005e78       0x58 Drivers/STM32F4xx_HAL_Driver/Src/stm32f4xx_hal_rtc.o
                0x0000000008005e78                RTC_EnterInitMode
 .text.RTC_ByteToBcd2
                0x0000000008005ed0       0x3c Drivers/STM32F4xx_HAL_Driver/Src/stm32f4xx_hal_rtc.o
                0x0000000008005ed0                RTC_ByteToBcd2
 .text.RTC_Bcd2ToByte
                0x0000000008005f0c       0x3c Drivers/STM32F4xx_HAL_Driver/Src/stm32f4xx_hal_rtc.o
                0x0000000008005f0c                RTC_Bcd2ToByte
 .text.HAL_RTCEx_SetWakeUpTimer_IT
                0x0000000008005f48      0x1c0 Drivers/STM32F4xx_HAL_Driver/Src/stm32f4xx_hal_rtc_ex.o
                0x0000000008005f48                HAL_RTCEx_SetWakeUpTimer_IT
 .text.HAL_RTCEx_DeactivateWakeUpTimer
                0x0000000008006108       0xb0 Drivers/STM32F4xx_HAL_Driver/Src/stm32f4xx_hal_rtc_ex.o
                0x0000000008006108                HAL_RTCEx_DeactivateWakeUpTimer
 .text.HAL_RTCEx_WakeUpTimerIRQHandler
                0x00000000080061b8       0x48 Drivers/STM32F4xx_HAL_Driver/Src/stm32f4xx_hal_rtc_ex.o
                0x00000000080061b8                HAL_RTCEx_WakeUpTimerIRQHandler
 .text.HAL_RTCEx_WakeUpTimerEventCallback
                0x0000000008006200       0x14 Drivers/STM32F4xx_HAL_Driver/Src/stm32f4xx_hal_rtc_ex.o
                0x0000000008006200                HAL_RTCEx_WakeUpTimerEventCallback
 .text.HAL_RTCEx_AlarmBEventCallback
                0x0000000008006214       0x14 Drivers/STM32F4xx_HAL_Driver/Src/stm32f4xx_hal_rtc_ex.o
                0x0000000008006214                HAL_RTCEx_AlarmBEventCallback
 .text.HAL_TIM_Base_Init
                0x0000000008006228      0x144 Drivers/STM32F4xx_HAL_Driver/Src/stm32f4xx_hal_tim.o
                0x0000000008006228                HAL_TIM_Base_Init
 .text.HAL_TIM_PWM_Init
                0x000000000800636c      0x144 Drivers/STM32F4xx_HAL_Driver/Src/stm32f4xx_hal_tim.o
                0x000000000800636c                HAL_TIM_PWM_Init
 .text.HAL_TIM_PWM_MspInit
                0x00000000080064b0       0x14 Drivers/STM32F4xx_HAL_Driver/Src/stm32f4xx_hal_tim.o
                0x00000000080064b0                HAL_TIM_PWM_MspInit
 .text.HAL_TIM_PWM_Start
                0x00000000080064c4      0x168 Drivers/STM32F4xx_HAL_Driver/Src/stm32f4xx_hal_tim.o
                0x00000000080064c4                HAL_TIM_PWM_Start
 .text.HAL_TIM_PWM_Stop
                0x000000000800662c      0x1a0 Drivers/STM32F4xx_HAL_Driver/Src/stm32f4xx_hal_tim.o
                0x000000000800662c                HAL_TIM_PWM_Stop
 .text.HAL_TIM_PWM_ConfigChannel
                0x00000000080067cc      0x354 Drivers/STM32F4xx_HAL_Driver/Src/stm32f4xx_hal_tim.o
                0x00000000080067cc                HAL_TIM_PWM_ConfigChannel
 .text.HAL_TIM_ConfigClockSource
                0x0000000008006b20      0x5f0 Drivers/STM32F4xx_HAL_Driver/Src/stm32f4xx_hal_tim.o
                0x0000000008006b20                HAL_TIM_ConfigClockSource
 .text.TIM_Base_SetConfig
                0x0000000008007110      0x100 Drivers/STM32F4xx_HAL_Driver/Src/stm32f4xx_hal_tim.o
                0x0000000008007110                TIM_Base_SetConfig
 .text.TIM_OC1_SetConfig
                0x0000000008007210      0x120 Drivers/STM32F4xx_HAL_Driver/Src/stm32f4xx_hal_tim.o
 .text.TIM_OC2_SetConfig
                0x0000000008007330      0x128 Drivers/STM32F4xx_HAL_Driver/Src/stm32f4xx_hal_tim.o
                0x0000000008007330                TIM_OC2_SetConfig
 .text.TIM_OC3_SetConfig
                0x0000000008007458      0x128 Drivers/STM32F4xx_HAL_Driver/Src/stm32f4xx_hal_tim.o
 .text.TIM_OC4_SetConfig
                0x0000000008007580       0xbc Drivers/STM32F4xx_HAL_Driver/Src/stm32f4xx_hal_tim.o
 .text.TIM_TI1_ConfigInputStage
                0x000000000800763c       0x5e Drivers/STM32F4xx_HAL_Driver/Src/stm32f4xx_hal_tim.o
 .text.TIM_TI2_ConfigInputStage
                0x000000000800769a       0x60 Drivers/STM32F4xx_HAL_Driver/Src/stm32f4xx_hal_tim.o
 .text.TIM_ITRx_SetConfig
                0x00000000080076fa       0x36 Drivers/STM32F4xx_HAL_Driver/Src/stm32f4xx_hal_tim.o
 .text.TIM_ETR_SetConfig
                0x0000000008007730       0x40 Drivers/STM32F4xx_HAL_Driver/Src/stm32f4xx_hal_tim.o
                0x0000000008007730                TIM_ETR_SetConfig
 .text.TIM_CCxChannelCmd
                0x0000000008007770       0xd8 Drivers/STM32F4xx_HAL_Driver/Src/stm32f4xx_hal_tim.o
                0x0000000008007770                TIM_CCxChannelCmd
 .text.HAL_TIMEx_MasterConfigSynchronization
                0x0000000008007848      0x17c Drivers/STM32F4xx_HAL_Driver/Src/stm32f4xx_hal_tim_ex.o
                0x0000000008007848                HAL_TIMEx_MasterConfigSynchronization
 .text.HAL_UART_Init
                0x00000000080079c4      0x16c Drivers/STM32F4xx_HAL_Driver/Src/stm32f4xx_hal_uart.o
                0x00000000080079c4                HAL_UART_Init
 .text.HAL_UART_Transmit_DMA
                0x0000000008007b30       0xd8 Drivers/STM32F4xx_HAL_Driver/Src/stm32f4xx_hal_uart.o
                0x0000000008007b30                HAL_UART_Transmit_DMA
 .text.HAL_UART_Receive_DMA
                0x0000000008007c08      0x100 Drivers/STM32F4xx_HAL_Driver/Src/stm32f4xx_hal_uart.o
                0x0000000008007c08                HAL_UART_Receive_DMA
 .text.HAL_UART_IRQHandler
                0x0000000008007d08      0x200 Drivers/STM32F4xx_HAL_Driver/Src/stm32f4xx_hal_uart.o
                0x0000000008007d08                HAL_UART_IRQHandler
 .text.HAL_UART_TxHalfCpltCallback
                0x0000000008007f08       0x14 Drivers/STM32F4xx_HAL_Driver/Src/stm32f4xx_hal_uart.o
                0x0000000008007f08                HAL_UART_TxHalfCpltCallback
 .text.HAL_UART_RxHalfCpltCallback
                0x0000000008007f1c       0x14 Drivers/STM32F4xx_HAL_Driver/Src/stm32f4xx_hal_uart.o
                0x0000000008007f1c                HAL_UART_RxHalfCpltCallback
 .text.HAL_UART_ErrorCallback
                0x0000000008007f30       0x14 Drivers/STM32F4xx_HAL_Driver/Src/stm32f4xx_hal_uart.o
                0x0000000008007f30                HAL_UART_ErrorCallback
 .text.UART_DMATransmitCplt
                0x0000000008007f44       0x52 Drivers/STM32F4xx_HAL_Driver/Src/stm32f4xx_hal_uart.o
 .text.UART_DMATxHalfCplt
                0x0000000008007f96       0x1c Drivers/STM32F4xx_HAL_Driver/Src/stm32f4xx_hal_uart.o
 .text.UART_DMAReceiveCplt
                0x0000000008007fb2       0x68 Drivers/STM32F4xx_HAL_Driver/Src/stm32f4xx_hal_uart.o
 .text.UART_DMARxHalfCplt
                0x000000000800801a       0x1c Drivers/STM32F4xx_HAL_Driver/Src/stm32f4xx_hal_uart.o
 .text.UART_DMAError
                0x0000000008008036       0x94 Drivers/STM32F4xx_HAL_Driver/Src/stm32f4xx_hal_uart.o
 .text.UART_EndTxTransfer
                0x00000000080080ca       0x2c Drivers/STM32F4xx_HAL_Driver/Src/stm32f4xx_hal_uart.o
 .text.UART_EndRxTransfer
                0x00000000080080f6       0x3c Drivers/STM32F4xx_HAL_Driver/Src/stm32f4xx_hal_uart.o
 .text.UART_DMAAbortOnError
                0x0000000008008132       0x28 Drivers/STM32F4xx_HAL_Driver/Src/stm32f4xx_hal_uart.o
 .text.UART_Transmit_IT
                0x000000000800815a       0xac Drivers/STM32F4xx_HAL_Driver/Src/stm32f4xx_hal_uart.o
 .text.UART_EndTransmit_IT
                0x0000000008008206       0x30 Drivers/STM32F4xx_HAL_Driver/Src/stm32f4xx_hal_uart.o
 .text.UART_Receive_IT
                0x0000000008008236      0x102 Drivers/STM32F4xx_HAL_Driver/Src/stm32f4xx_hal_uart.o
 .text.UART_SetConfig
                0x0000000008008338      0x77c Drivers/STM32F4xx_HAL_Driver/Src/stm32f4xx_hal_uart.o
 .text.readyCommandProcess
                0x0000000008008ab4       0x30 Src/COM.o
                0x0000000008008ab4                readyCommandProcess
 .text.COM_whichCommand
                0x0000000008008ae4       0x88 Src/COM.o
                0x0000000008008ae4                COM_whichCommand
 .text.uartPrint
                0x0000000008008b6c       0x50 Src/COM.o
                0x0000000008008b6c                uartPrint
 .text.halUartReceiveDma
                0x0000000008008bbc       0x1c Src/COM.o
                0x0000000008008bbc                halUartReceiveDma
 .text.txBusyFlagEnable
                0x0000000008008bd8       0x1c Src/COM.o
                0x0000000008008bd8                txBusyFlagEnable
 .text.txBusyFlagDisable
                0x0000000008008bf4       0x1c Src/COM.o
                0x0000000008008bf4                txBusyFlagDisable
 .text.getTxBusyFlag
                0x0000000008008c10       0x18 Src/COM.o
                0x0000000008008c10                getTxBusyFlag
 .text.charHandler
                0x0000000008008c28       0x80 Src/COM.o
                0x0000000008008c28                charHandler
 .text.bufferInit
                0x0000000008008ca8       0x30 Src/COM.o
                0x0000000008008ca8                bufferInit
 .text.pingCallback
                0x0000000008008cd8       0x16 Src/Commands.o
                0x0000000008008cd8                pingCallback
 *fill*         0x0000000008008cee        0x2 
 .text.getVersionCallback
                0x0000000008008cf0       0x1c Src/Commands.o
                0x0000000008008cf0                getVersionCallback
 .text.pwmStartCallback
                0x0000000008008d0c       0x1c Src/Commands.o
                0x0000000008008d0c                pwmStartCallback
 .text.pwmStopCallback
                0x0000000008008d28       0x1c Src/Commands.o
                0x0000000008008d28                pwmStopCallback
 .text.pwmDcCallback
                0x0000000008008d44       0x50 Src/Commands.o
                0x0000000008008d44                pwmDcCallback
 .text.crcWholeFlashCalcCallback
                0x0000000008008d94       0x48 Src/Commands.o
                0x0000000008008d94                crcWholeFlashCalcCallback
 .text.iwdgTestCallback
                0x0000000008008ddc       0x14 Src/Commands.o
                0x0000000008008ddc                iwdgTestCallback
 .text.flashLockCallback
                0x0000000008008df0       0x82 Src/Commands.o
                0x0000000008008df0                flashLockCallback
 *fill*         0x0000000008008e72        0x2 
 .text.setSNCallback
                0x0000000008008e74       0x38 Src/Commands.o
                0x0000000008008e74                setSNCallback
 .text.getSNCallback
                0x0000000008008eac       0x4c Src/Commands.o
                0x0000000008008eac                getSNCallback
 .text.startTickCallback
                0x0000000008008ef8       0x6c Src/Commands.o
                0x0000000008008ef8                startTickCallback
 .text.stopTickCallback
                0x0000000008008f64       0x20 Src/Commands.o
                0x0000000008008f64                stopTickCallback
 .text.assert0Callback
                0x0000000008008f84       0x1c Src/Commands.o
                0x0000000008008f84                assert0Callback
 .text.clearAssertFlagCallback
                0x0000000008008fa0       0x14 Src/Commands.o
                0x0000000008008fa0                clearAssertFlagCallback
 .text.lsm6dslPerSampleEnableCallback
                0x0000000008008fb4       0x14 Src/Commands.o
                0x0000000008008fb4                lsm6dslPerSampleEnableCallback
 .text.lsm6dslFifoEnableCallback
                0x0000000008008fc8       0x14 Src/Commands.o
                0x0000000008008fc8                lsm6dslFifoEnableCallback
 .text.lsm6dslDisableCallback
                0x0000000008008fdc       0x14 Src/Commands.o
                0x0000000008008fdc                lsm6dslDisableCallback
 .text.enterStopModeCallback
                0x0000000008008ff0       0x14 Src/Commands.o
                0x0000000008008ff0                enterStopModeCallback
 .text.enterStandbyModeCallback
                0x0000000008009004       0x14 Src/Commands.o
                0x0000000008009004                enterStandbyModeCallback
 .text.__NVIC_SystemReset
                0x0000000008009018       0x28 Src/Debug.o
 .text.assertRecord
                0x0000000008009040       0x54 Src/Debug.o
                0x0000000008009040                assertRecord
 .text.assertMsgPrint
                0x0000000008009094       0x38 Src/Debug.o
                0x0000000008009094                assertMsgPrint
 .text.assertResetFlag
                0x00000000080090cc       0x1c Src/Debug.o
                0x00000000080090cc                assertResetFlag
 .text.printResetCause
                0x00000000080090e8       0x40 Src/Debug.o
                0x00000000080090e8                printResetCause
 .text.resetCauseGet
                0x0000000008009128       0xa4 Src/Debug.o
                0x0000000008009128                resetCauseGet
 .text.resetCauseGetName
                0x00000000080091cc       0xa0 Src/Debug.o
                0x00000000080091cc                resetCauseGetName
 .text.enterSleepMode
                0x000000000800926c       0x30 Src/Debug.o
                0x000000000800926c                enterSleepMode
 .text.enterStopMode
                0x000000000800929c       0x5c Src/Debug.o
                0x000000000800929c                enterStopMode
 .text.enterStandbyMode
                0x00000000080092f8       0x5c Src/Debug.o
                0x00000000080092f8                enterStandbyMode
 .text.wakeupStandbyMode
                0x0000000008009354       0x6c Src/Debug.o
                0x0000000008009354                wakeupStandbyMode
 .text.FlashEraseSector
                0x00000000080093c0       0x20 Src/Flash.o
 .text.flashSetSectorAddress
                0x00000000080093e0       0x2c Src/Flash.o
                0x00000000080093e0                flashSetSectorAddress
 .text.flashWriteN
                0x000000000800940c       0xe4 Src/Flash.o
                0x000000000800940c                flashWriteN
 .text.flashReadN
                0x00000000080094f0       0xb4 Src/Flash.o
                0x00000000080094f0                flashReadN
 .text.MX_CRC_Init
                0x00000000080095a4       0x28 Src/crc.o
                0x00000000080095a4                MX_CRC_Init
 .text.HAL_CRC_MspInit
                0x00000000080095cc       0x44 Src/crc.o
                0x00000000080095cc                HAL_CRC_MspInit
 .text.MX_DMA_Init
                0x0000000008009610       0x50 Src/dma.o
                0x0000000008009610                MX_DMA_Init
 .text.MX_GPIO_Init
                0x0000000008009660      0x104 Src/gpio.o
                0x0000000008009660                MX_GPIO_Init
 .text.MX_I2C1_Init
                0x0000000008009764       0x5c Src/i2c.o
                0x0000000008009764                MX_I2C1_Init
 .text.HAL_I2C_MspInit
                0x00000000080097c0       0x90 Src/i2c.o
                0x00000000080097c0                HAL_I2C_MspInit
 .text.LSM6DSL_ProcessHanlder
                0x0000000008009850       0x28 Src/lsm6dsl.o
                0x0000000008009850                LSM6DSL_ProcessHanlder
 .text.LSM6DSL_write
                0x0000000008009878       0x3a Src/lsm6dsl.o
                0x0000000008009878                LSM6DSL_write
 .text.LSM6DSL_read
                0x00000000080098b2       0x3a Src/lsm6dsl.o
                0x00000000080098b2                LSM6DSL_read
 .text.LSM6DSL_init
                0x00000000080098ec       0xc4 Src/lsm6dsl.o
                0x00000000080098ec                LSM6DSL_init
 .text.LSM6DSL_perSampleInit
                0x00000000080099b0       0x78 Src/lsm6dsl.o
                0x00000000080099b0                LSM6DSL_perSampleInit
 .text.LSM6DSL_perSampleProcess
                0x0000000008009a28      0x184 Src/lsm6dsl.o
                0x0000000008009a28                LSM6DSL_perSampleProcess
 .text.LSM6DSL_perSampleDisable
                0x0000000008009bac       0x34 Src/lsm6dsl.o
                0x0000000008009bac                LSM6DSL_perSampleDisable
 .text.LSM6DSL_FIFO_Init
                0x0000000008009be0       0xb8 Src/lsm6dsl.o
                0x0000000008009be0                LSM6DSL_FIFO_Init
 .text.LSM6DSL_FIFO_Process
                0x0000000008009c98        0xc Src/lsm6dsl.o
                0x0000000008009c98                LSM6DSL_FIFO_Process
 .text.LSM6DSL_FIFO_Disable
                0x0000000008009ca4       0x10 Src/lsm6dsl.o
                0x0000000008009ca4                LSM6DSL_FIFO_Disable
 .text.LSM6DSL_FIFO_Read_All_Data
                0x0000000008009cb4       0xec Src/lsm6dsl.o
                0x0000000008009cb4                LSM6DSL_FIFO_Read_All_Data
 .text.LSM6DSL_FIFO_Acc_And_Gyro_Read_Single_SAMPLE
                0x0000000008009da0       0xec Src/lsm6dsl.o
                0x0000000008009da0                LSM6DSL_FIFO_Acc_And_Gyro_Read_Single_SAMPLE
 .text.LSM6DSL_FIFO_Calc_Acc_Gyro_Avg_And_Print
                0x0000000008009e8c      0x210 Src/lsm6dsl.o
                0x0000000008009e8c                LSM6DSL_FIFO_Calc_Acc_Gyro_Avg_And_Print
 .text.LSM6DSL_FIFO_Set_FIFO_Mode
                0x000000000800a09c       0x2c Src/lsm6dsl.o
                0x000000000800a09c                LSM6DSL_FIFO_Set_FIFO_Mode
 .text.LSM6DSL_FIFO_Set_Bypass_Mode
                0x000000000800a0c8       0x2c Src/lsm6dsl.o
                0x000000000800a0c8                LSM6DSL_FIFO_Set_Bypass_Mode
 .text.LSM6DSL_FIFO_Interrupt_Enable
                0x000000000800a0f4       0x2c Src/lsm6dsl.o
                0x000000000800a0f4                LSM6DSL_FIFO_Interrupt_Enable
 .text.LSM6DSL_FIFO_Interrupt_Disable
                0x000000000800a120       0x2c Src/lsm6dsl.o
                0x000000000800a120                LSM6DSL_FIFO_Interrupt_Disable
 .text.LSM6DSL_Mode_Disable
                0x000000000800a14c       0x1c Src/lsm6dsl.o
                0x000000000800a14c                LSM6DSL_Mode_Disable
 .text.lsm6dsl_read_reg
                0x000000000800a168       0x30 Src/lsm6dsl_reg.o
                0x000000000800a168                lsm6dsl_read_reg
 .text.lsm6dsl_write_reg
                0x000000000800a198       0x30 Src/lsm6dsl_reg.o
                0x000000000800a198                lsm6dsl_write_reg
 .text.lsm6dsl_from_fs8g_to_mg
                0x000000000800a1c8       0x30 Src/lsm6dsl_reg.o
                0x000000000800a1c8                lsm6dsl_from_fs8g_to_mg
 .text.lsm6dsl_from_fs500dps_to_mdps
                0x000000000800a1f8       0x30 Src/lsm6dsl_reg.o
                0x000000000800a1f8                lsm6dsl_from_fs500dps_to_mdps
 .text.lsm6dsl_xl_full_scale_set
                0x000000000800a228       0x4c Src/lsm6dsl_reg.o
                0x000000000800a228                lsm6dsl_xl_full_scale_set
 .text.lsm6dsl_xl_data_rate_set
                0x000000000800a274       0x4c Src/lsm6dsl_reg.o
                0x000000000800a274                lsm6dsl_xl_data_rate_set
 .text.lsm6dsl_gy_full_scale_set
                0x000000000800a2c0       0x4c Src/lsm6dsl_reg.o
                0x000000000800a2c0                lsm6dsl_gy_full_scale_set
 .text.lsm6dsl_gy_data_rate_set
                0x000000000800a30c       0x4c Src/lsm6dsl_reg.o
                0x000000000800a30c                lsm6dsl_gy_data_rate_set
 .text.lsm6dsl_block_data_update_set
                0x000000000800a358       0x4c Src/lsm6dsl_reg.o
                0x000000000800a358                lsm6dsl_block_data_update_set
 .text.lsm6dsl_status_reg_get
                0x000000000800a3a4       0x22 Src/lsm6dsl_reg.o
                0x000000000800a3a4                lsm6dsl_status_reg_get
 .text.lsm6dsl_angular_rate_raw_get
                0x000000000800a3c6       0x22 Src/lsm6dsl_reg.o
                0x000000000800a3c6                lsm6dsl_angular_rate_raw_get
 .text.lsm6dsl_acceleration_raw_get
                0x000000000800a3e8       0x22 Src/lsm6dsl_reg.o
                0x000000000800a3e8                lsm6dsl_acceleration_raw_get
 .text.lsm6dsl_fifo_raw_data_get
                0x000000000800a40a       0x28 Src/lsm6dsl_reg.o
                0x000000000800a40a                lsm6dsl_fifo_raw_data_get
 .text.lsm6dsl_data_ready_mode_set
                0x000000000800a432       0x4c Src/lsm6dsl_reg.o
                0x000000000800a432                lsm6dsl_data_ready_mode_set
 .text.lsm6dsl_device_id_get
                0x000000000800a47e       0x22 Src/lsm6dsl_reg.o
                0x000000000800a47e                lsm6dsl_device_id_get
 .text.lsm6dsl_reset_set
                0x000000000800a4a0       0x4c Src/lsm6dsl_reg.o
                0x000000000800a4a0                lsm6dsl_reset_set
 .text.lsm6dsl_reset_get
                0x000000000800a4ec       0x32 Src/lsm6dsl_reg.o
                0x000000000800a4ec                lsm6dsl_reset_get
 .text.lsm6dsl_xl_filter_analog_set
                0x000000000800a51e       0x4c Src/lsm6dsl_reg.o
                0x000000000800a51e                lsm6dsl_xl_filter_analog_set
 .text.lsm6dsl_xl_lp2_bandwidth_set
                0x000000000800a56a       0x6e Src/lsm6dsl_reg.o
                0x000000000800a56a                lsm6dsl_xl_lp2_bandwidth_set
 .text.lsm6dsl_gy_band_pass_set
                0x000000000800a5d8       0xdc Src/lsm6dsl_reg.o
                0x000000000800a5d8                lsm6dsl_gy_band_pass_set
 .text.lsm6dsl_pin_int1_route_set
                0x000000000800a6b4      0x2c6 Src/lsm6dsl_reg.o
                0x000000000800a6b4                lsm6dsl_pin_int1_route_set
 .text.lsm6dsl_pin_int1_route_get
                0x000000000800a97a      0x1ac Src/lsm6dsl_reg.o
                0x000000000800a97a                lsm6dsl_pin_int1_route_get
 .text.lsm6dsl_pin_polarity_set
                0x000000000800ab26       0x4c Src/lsm6dsl_reg.o
                0x000000000800ab26                lsm6dsl_pin_polarity_set
 .text.lsm6dsl_fifo_watermark_set
                0x000000000800ab72       0x6c Src/lsm6dsl_reg.o
                0x000000000800ab72                lsm6dsl_fifo_watermark_set
 .text.lsm6dsl_fifo_watermark_get
                0x000000000800abde       0x54 Src/lsm6dsl_reg.o
                0x000000000800abde                lsm6dsl_fifo_watermark_get
 .text.lsm6dsl_fifo_data_level_get
                0x000000000800ac32       0x54 Src/lsm6dsl_reg.o
                0x000000000800ac32                lsm6dsl_fifo_data_level_get
 .text.lsm6dsl_fifo_xl_batch_set
                0x000000000800ac86       0x4c Src/lsm6dsl_reg.o
                0x000000000800ac86                lsm6dsl_fifo_xl_batch_set
 *fill*         0x000000000800acd2        0x2 
 .text.lsm6dsl_fifo_xl_batch_get
                0x000000000800acd4       0xa0 Src/lsm6dsl_reg.o
                0x000000000800acd4                lsm6dsl_fifo_xl_batch_get
 .text.lsm6dsl_fifo_gy_batch_set
                0x000000000800ad74       0x4c Src/lsm6dsl_reg.o
                0x000000000800ad74                lsm6dsl_fifo_gy_batch_set
 .text.lsm6dsl_fifo_gy_batch_get
                0x000000000800adc0       0xa0 Src/lsm6dsl_reg.o
                0x000000000800adc0                lsm6dsl_fifo_gy_batch_get
 .text.lsm6dsl_fifo_mode_set
                0x000000000800ae60       0x4c Src/lsm6dsl_reg.o
                0x000000000800ae60                lsm6dsl_fifo_mode_set
 .text.lsm6dsl_fifo_mode_get
                0x000000000800aeac       0x84 Src/lsm6dsl_reg.o
                0x000000000800aeac                lsm6dsl_fifo_mode_get
 .text.lsm6dsl_fifo_data_rate_set
                0x000000000800af30       0x4c Src/lsm6dsl_reg.o
                0x000000000800af30                lsm6dsl_fifo_data_rate_set
 .text.lsm6dsl_fifo_data_rate_get
                0x000000000800af7c       0xc4 Src/lsm6dsl_reg.o
                0x000000000800af7c                lsm6dsl_fifo_data_rate_get
 .text.main     0x000000000800b040       0x7c Src/main.o
                0x000000000800b040                main
 .text.SystemClock_Config
                0x000000000800b0bc      0x10c Src/main.o
                0x000000000800b0bc                SystemClock_Config
 .text.HAL_UART_TxCpltCallback
                0x000000000800b1c8       0x14 Src/main.o
                0x000000000800b1c8                HAL_UART_TxCpltCallback
 .text.HAL_UART_RxCpltCallback
                0x000000000800b1dc       0x18 Src/main.o
                0x000000000800b1dc                HAL_UART_RxCpltCallback
 .text.HAL_GPIO_EXTI_Callback
                0x000000000800b1f4       0x28 Src/main.o
                0x000000000800b1f4                HAL_GPIO_EXTI_Callback
 .text.HAL_RTC_AlarmAEventCallback
                0x000000000800b21c       0x1c Src/main.o
                0x000000000800b21c                HAL_RTC_AlarmAEventCallback
 .text.Error_Handler
                0x000000000800b238       0x10 Src/main.o
                0x000000000800b238                Error_Handler
 .text.assert_failed
                0x000000000800b248       0x1a Src/main.o
                0x000000000800b248                assert_failed
 *fill*         0x000000000800b262        0x2 
 .text.MX_RTC_Init
                0x000000000800b264      0x130 Src/rtc.o
                0x000000000800b264                MX_RTC_Init
 .text.HAL_RTC_MspInit
                0x000000000800b394       0x48 Src/rtc.o
                0x000000000800b394                HAL_RTC_MspInit
 .text.HAL_MspInit
                0x000000000800b3dc       0x50 Src/stm32f4xx_hal_msp.o
                0x000000000800b3dc                HAL_MspInit
 .text.NMI_Handler
                0x000000000800b42c        0xe Src/stm32f4xx_it.o
                0x000000000800b42c                NMI_Handler
 .text.HardFault_Handler
                0x000000000800b43a        0x6 Src/stm32f4xx_it.o
                0x000000000800b43a                HardFault_Handler
 .text.MemManage_Handler
                0x000000000800b440        0x6 Src/stm32f4xx_it.o
                0x000000000800b440                MemManage_Handler
 .text.BusFault_Handler
                0x000000000800b446        0x6 Src/stm32f4xx_it.o
                0x000000000800b446                BusFault_Handler
 .text.UsageFault_Handler
                0x000000000800b44c        0x6 Src/stm32f4xx_it.o
                0x000000000800b44c                UsageFault_Handler
 .text.SVC_Handler
                0x000000000800b452        0xe Src/stm32f4xx_it.o
                0x000000000800b452                SVC_Handler
 .text.DebugMon_Handler
                0x000000000800b460        0xe Src/stm32f4xx_it.o
                0x000000000800b460                DebugMon_Handler
 .text.PendSV_Handler
                0x000000000800b46e        0xe Src/stm32f4xx_it.o
                0x000000000800b46e                PendSV_Handler
 .text.SysTick_Handler
                0x000000000800b47c        0xc Src/stm32f4xx_it.o
                0x000000000800b47c                SysTick_Handler
 .text.RTC_WKUP_IRQHandler
                0x000000000800b488       0x14 Src/stm32f4xx_it.o
                0x000000000800b488                RTC_WKUP_IRQHandler
 .text.DMA1_Stream5_IRQHandler
                0x000000000800b49c       0x14 Src/stm32f4xx_it.o
                0x000000000800b49c                DMA1_Stream5_IRQHandler
 .text.DMA1_Stream6_IRQHandler
                0x000000000800b4b0       0x14 Src/stm32f4xx_it.o
                0x000000000800b4b0                DMA1_Stream6_IRQHandler
 .text.EXTI9_5_IRQHandler
                0x000000000800b4c4        0xe Src/stm32f4xx_it.o
                0x000000000800b4c4                EXTI9_5_IRQHandler
 *fill*         0x000000000800b4d2        0x2 
 .text.USART2_IRQHandler
                0x000000000800b4d4       0x14 Src/stm32f4xx_it.o
                0x000000000800b4d4                USART2_IRQHandler
 .text.EXTI15_10_IRQHandler
                0x000000000800b4e8       0x10 Src/stm32f4xx_it.o
                0x000000000800b4e8                EXTI15_10_IRQHandler
 .text.RTC_Alarm_IRQHandler
                0x000000000800b4f8       0x14 Src/stm32f4xx_it.o
                0x000000000800b4f8                RTC_Alarm_IRQHandler
 .text._sbrk    0x000000000800b50c       0x58 Src/sysmem.o
                0x000000000800b50c                _sbrk
 .text.SystemInit
                0x000000000800b564       0x2c Src/system_stm32f4xx.o
                0x000000000800b564                SystemInit
 .text.MX_TIM3_Init
                0x000000000800b590       0xec Src/tim.o
                0x000000000800b590                MX_TIM3_Init
 .text.HAL_TIM_Base_MspInit
                0x000000000800b67c       0x44 Src/tim.o
                0x000000000800b67c                HAL_TIM_Base_MspInit
 .text.HAL_TIM_MspPostInit
                0x000000000800b6c0       0x74 Src/tim.o
                0x000000000800b6c0                HAL_TIM_MspPostInit
 .text.MX_USART2_UART_Init
                0x000000000800b734       0x54 Src/usart.o
                0x000000000800b734                MX_USART2_UART_Init
 .text.HAL_UART_MspInit
                0x000000000800b788      0x168 Src/usart.o
                0x000000000800b788                HAL_UART_MspInit
 .text.Reset_Handler
                0x000000000800b8f0       0x50 Startup/startup_stm32f411retx.o
                0x000000000800b8f0                Reset_Handler
 .text.Default_Handler
                0x000000000800b940        0x2 Startup/startup_stm32f411retx.o
                0x000000000800b940                EXTI2_IRQHandler
                0x000000000800b940                SPI4_IRQHandler
                0x000000000800b940                TIM1_CC_IRQHandler
                0x000000000800b940                DMA2_Stream5_IRQHandler
                0x000000000800b940                PVD_IRQHandler
                0x000000000800b940                SDIO_IRQHandler
                0x000000000800b940                TAMP_STAMP_IRQHandler
                0x000000000800b940                EXTI3_IRQHandler
                0x000000000800b940                TIM1_UP_TIM10_IRQHandler
                0x000000000800b940                I2C3_ER_IRQHandler
                0x000000000800b940                EXTI0_IRQHandler
                0x000000000800b940                I2C2_EV_IRQHandler
                0x000000000800b940                DMA1_Stream2_IRQHandler
                0x000000000800b940                FPU_IRQHandler
                0x000000000800b940                DMA2_Stream2_IRQHandler
                0x000000000800b940                SPI1_IRQHandler
                0x000000000800b940                TIM1_BRK_TIM9_IRQHandler
                0x000000000800b940                DMA2_Stream3_IRQHandler
                0x000000000800b940                USART6_IRQHandler
                0x000000000800b940                DMA2_Stream0_IRQHandler
                0x000000000800b940                TIM4_IRQHandler
                0x000000000800b940                I2C1_EV_IRQHandler
                0x000000000800b940                DMA1_Stream1_IRQHandler
                0x000000000800b940                TIM3_IRQHandler
                0x000000000800b940                RCC_IRQHandler
                0x000000000800b940                Default_Handler
                0x000000000800b940                ADC_IRQHandler
                0x000000000800b940                DMA1_Stream7_IRQHandler
                0x000000000800b940                SPI5_IRQHandler
                0x000000000800b940                TIM5_IRQHandler
                0x000000000800b940                DMA2_Stream7_IRQHandler
                0x000000000800b940                I2C3_EV_IRQHandler
                0x000000000800b940                SPI2_IRQHandler
                0x000000000800b940                DMA1_Stream0_IRQHandler
                0x000000000800b940                EXTI4_IRQHandler
                0x000000000800b940                WWDG_IRQHandler
                0x000000000800b940                TIM2_IRQHandler
                0x000000000800b940                OTG_FS_WKUP_IRQHandler
                0x000000000800b940                TIM1_TRG_COM_TIM11_IRQHandler
                0x000000000800b940                EXTI1_IRQHandler
                0x000000000800b940                I2C2_ER_IRQHandler
                0x000000000800b940                DMA2_Stream1_IRQHandler
                0x000000000800b940                FLASH_IRQHandler
                0x000000000800b940                DMA2_Stream4_IRQHandler
                0x000000000800b940                USART1_IRQHandler
                0x000000000800b940                OTG_FS_IRQHandler
                0x000000000800b940                SPI3_IRQHandler
                0x000000000800b940                DMA1_Stream4_IRQHandler
                0x000000000800b940                I2C1_ER_IRQHandler
                0x000000000800b940                DMA2_Stream6_IRQHandler
                0x000000000800b940                DMA1_Stream3_IRQHandler
 .text.atoi     0x000000000800b942        0x8 c:/st/stm32cubeide_1.3.0/stm32cubeide/plugins/com.st.stm32cube.ide.mcu.externaltools.gnu-tools-for-stm32.7-2018-q2-update.win32_1.0.0.201904181610/tools/bin/../lib/gcc/arm-none-eabi/7.3.1/../../../../arm-none-eabi/lib/thumb/v7e-m/fpv4-sp/hard\libc_nano.a(lib_a-atoi.o)
                0x000000000800b942                atoi
 *fill*         0x000000000800b94a        0x2 
 .text.__errno  0x000000000800b94c        0xc c:/st/stm32cubeide_1.3.0/stm32cubeide/plugins/com.st.stm32cube.ide.mcu.externaltools.gnu-tools-for-stm32.7-2018-q2-update.win32_1.0.0.201904181610/tools/bin/../lib/gcc/arm-none-eabi/7.3.1/../../../../arm-none-eabi/lib/thumb/v7e-m/fpv4-sp/hard\libc_nano.a(lib_a-errno.o)
                0x000000000800b94c                __errno
 .text.__libc_init_array
                0x000000000800b958       0x48 c:/st/stm32cubeide_1.3.0/stm32cubeide/plugins/com.st.stm32cube.ide.mcu.externaltools.gnu-tools-for-stm32.7-2018-q2-update.win32_1.0.0.201904181610/tools/bin/../lib/gcc/arm-none-eabi/7.3.1/../../../../arm-none-eabi/lib/thumb/v7e-m/fpv4-sp/hard\libc_nano.a(lib_a-init.o)
                0x000000000800b958                __libc_init_array
 .text.memset   0x000000000800b9a0       0x10 c:/st/stm32cubeide_1.3.0/stm32cubeide/plugins/com.st.stm32cube.ide.mcu.externaltools.gnu-tools-for-stm32.7-2018-q2-update.win32_1.0.0.201904181610/tools/bin/../lib/gcc/arm-none-eabi/7.3.1/../../../../arm-none-eabi/lib/thumb/v7e-m/fpv4-sp/hard\libc_nano.a(lib_a-memset.o)
                0x000000000800b9a0                memset
 .text.__cvt    0x000000000800b9b0       0xc2 c:/st/stm32cubeide_1.3.0/stm32cubeide/plugins/com.st.stm32cube.ide.mcu.externaltools.gnu-tools-for-stm32.7-2018-q2-update.win32_1.0.0.201904181610/tools/bin/../lib/gcc/arm-none-eabi/7.3.1/../../../../arm-none-eabi/lib/thumb/v7e-m/fpv4-sp/hard\libc_nano.a(lib_a-nano-vfprintf_float.o)
                0x000000000800b9b0                __cvt
 .text.__exponent
                0x000000000800ba72       0x66 c:/st/stm32cubeide_1.3.0/stm32cubeide/plugins/com.st.stm32cube.ide.mcu.externaltools.gnu-tools-for-stm32.7-2018-q2-update.win32_1.0.0.201904181610/tools/bin/../lib/gcc/arm-none-eabi/7.3.1/../../../../arm-none-eabi/lib/thumb/v7e-m/fpv4-sp/hard\libc_nano.a(lib_a-nano-vfprintf_float.o)
                0x000000000800ba72                __exponent
 .text._printf_float
                0x000000000800bad8      0x480 c:/st/stm32cubeide_1.3.0/stm32cubeide/plugins/com.st.stm32cube.ide.mcu.externaltools.gnu-tools-for-stm32.7-2018-q2-update.win32_1.0.0.201904181610/tools/bin/../lib/gcc/arm-none-eabi/7.3.1/../../../../arm-none-eabi/lib/thumb/v7e-m/fpv4-sp/hard\libc_nano.a(lib_a-nano-vfprintf_float.o)
                0x000000000800bad8                _printf_float
 .text._printf_common
                0x000000000800bf58       0xea c:/st/stm32cubeide_1.3.0/stm32cubeide/plugins/com.st.stm32cube.ide.mcu.externaltools.gnu-tools-for-stm32.7-2018-q2-update.win32_1.0.0.201904181610/tools/bin/../lib/gcc/arm-none-eabi/7.3.1/../../../../arm-none-eabi/lib/thumb/v7e-m/fpv4-sp/hard\libc_nano.a(lib_a-nano-vfprintf_i.o)
                0x000000000800bf58                _printf_common
 *fill*         0x000000000800c042        0x2 
 .text._printf_i
                0x000000000800c044      0x224 c:/st/stm32cubeide_1.3.0/stm32cubeide/plugins/com.st.stm32cube.ide.mcu.externaltools.gnu-tools-for-stm32.7-2018-q2-update.win32_1.0.0.201904181610/tools/bin/../lib/gcc/arm-none-eabi/7.3.1/../../../../arm-none-eabi/lib/thumb/v7e-m/fpv4-sp/hard\libc_nano.a(lib_a-nano-vfprintf_i.o)
                0x000000000800c044                _printf_i
 .text.sprintf  0x000000000800c268       0x40 c:/st/stm32cubeide_1.3.0/stm32cubeide/plugins/com.st.stm32cube.ide.mcu.externaltools.gnu-tools-for-stm32.7-2018-q2-update.win32_1.0.0.201904181610/tools/bin/../lib/gcc/arm-none-eabi/7.3.1/../../../../arm-none-eabi/lib/thumb/v7e-m/fpv4-sp/hard\libc_nano.a(lib_a-sprintf.o)
                0x000000000800c268                siprintf
                0x000000000800c268                sprintf
 .text.strncmp  0x000000000800c2a8       0x24 c:/st/stm32cubeide_1.3.0/stm32cubeide/plugins/com.st.stm32cube.ide.mcu.externaltools.gnu-tools-for-stm32.7-2018-q2-update.win32_1.0.0.201904181610/tools/bin/../lib/gcc/arm-none-eabi/7.3.1/../../../../arm-none-eabi/lib/thumb/v7e-m/fpv4-sp/hard\libc_nano.a(lib_a-strncmp.o)
                0x000000000800c2a8                strncmp
 .text.strncpy  0x000000000800c2cc       0x2a c:/st/stm32cubeide_1.3.0/stm32cubeide/plugins/com.st.stm32cube.ide.mcu.externaltools.gnu-tools-for-stm32.7-2018-q2-update.win32_1.0.0.201904181610/tools/bin/../lib/gcc/arm-none-eabi/7.3.1/../../../../arm-none-eabi/lib/thumb/v7e-m/fpv4-sp/hard\libc_nano.a(lib_a-strncpy.o)
                0x000000000800c2cc                strncpy
 *fill*         0x000000000800c2f6        0x2 
 .text.strtok   0x000000000800c2f8       0x54 c:/st/stm32cubeide_1.3.0/stm32cubeide/plugins/com.st.stm32cube.ide.mcu.externaltools.gnu-tools-for-stm32.7-2018-q2-update.win32_1.0.0.201904181610/tools/bin/../lib/gcc/arm-none-eabi/7.3.1/../../../../arm-none-eabi/lib/thumb/v7e-m/fpv4-sp/hard\libc_nano.a(lib_a-strtok.o)
                0x000000000800c2f8                strtok
 .text.__strtok_r
                0x000000000800c34c       0x54 c:/st/stm32cubeide_1.3.0/stm32cubeide/plugins/com.st.stm32cube.ide.mcu.externaltools.gnu-tools-for-stm32.7-2018-q2-update.win32_1.0.0.201904181610/tools/bin/../lib/gcc/arm-none-eabi/7.3.1/../../../../arm-none-eabi/lib/thumb/v7e-m/fpv4-sp/hard\libc_nano.a(lib_a-strtok_r.o)
                0x000000000800c34c                __strtok_r
 .text._strtol_l.isra.0
                0x000000000800c3a0       0xf6 c:/st/stm32cubeide_1.3.0/stm32cubeide/plugins/com.st.stm32cube.ide.mcu.externaltools.gnu-tools-for-stm32.7-2018-q2-update.win32_1.0.0.201904181610/tools/bin/../lib/gcc/arm-none-eabi/7.3.1/../../../../arm-none-eabi/lib/thumb/v7e-m/fpv4-sp/hard\libc_nano.a(lib_a-strtol.o)
 *fill*         0x000000000800c496        0x2 
 .text.strtol   0x000000000800c498       0x2c c:/st/stm32cubeide_1.3.0/stm32cubeide/plugins/com.st.stm32cube.ide.mcu.externaltools.gnu-tools-for-stm32.7-2018-q2-update.win32_1.0.0.201904181610/tools/bin/../lib/gcc/arm-none-eabi/7.3.1/../../../../arm-none-eabi/lib/thumb/v7e-m/fpv4-sp/hard\libc_nano.a(lib_a-strtol.o)
                0x000000000800c498                strtol
 .text.quorem   0x000000000800c4c4      0x118 c:/st/stm32cubeide_1.3.0/stm32cubeide/plugins/com.st.stm32cube.ide.mcu.externaltools.gnu-tools-for-stm32.7-2018-q2-update.win32_1.0.0.201904181610/tools/bin/../lib/gcc/arm-none-eabi/7.3.1/../../../../arm-none-eabi/lib/thumb/v7e-m/fpv4-sp/hard\libc_nano.a(lib_a-dtoa.o)
 *fill*         0x000000000800c5dc        0x4 
 .text._dtoa_r  0x000000000800c5e0      0xb70 c:/st/stm32cubeide_1.3.0/stm32cubeide/plugins/com.st.stm32cube.ide.mcu.externaltools.gnu-tools-for-stm32.7-2018-q2-update.win32_1.0.0.201904181610/tools/bin/../lib/gcc/arm-none-eabi/7.3.1/../../../../arm-none-eabi/lib/thumb/v7e-m/fpv4-sp/hard\libc_nano.a(lib_a-dtoa.o)
                0x000000000800c5e0                _dtoa_r
 .text.__locale_ctype_ptr_l
                0x000000000800d150        0x6 c:/st/stm32cubeide_1.3.0/stm32cubeide/plugins/com.st.stm32cube.ide.mcu.externaltools.gnu-tools-for-stm32.7-2018-q2-update.win32_1.0.0.201904181610/tools/bin/../lib/gcc/arm-none-eabi/7.3.1/../../../../arm-none-eabi/lib/thumb/v7e-m/fpv4-sp/hard\libc_nano.a(lib_a-locale.o)
                0x000000000800d150                __locale_ctype_ptr_l
 *fill*         0x000000000800d156        0x2 
 .text._localeconv_r
                0x000000000800d158       0x1c c:/st/stm32cubeide_1.3.0/stm32cubeide/plugins/com.st.stm32cube.ide.mcu.externaltools.gnu-tools-for-stm32.7-2018-q2-update.win32_1.0.0.201904181610/tools/bin/../lib/gcc/arm-none-eabi/7.3.1/../../../../arm-none-eabi/lib/thumb/v7e-m/fpv4-sp/hard\libc_nano.a(lib_a-localeconv.o)
                0x000000000800d158                _localeconv_r
 .text.malloc   0x000000000800d174       0x10 c:/st/stm32cubeide_1.3.0/stm32cubeide/plugins/com.st.stm32cube.ide.mcu.externaltools.gnu-tools-for-stm32.7-2018-q2-update.win32_1.0.0.201904181610/tools/bin/../lib/gcc/arm-none-eabi/7.3.1/../../../../arm-none-eabi/lib/thumb/v7e-m/fpv4-sp/hard\libc_nano.a(lib_a-malloc.o)
                0x000000000800d174                malloc
 .text.__ascii_mbtowc
                0x000000000800d184       0x24 c:/st/stm32cubeide_1.3.0/stm32cubeide/plugins/com.st.stm32cube.ide.mcu.externaltools.gnu-tools-for-stm32.7-2018-q2-update.win32_1.0.0.201904181610/tools/bin/../lib/gcc/arm-none-eabi/7.3.1/../../../../arm-none-eabi/lib/thumb/v7e-m/fpv4-sp/hard\libc_nano.a(lib_a-mbtowc_r.o)
                0x000000000800d184                __ascii_mbtowc
 .text.memcpy   0x000000000800d1a8       0x16 c:/st/stm32cubeide_1.3.0/stm32cubeide/plugins/com.st.stm32cube.ide.mcu.externaltools.gnu-tools-for-stm32.7-2018-q2-update.win32_1.0.0.201904181610/tools/bin/../lib/gcc/arm-none-eabi/7.3.1/../../../../arm-none-eabi/lib/thumb/v7e-m/fpv4-sp/hard\libc_nano.a(lib_a-memcpy-stub.o)
                0x000000000800d1a8                memcpy
 .text._Balloc  0x000000000800d1be       0x68 c:/st/stm32cubeide_1.3.0/stm32cubeide/plugins/com.st.stm32cube.ide.mcu.externaltools.gnu-tools-for-stm32.7-2018-q2-update.win32_1.0.0.201904181610/tools/bin/../lib/gcc/arm-none-eabi/7.3.1/../../../../arm-none-eabi/lib/thumb/v7e-m/fpv4-sp/hard\libc_nano.a(lib_a-mprec.o)
                0x000000000800d1be                _Balloc
 .text._Bfree   0x000000000800d226       0x2e c:/st/stm32cubeide_1.3.0/stm32cubeide/plugins/com.st.stm32cube.ide.mcu.externaltools.gnu-tools-for-stm32.7-2018-q2-update.win32_1.0.0.201904181610/tools/bin/../lib/gcc/arm-none-eabi/7.3.1/../../../../arm-none-eabi/lib/thumb/v7e-m/fpv4-sp/hard\libc_nano.a(lib_a-mprec.o)
                0x000000000800d226                _Bfree
 .text.__multadd
                0x000000000800d254       0x76 c:/st/stm32cubeide_1.3.0/stm32cubeide/plugins/com.st.stm32cube.ide.mcu.externaltools.gnu-tools-for-stm32.7-2018-q2-update.win32_1.0.0.201904181610/tools/bin/../lib/gcc/arm-none-eabi/7.3.1/../../../../arm-none-eabi/lib/thumb/v7e-m/fpv4-sp/hard\libc_nano.a(lib_a-mprec.o)
                0x000000000800d254                __multadd
 .text.__hi0bits
                0x000000000800d2ca       0x3e c:/st/stm32cubeide_1.3.0/stm32cubeide/plugins/com.st.stm32cube.ide.mcu.externaltools.gnu-tools-for-stm32.7-2018-q2-update.win32_1.0.0.201904181610/tools/bin/../lib/gcc/arm-none-eabi/7.3.1/../../../../arm-none-eabi/lib/thumb/v7e-m/fpv4-sp/hard\libc_nano.a(lib_a-mprec.o)
                0x000000000800d2ca                __hi0bits
 .text.__lo0bits
                0x000000000800d308       0x5e c:/st/stm32cubeide_1.3.0/stm32cubeide/plugins/com.st.stm32cube.ide.mcu.externaltools.gnu-tools-for-stm32.7-2018-q2-update.win32_1.0.0.201904181610/tools/bin/../lib/gcc/arm-none-eabi/7.3.1/../../../../arm-none-eabi/lib/thumb/v7e-m/fpv4-sp/hard\libc_nano.a(lib_a-mprec.o)
                0x000000000800d308                __lo0bits
 .text.__i2b    0x000000000800d366       0x12 c:/st/stm32cubeide_1.3.0/stm32cubeide/plugins/com.st.stm32cube.ide.mcu.externaltools.gnu-tools-for-stm32.7-2018-q2-update.win32_1.0.0.201904181610/tools/bin/../lib/gcc/arm-none-eabi/7.3.1/../../../../arm-none-eabi/lib/thumb/v7e-m/fpv4-sp/hard\libc_nano.a(lib_a-mprec.o)
                0x000000000800d366                __i2b
 .text.__multiply
                0x000000000800d378      0x12c c:/st/stm32cubeide_1.3.0/stm32cubeide/plugins/com.st.stm32cube.ide.mcu.externaltools.gnu-tools-for-stm32.7-2018-q2-update.win32_1.0.0.201904181610/tools/bin/../lib/gcc/arm-none-eabi/7.3.1/../../../../arm-none-eabi/lib/thumb/v7e-m/fpv4-sp/hard\libc_nano.a(lib_a-mprec.o)
                0x000000000800d378                __multiply
 .text.__pow5mult
                0x000000000800d4a4       0x9c c:/st/stm32cubeide_1.3.0/stm32cubeide/plugins/com.st.stm32cube.ide.mcu.externaltools.gnu-tools-for-stm32.7-2018-q2-update.win32_1.0.0.201904181610/tools/bin/../lib/gcc/arm-none-eabi/7.3.1/../../../../arm-none-eabi/lib/thumb/v7e-m/fpv4-sp/hard\libc_nano.a(lib_a-mprec.o)
                0x000000000800d4a4                __pow5mult
 .text.__lshift
                0x000000000800d540       0xa8 c:/st/stm32cubeide_1.3.0/stm32cubeide/plugins/com.st.stm32cube.ide.mcu.externaltools.gnu-tools-for-stm32.7-2018-q2-update.win32_1.0.0.201904181610/tools/bin/../lib/gcc/arm-none-eabi/7.3.1/../../../../arm-none-eabi/lib/thumb/v7e-m/fpv4-sp/hard\libc_nano.a(lib_a-mprec.o)
                0x000000000800d540                __lshift
 .text.__mcmp   0x000000000800d5e8       0x34 c:/st/stm32cubeide_1.3.0/stm32cubeide/plugins/com.st.stm32cube.ide.mcu.externaltools.gnu-tools-for-stm32.7-2018-q2-update.win32_1.0.0.201904181610/tools/bin/../lib/gcc/arm-none-eabi/7.3.1/../../../../arm-none-eabi/lib/thumb/v7e-m/fpv4-sp/hard\libc_nano.a(lib_a-mprec.o)
                0x000000000800d5e8                __mcmp
 .text.__mdiff  0x000000000800d61c       0xba c:/st/stm32cubeide_1.3.0/stm32cubeide/plugins/com.st.stm32cube.ide.mcu.externaltools.gnu-tools-for-stm32.7-2018-q2-update.win32_1.0.0.201904181610/tools/bin/../lib/gcc/arm-none-eabi/7.3.1/../../../../arm-none-eabi/lib/thumb/v7e-m/fpv4-sp/hard\libc_nano.a(lib_a-mprec.o)
                0x000000000800d61c                __mdiff
 .text.__d2b    0x000000000800d6d6       0x9e c:/st/stm32cubeide_1.3.0/stm32cubeide/plugins/com.st.stm32cube.ide.mcu.externaltools.gnu-tools-for-stm32.7-2018-q2-update.win32_1.0.0.201904181610/tools/bin/../lib/gcc/arm-none-eabi/7.3.1/../../../../arm-none-eabi/lib/thumb/v7e-m/fpv4-sp/hard\libc_nano.a(lib_a-mprec.o)
                0x000000000800d6d6                __d2b
 .text._calloc_r
                0x000000000800d774       0x1c c:/st/stm32cubeide_1.3.0/stm32cubeide/plugins/com.st.stm32cube.ide.mcu.externaltools.gnu-tools-for-stm32.7-2018-q2-update.win32_1.0.0.201904181610/tools/bin/../lib/gcc/arm-none-eabi/7.3.1/../../../../arm-none-eabi/lib/thumb/v7e-m/fpv4-sp/hard\libc_nano.a(lib_a-nano-callocr.o)
                0x000000000800d774                _calloc_r
 .text._free_r  0x000000000800d790       0x9c c:/st/stm32cubeide_1.3.0/stm32cubeide/plugins/com.st.stm32cube.ide.mcu.externaltools.gnu-tools-for-stm32.7-2018-q2-update.win32_1.0.0.201904181610/tools/bin/../lib/gcc/arm-none-eabi/7.3.1/../../../../arm-none-eabi/lib/thumb/v7e-m/fpv4-sp/hard\libc_nano.a(lib_a-nano-freer.o)
                0x000000000800d790                _free_r
 .text._malloc_r
                0x000000000800d82c       0xb4 c:/st/stm32cubeide_1.3.0/stm32cubeide/plugins/com.st.stm32cube.ide.mcu.externaltools.gnu-tools-for-stm32.7-2018-q2-update.win32_1.0.0.201904181610/tools/bin/../lib/gcc/arm-none-eabi/7.3.1/../../../../arm-none-eabi/lib/thumb/v7e-m/fpv4-sp/hard\libc_nano.a(lib_a-nano-mallocr.o)
                0x000000000800d82c                _malloc_r
 .text.__ssputs_r
                0x000000000800d8e0       0xb4 c:/st/stm32cubeide_1.3.0/stm32cubeide/plugins/com.st.stm32cube.ide.mcu.externaltools.gnu-tools-for-stm32.7-2018-q2-update.win32_1.0.0.201904181610/tools/bin/../lib/gcc/arm-none-eabi/7.3.1/../../../../arm-none-eabi/lib/thumb/v7e-m/fpv4-sp/hard\libc_nano.a(lib_a-nano-svfprintf.o)
                0x000000000800d8e0                __ssputs_r
 .text._svfprintf_r
                0x000000000800d994      0x1f0 c:/st/stm32cubeide_1.3.0/stm32cubeide/plugins/com.st.stm32cube.ide.mcu.externaltools.gnu-tools-for-stm32.7-2018-q2-update.win32_1.0.0.201904181610/tools/bin/../lib/gcc/arm-none-eabi/7.3.1/../../../../arm-none-eabi/lib/thumb/v7e-m/fpv4-sp/hard\libc_nano.a(lib_a-nano-svfprintf.o)
                0x000000000800d994                _svfiprintf_r
                0x000000000800d994                _svfprintf_r
 .text._sbrk_r  0x000000000800db84       0x20 c:/st/stm32cubeide_1.3.0/stm32cubeide/plugins/com.st.stm32cube.ide.mcu.externaltools.gnu-tools-for-stm32.7-2018-q2-update.win32_1.0.0.201904181610/tools/bin/../lib/gcc/arm-none-eabi/7.3.1/../../../../arm-none-eabi/lib/thumb/v7e-m/fpv4-sp/hard\libc_nano.a(lib_a-sbrkr.o)
                0x000000000800db84                _sbrk_r
 .text.__ascii_wctomb
                0x000000000800dba4       0x1a c:/st/stm32cubeide_1.3.0/stm32cubeide/plugins/com.st.stm32cube.ide.mcu.externaltools.gnu-tools-for-stm32.7-2018-q2-update.win32_1.0.0.201904181610/tools/bin/../lib/gcc/arm-none-eabi/7.3.1/../../../../arm-none-eabi/lib/thumb/v7e-m/fpv4-sp/hard\libc_nano.a(lib_a-wctomb_r.o)
                0x000000000800dba4                __ascii_wctomb
 .text.memmove  0x000000000800dbbe       0x32 c:/st/stm32cubeide_1.3.0/stm32cubeide/plugins/com.st.stm32cube.ide.mcu.externaltools.gnu-tools-for-stm32.7-2018-q2-update.win32_1.0.0.201904181610/tools/bin/../lib/gcc/arm-none-eabi/7.3.1/../../../../arm-none-eabi/lib/thumb/v7e-m/fpv4-sp/hard\libc_nano.a(lib_a-memmove.o)
                0x000000000800dbbe                memmove
 .text.__malloc_lock
                0x000000000800dbf0        0x2 c:/st/stm32cubeide_1.3.0/stm32cubeide/plugins/com.st.stm32cube.ide.mcu.externaltools.gnu-tools-for-stm32.7-2018-q2-update.win32_1.0.0.201904181610/tools/bin/../lib/gcc/arm-none-eabi/7.3.1/../../../../arm-none-eabi/lib/thumb/v7e-m/fpv4-sp/hard\libc_nano.a(lib_a-mlock.o)
                0x000000000800dbf0                __malloc_lock
 .text.__malloc_unlock
                0x000000000800dbf2        0x2 c:/st/stm32cubeide_1.3.0/stm32cubeide/plugins/com.st.stm32cube.ide.mcu.externaltools.gnu-tools-for-stm32.7-2018-q2-update.win32_1.0.0.201904181610/tools/bin/../lib/gcc/arm-none-eabi/7.3.1/../../../../arm-none-eabi/lib/thumb/v7e-m/fpv4-sp/hard\libc_nano.a(lib_a-mlock.o)
                0x000000000800dbf2                __malloc_unlock
 .text._realloc_r
                0x000000000800dbf4       0x4c c:/st/stm32cubeide_1.3.0/stm32cubeide/plugins/com.st.stm32cube.ide.mcu.externaltools.gnu-tools-for-stm32.7-2018-q2-update.win32_1.0.0.201904181610/tools/bin/../lib/gcc/arm-none-eabi/7.3.1/../../../../arm-none-eabi/lib/thumb/v7e-m/fpv4-sp/hard\libc_nano.a(lib_a-nano-reallocr.o)
                0x000000000800dbf4                _realloc_r
 .text._malloc_usable_size_r
                0x000000000800dc40       0x10 c:/st/stm32cubeide_1.3.0/stm32cubeide/plugins/com.st.stm32cube.ide.mcu.externaltools.gnu-tools-for-stm32.7-2018-q2-update.win32_1.0.0.201904181610/tools/bin/../lib/gcc/arm-none-eabi/7.3.1/../../../../arm-none-eabi/lib/thumb/v7e-m/fpv4-sp/hard\libc_nano.a(lib_a-nano-msizer.o)
                0x000000000800dc40                _malloc_usable_size_r
 *(.glue_7)
 .glue_7        0x000000000800dc50        0x0 linker stubs
 *(.glue_7t)
 .glue_7t       0x000000000800dc50        0x0 linker stubs
 *(.eh_frame)
 .eh_frame      0x000000000800dc50        0x0 c:/st/stm32cubeide_1.3.0/stm32cubeide/plugins/com.st.stm32cube.ide.mcu.externaltools.gnu-tools-for-stm32.7-2018-q2-update.win32_1.0.0.201904181610/tools/bin/../lib/gcc/arm-none-eabi/7.3.1/thumb/v7e-m/fpv4-sp/hard/crtbegin.o
 *(.init)
 .init          0x000000000800dc50        0x4 c:/st/stm32cubeide_1.3.0/stm32cubeide/plugins/com.st.stm32cube.ide.mcu.externaltools.gnu-tools-for-stm32.7-2018-q2-update.win32_1.0.0.201904181610/tools/bin/../lib/gcc/arm-none-eabi/7.3.1/thumb/v7e-m/fpv4-sp/hard/crti.o
                0x000000000800dc50                _init
 .init          0x000000000800dc54        0x8 c:/st/stm32cubeide_1.3.0/stm32cubeide/plugins/com.st.stm32cube.ide.mcu.externaltools.gnu-tools-for-stm32.7-2018-q2-update.win32_1.0.0.201904181610/tools/bin/../lib/gcc/arm-none-eabi/7.3.1/thumb/v7e-m/fpv4-sp/hard/crtn.o
 *(.fini)
 .fini          0x000000000800dc5c        0x4 c:/st/stm32cubeide_1.3.0/stm32cubeide/plugins/com.st.stm32cube.ide.mcu.externaltools.gnu-tools-for-stm32.7-2018-q2-update.win32_1.0.0.201904181610/tools/bin/../lib/gcc/arm-none-eabi/7.3.1/thumb/v7e-m/fpv4-sp/hard/crti.o
                0x000000000800dc5c                _fini
 .fini          0x000000000800dc60        0x8 c:/st/stm32cubeide_1.3.0/stm32cubeide/plugins/com.st.stm32cube.ide.mcu.externaltools.gnu-tools-for-stm32.7-2018-q2-update.win32_1.0.0.201904181610/tools/bin/../lib/gcc/arm-none-eabi/7.3.1/thumb/v7e-m/fpv4-sp/hard/crtn.o
                0x000000000800dc68                . = ALIGN (0x4)
                0x000000000800dc68                _etext = .

.vfp11_veneer   0x000000000800dc68        0x0
 .vfp11_veneer  0x000000000800dc68        0x0 linker stubs

.v4_bx          0x000000000800dc68        0x0
 .v4_bx         0x000000000800dc68        0x0 linker stubs

.iplt           0x000000000800dc68        0x0
 .iplt          0x000000000800dc68        0x0 c:/st/stm32cubeide_1.3.0/stm32cubeide/plugins/com.st.stm32cube.ide.mcu.externaltools.gnu-tools-for-stm32.7-2018-q2-update.win32_1.0.0.201904181610/tools/bin/../lib/gcc/arm-none-eabi/7.3.1/thumb/v7e-m/fpv4-sp/hard/crtbegin.o

.rodata         0x000000000800dc68      0xd48
                0x000000000800dc68                . = ALIGN (0x4)
 *(.rodata)
 .rodata        0x000000000800dc68       0x3b Drivers/STM32F4xx_HAL_Driver/Src/stm32f4xx_hal_cortex.o
 *fill*         0x000000000800dca3        0x1 
 .rodata        0x000000000800dca4       0x38 Drivers/STM32F4xx_HAL_Driver/Src/stm32f4xx_hal_crc.o
 .rodata        0x000000000800dcdc       0x38 Drivers/STM32F4xx_HAL_Driver/Src/stm32f4xx_hal_dma.o
 .rodata        0x000000000800dd14       0x3a Drivers/STM32F4xx_HAL_Driver/Src/stm32f4xx_hal_flash.o
 *fill*         0x000000000800dd4e        0x2 
 .rodata        0x000000000800dd50       0x3d Drivers/STM32F4xx_HAL_Driver/Src/stm32f4xx_hal_flash_ex.o
 *fill*         0x000000000800dd8d        0x3 
 .rodata        0x000000000800dd90       0x39 Drivers/STM32F4xx_HAL_Driver/Src/stm32f4xx_hal_gpio.o
 *fill*         0x000000000800ddc9        0x3 
 .rodata        0x000000000800ddcc       0x38 Drivers/STM32F4xx_HAL_Driver/Src/stm32f4xx_hal_i2c.o
 .rodata        0x000000000800de04       0x38 Drivers/STM32F4xx_HAL_Driver/Src/stm32f4xx_hal_pwr.o
 .rodata        0x000000000800de3c       0x38 Drivers/STM32F4xx_HAL_Driver/Src/stm32f4xx_hal_rcc.o
 .rodata        0x000000000800de74       0x3b Drivers/STM32F4xx_HAL_Driver/Src/stm32f4xx_hal_rcc_ex.o
 *fill*         0x000000000800deaf        0x1 
 .rodata        0x000000000800deb0       0x38 Drivers/STM32F4xx_HAL_Driver/Src/stm32f4xx_hal_rtc.o
 .rodata        0x000000000800dee8       0x3b Drivers/STM32F4xx_HAL_Driver/Src/stm32f4xx_hal_rtc_ex.o
 *fill*         0x000000000800df23        0x1 
 .rodata        0x000000000800df24       0x38 Drivers/STM32F4xx_HAL_Driver/Src/stm32f4xx_hal_tim.o
 .rodata        0x000000000800df5c       0x3b Drivers/STM32F4xx_HAL_Driver/Src/stm32f4xx_hal_tim_ex.o
 *fill*         0x000000000800df97        0x1 
 .rodata        0x000000000800df98       0x39 Drivers/STM32F4xx_HAL_Driver/Src/stm32f4xx_hal_uart.o
 *fill*         0x000000000800dfd1        0x3 
 .rodata        0x000000000800dfd4      0x128 Src/COM.o
 .rodata        0x000000000800e0fc      0x142 Src/Commands.o
 *fill*         0x000000000800e23e        0x2 
 .rodata        0x000000000800e240      0x15e Src/Debug.o
 *fill*         0x000000000800e39e        0x2 
 .rodata        0x000000000800e3a0      0x16b Src/lsm6dsl.o
 *fill*         0x000000000800e50b        0x1 
 .rodata        0x000000000800e50c      0x13e Src/main.o
 *(.rodata*)
 *fill*         0x000000000800e64a        0x2 
 .rodata.flagBitshiftOffset.8468
                0x000000000800e64c        0x8 Drivers/STM32F4xx_HAL_Driver/Src/stm32f4xx_hal_dma.o
 .rodata.commands
                0x000000000800e654       0xe4 Src/COM.o
 .rodata.AHBPrescTable
                0x000000000800e738       0x10 Src/system_stm32f4xx.o
                0x000000000800e738                AHBPrescTable
 .rodata.APBPrescTable
                0x000000000800e748        0x8 Src/system_stm32f4xx.o
                0x000000000800e748                APBPrescTable
 .rodata._printf_float.str1.1
                0x000000000800e750       0x12 c:/st/stm32cubeide_1.3.0/stm32cubeide/plugins/com.st.stm32cube.ide.mcu.externaltools.gnu-tools-for-stm32.7-2018-q2-update.win32_1.0.0.201904181610/tools/bin/../lib/gcc/arm-none-eabi/7.3.1/../../../../arm-none-eabi/lib/thumb/v7e-m/fpv4-sp/hard\libc_nano.a(lib_a-nano-vfprintf_float.o)
 .rodata._printf_i.str1.1
                0x000000000800e762       0x22 c:/st/stm32cubeide_1.3.0/stm32cubeide/plugins/com.st.stm32cube.ide.mcu.externaltools.gnu-tools-for-stm32.7-2018-q2-update.win32_1.0.0.201904181610/tools/bin/../lib/gcc/arm-none-eabi/7.3.1/../../../../arm-none-eabi/lib/thumb/v7e-m/fpv4-sp/hard\libc_nano.a(lib_a-nano-vfprintf_i.o)
 .rodata._dtoa_r.str1.1
                0x000000000800e784        0xd c:/st/stm32cubeide_1.3.0/stm32cubeide/plugins/com.st.stm32cube.ide.mcu.externaltools.gnu-tools-for-stm32.7-2018-q2-update.win32_1.0.0.201904181610/tools/bin/../lib/gcc/arm-none-eabi/7.3.1/../../../../arm-none-eabi/lib/thumb/v7e-m/fpv4-sp/hard\libc_nano.a(lib_a-dtoa.o)
                                          0xf (size before relaxing)
 .rodata._setlocale_r.str1.1
                0x000000000800e791        0x8 c:/st/stm32cubeide_1.3.0/stm32cubeide/plugins/com.st.stm32cube.ide.mcu.externaltools.gnu-tools-for-stm32.7-2018-q2-update.win32_1.0.0.201904181610/tools/bin/../lib/gcc/arm-none-eabi/7.3.1/../../../../arm-none-eabi/lib/thumb/v7e-m/fpv4-sp/hard\libc_nano.a(lib_a-locale.o)
                                          0x9 (size before relaxing)
 .rodata.str1.1
                0x000000000800e799        0x2 c:/st/stm32cubeide_1.3.0/stm32cubeide/plugins/com.st.stm32cube.ide.mcu.externaltools.gnu-tools-for-stm32.7-2018-q2-update.win32_1.0.0.201904181610/tools/bin/../lib/gcc/arm-none-eabi/7.3.1/../../../../arm-none-eabi/lib/thumb/v7e-m/fpv4-sp/hard\libc_nano.a(lib_a-locale.o)
 *fill*         0x000000000800e79b        0x5 
 .rodata.__mprec_bigtens
                0x000000000800e7a0       0x28 c:/st/stm32cubeide_1.3.0/stm32cubeide/plugins/com.st.stm32cube.ide.mcu.externaltools.gnu-tools-for-stm32.7-2018-q2-update.win32_1.0.0.201904181610/tools/bin/../lib/gcc/arm-none-eabi/7.3.1/../../../../arm-none-eabi/lib/thumb/v7e-m/fpv4-sp/hard\libc_nano.a(lib_a-mprec.o)
                0x000000000800e7a0                __mprec_bigtens
 .rodata.__mprec_tens
                0x000000000800e7c8       0xc8 c:/st/stm32cubeide_1.3.0/stm32cubeide/plugins/com.st.stm32cube.ide.mcu.externaltools.gnu-tools-for-stm32.7-2018-q2-update.win32_1.0.0.201904181610/tools/bin/../lib/gcc/arm-none-eabi/7.3.1/../../../../arm-none-eabi/lib/thumb/v7e-m/fpv4-sp/hard\libc_nano.a(lib_a-mprec.o)
                0x000000000800e7c8                __mprec_tens
 .rodata.p05.7359
                0x000000000800e890        0xc c:/st/stm32cubeide_1.3.0/stm32cubeide/plugins/com.st.stm32cube.ide.mcu.externaltools.gnu-tools-for-stm32.7-2018-q2-update.win32_1.0.0.201904181610/tools/bin/../lib/gcc/arm-none-eabi/7.3.1/../../../../arm-none-eabi/lib/thumb/v7e-m/fpv4-sp/hard\libc_nano.a(lib_a-mprec.o)
 .rodata._svfprintf_r.str1.1
                0x000000000800e89c       0x11 c:/st/stm32cubeide_1.3.0/stm32cubeide/plugins/com.st.stm32cube.ide.mcu.externaltools.gnu-tools-for-stm32.7-2018-q2-update.win32_1.0.0.201904181610/tools/bin/../lib/gcc/arm-none-eabi/7.3.1/../../../../arm-none-eabi/lib/thumb/v7e-m/fpv4-sp/hard\libc_nano.a(lib_a-nano-svfprintf.o)
 .rodata._ctype_
                0x000000000800e8ad      0x101 c:/st/stm32cubeide_1.3.0/stm32cubeide/plugins/com.st.stm32cube.ide.mcu.externaltools.gnu-tools-for-stm32.7-2018-q2-update.win32_1.0.0.201904181610/tools/bin/../lib/gcc/arm-none-eabi/7.3.1/../../../../arm-none-eabi/lib/thumb/v7e-m/fpv4-sp/hard\libc_nano.a(lib_a-ctype_.o)
                0x000000000800e8ad                _ctype_
                0x000000000800e9b0                . = ALIGN (0x4)
 *fill*         0x000000000800e9ae        0x2 

.ARM.extab      0x000000000800e9b0        0x0
                0x000000000800e9b0                . = ALIGN (0x4)
 *(.ARM.extab* .gnu.linkonce.armextab.*)
                0x000000000800e9b0                . = ALIGN (0x4)

.ARM            0x000000000800e9b0        0x8
                0x000000000800e9b0                . = ALIGN (0x4)
                0x000000000800e9b0                __exidx_start = .
 *(.ARM.exidx*)
 .ARM.exidx     0x000000000800e9b0        0x8 c:/st/stm32cubeide_1.3.0/stm32cubeide/plugins/com.st.stm32cube.ide.mcu.externaltools.gnu-tools-for-stm32.7-2018-q2-update.win32_1.0.0.201904181610/tools/bin/../lib/gcc/arm-none-eabi/7.3.1/thumb/v7e-m/fpv4-sp/hard\libgcc.a(_udivmoddi4.o)
                0x000000000800e9b8                __exidx_end = .
                0x000000000800e9b8                . = ALIGN (0x4)

.rel.dyn        0x000000000800e9b8        0x0
 .rel.iplt      0x000000000800e9b8        0x0 c:/st/stm32cubeide_1.3.0/stm32cubeide/plugins/com.st.stm32cube.ide.mcu.externaltools.gnu-tools-for-stm32.7-2018-q2-update.win32_1.0.0.201904181610/tools/bin/../lib/gcc/arm-none-eabi/7.3.1/thumb/v7e-m/fpv4-sp/hard/crtbegin.o

.preinit_array  0x000000000800e9b8        0x0
                0x000000000800e9b8                . = ALIGN (0x4)
                0x000000000800e9b8                PROVIDE (__preinit_array_start = .)
 *(.preinit_array*)
                0x000000000800e9b8                PROVIDE (__preinit_array_end = .)
                0x000000000800e9b8                . = ALIGN (0x4)

.init_array     0x000000000800e9b8        0x4
                0x000000000800e9b8                . = ALIGN (0x4)
                0x000000000800e9b8                PROVIDE (__init_array_start = .)
 *(SORT_BY_NAME(.init_array.*))
 *(.init_array*)
 .init_array    0x000000000800e9b8        0x4 c:/st/stm32cubeide_1.3.0/stm32cubeide/plugins/com.st.stm32cube.ide.mcu.externaltools.gnu-tools-for-stm32.7-2018-q2-update.win32_1.0.0.201904181610/tools/bin/../lib/gcc/arm-none-eabi/7.3.1/thumb/v7e-m/fpv4-sp/hard/crtbegin.o
                0x000000000800e9bc                PROVIDE (__init_array_end = .)
                0x000000000800e9bc                . = ALIGN (0x4)

.fini_array     0x000000000800e9bc        0x4
                0x000000000800e9bc                . = ALIGN (0x4)
                [!provide]                        PROVIDE (__fini_array_start = .)
 *(SORT_BY_NAME(.fini_array.*))
 *(.fini_array*)
 .fini_array    0x000000000800e9bc        0x4 c:/st/stm32cubeide_1.3.0/stm32cubeide/plugins/com.st.stm32cube.ide.mcu.externaltools.gnu-tools-for-stm32.7-2018-q2-update.win32_1.0.0.201904181610/tools/bin/../lib/gcc/arm-none-eabi/7.3.1/thumb/v7e-m/fpv4-sp/hard/crtbegin.o
                [!provide]                        PROVIDE (__fini_array_end = .)
                0x000000000800e9c0                . = ALIGN (0x4)
                0x000000000800e9c0                _sidata = LOADADDR (.data)

.data           0x0000000020000080      0x1dc load address 0x000000000800e9c0
                0x0000000020000080                . = ALIGN (0x4)
                0x0000000020000080                _sdata = .
 *(.data)
 *(.data*)
 .data.uwTickPrio
                0x0000000020000080        0x4 Drivers/STM32F4xx_HAL_Driver/Src/stm32f4xx_hal.o
                0x0000000020000080                uwTickPrio
 .data.uwTickFreq
                0x0000000020000084        0x1 Drivers/STM32F4xx_HAL_Driver/Src/stm32f4xx_hal.o
                0x0000000020000084                uwTickFreq
 *fill*         0x0000000020000085        0x3 
 .data.SystemCoreClock
                0x0000000020000088        0x4 Src/system_stm32f4xx.o
                0x0000000020000088                SystemCoreClock
 .data._impure_ptr
                0x000000002000008c        0x4 c:/st/stm32cubeide_1.3.0/stm32cubeide/plugins/com.st.stm32cube.ide.mcu.externaltools.gnu-tools-for-stm32.7-2018-q2-update.win32_1.0.0.201904181610/tools/bin/../lib/gcc/arm-none-eabi/7.3.1/../../../../arm-none-eabi/lib/thumb/v7e-m/fpv4-sp/hard\libc_nano.a(lib_a-impure.o)
                0x000000002000008c                _impure_ptr
 .data.impure_data
                0x0000000020000090       0x60 c:/st/stm32cubeide_1.3.0/stm32cubeide/plugins/com.st.stm32cube.ide.mcu.externaltools.gnu-tools-for-stm32.7-2018-q2-update.win32_1.0.0.201904181610/tools/bin/../lib/gcc/arm-none-eabi/7.3.1/../../../../arm-none-eabi/lib/thumb/v7e-m/fpv4-sp/hard\libc_nano.a(lib_a-impure.o)
 .data.__global_locale
                0x00000000200000f0      0x16c c:/st/stm32cubeide_1.3.0/stm32cubeide/plugins/com.st.stm32cube.ide.mcu.externaltools.gnu-tools-for-stm32.7-2018-q2-update.win32_1.0.0.201904181610/tools/bin/../lib/gcc/arm-none-eabi/7.3.1/../../../../arm-none-eabi/lib/thumb/v7e-m/fpv4-sp/hard\libc_nano.a(lib_a-locale.o)
                0x00000000200000f0                __global_locale
                0x000000002000025c                . = ALIGN (0x4)
                0x000000002000025c                _edata = .

.igot.plt       0x000000002000025c        0x0 load address 0x000000000800eb9c
 .igot.plt      0x000000002000025c        0x0 c:/st/stm32cubeide_1.3.0/stm32cubeide/plugins/com.st.stm32cube.ide.mcu.externaltools.gnu-tools-for-stm32.7-2018-q2-update.win32_1.0.0.201904181610/tools/bin/../lib/gcc/arm-none-eabi/7.3.1/thumb/v7e-m/fpv4-sp/hard/crtbegin.o

.noinit         0x0000000020000000       0x44
                0x0000000020000000                . = ALIGN (0x4)
                [!provide]                        PROVIDE (__start_noinit_data = .)
 *(.noinit)
 .noinit        0x0000000020000000       0x44 Src/Debug.o
                [!provide]                        PROVIDE (__stop_noinit_data = .)
                0x0000000020000044                . = ALIGN (0x4)

.ip_code        0x0000000008060000        0x0
                0x0000000008060000                . = ALIGN (0x4)
 *(.IP_Code.VERSION_NUMBER)
 *(.IP_Code*)
                0x0000000008060000                . = ALIGN (0x4)
                0x0000000008060000                . = ALIGN (0x4)

.bss            0x000000002000025c      0x674
                0x000000002000025c                _sbss = .
                0x000000002000025c                __bss_start__ = _sbss
 *(.bss)
 .bss           0x000000002000025c       0x1c c:/st/stm32cubeide_1.3.0/stm32cubeide/plugins/com.st.stm32cube.ide.mcu.externaltools.gnu-tools-for-stm32.7-2018-q2-update.win32_1.0.0.201904181610/tools/bin/../lib/gcc/arm-none-eabi/7.3.1/thumb/v7e-m/fpv4-sp/hard/crtbegin.o
 *(.bss*)
 .bss.s_uart_buffer
                0x0000000020000278       0xcc Src/COM.o
 .bss.reset_cause
                0x0000000020000344        0x1 Src/Debug.o
 *fill*         0x0000000020000345        0x3 
 .bss.MY_SectorAddrs
                0x0000000020000348        0x4 Src/Flash.o
 .bss.MY_SectorNum
                0x000000002000034c        0x1 Src/Flash.o
 *fill*         0x000000002000034d        0x3 
 .bss.dev_ctx   0x0000000020000350        0xc Src/lsm6dsl.o
 .bss.heap_end.6424
                0x000000002000035c        0x4 Src/sysmem.o
 .bss.__malloc_free_list