Archive member included to satisfy reference by file (symbol)

c:/st/stm32cubeide_1.3.0/stm32cubeide/plugins/com.st.stm32cube.ide.mcu.externaltools.gnu-tools-for-stm32.7-2018-q2-update.win32_1.0.0.201904181610/tools/bin/../lib/gcc/arm-none-eabi/7.3.1/../../../../arm-none-eabi/lib/thumb/v7e-m/fpv4-sp/hard\libc_nano.a(lib_a-atoi.o)
                              Src/command.o (atoi)
c:/st/stm32cubeide_1.3.0/stm32cubeide/plugins/com.st.stm32cube.ide.mcu.externaltools.gnu-tools-for-stm32.7-2018-q2-update.win32_1.0.0.201904181610/tools/bin/../lib/gcc/arm-none-eabi/7.3.1/../../../../arm-none-eabi/lib/thumb/v7e-m/fpv4-sp/hard\libc_nano.a(lib_a-errno.o)
                              Src/syscalls.o (__errno)
c:/st/stm32cubeide_1.3.0/stm32cubeide/plugins/com.st.stm32cube.ide.mcu.externaltools.gnu-tools-for-stm32.7-2018-q2-update.win32_1.0.0.201904181610/tools/bin/../lib/gcc/arm-none-eabi/7.3.1/../../../../arm-none-eabi/lib/thumb/v7e-m/fpv4-sp/hard\libc_nano.a(lib_a-exit.o)
                              c:/st/stm32cubeide_1.3.0/stm32cubeide/plugins/com.st.stm32cube.ide.mcu.externaltools.gnu-tools-for-stm32.7-2018-q2-update.win32_1.0.0.201904181610/tools/bin/../lib/gcc/arm-none-eabi/7.3.1/../../../../arm-none-eabi/lib/thumb/v7e-m/fpv4-sp/hard/crt0.o (exit)
c:/st/stm32cubeide_1.3.0/stm32cubeide/plugins/com.st.stm32cube.ide.mcu.externaltools.gnu-tools-for-stm32.7-2018-q2-update.win32_1.0.0.201904181610/tools/bin/../lib/gcc/arm-none-eabi/7.3.1/../../../../arm-none-eabi/lib/thumb/v7e-m/fpv4-sp/hard\libc_nano.a(lib_a-impure.o)
                              c:/st/stm32cubeide_1.3.0/stm32cubeide/plugins/com.st.stm32cube.ide.mcu.externaltools.gnu-tools-for-stm32.7-2018-q2-update.win32_1.0.0.201904181610/tools/bin/../lib/gcc/arm-none-eabi/7.3.1/../../../../arm-none-eabi/lib/thumb/v7e-m/fpv4-sp/hard\libc_nano.a(lib_a-exit.o) (_global_impure_ptr)
c:/st/stm32cubeide_1.3.0/stm32cubeide/plugins/com.st.stm32cube.ide.mcu.externaltools.gnu-tools-for-stm32.7-2018-q2-update.win32_1.0.0.201904181610/tools/bin/../lib/gcc/arm-none-eabi/7.3.1/../../../../arm-none-eabi/lib/thumb/v7e-m/fpv4-sp/hard\libc_nano.a(lib_a-init.o)
                              c:/st/stm32cubeide_1.3.0/stm32cubeide/plugins/com.st.stm32cube.ide.mcu.externaltools.gnu-tools-for-stm32.7-2018-q2-update.win32_1.0.0.201904181610/tools/bin/../lib/gcc/arm-none-eabi/7.3.1/../../../../arm-none-eabi/lib/thumb/v7e-m/fpv4-sp/hard/crt0.o (__libc_init_array)
c:/st/stm32cubeide_1.3.0/stm32cubeide/plugins/com.st.stm32cube.ide.mcu.externaltools.gnu-tools-for-stm32.7-2018-q2-update.win32_1.0.0.201904181610/tools/bin/../lib/gcc/arm-none-eabi/7.3.1/../../../../arm-none-eabi/lib/thumb/v7e-m/fpv4-sp/hard\libc_nano.a(lib_a-memset.o)
                              c:/st/stm32cubeide_1.3.0/stm32cubeide/plugins/com.st.stm32cube.ide.mcu.externaltools.gnu-tools-for-stm32.7-2018-q2-update.win32_1.0.0.201904181610/tools/bin/../lib/gcc/arm-none-eabi/7.3.1/../../../../arm-none-eabi/lib/thumb/v7e-m/fpv4-sp/hard/crt0.o (memset)
c:/st/stm32cubeide_1.3.0/stm32cubeide/plugins/com.st.stm32cube.ide.mcu.externaltools.gnu-tools-for-stm32.7-2018-q2-update.win32_1.0.0.201904181610/tools/bin/../lib/gcc/arm-none-eabi/7.3.1/../../../../arm-none-eabi/lib/thumb/v7e-m/fpv4-sp/hard\libc_nano.a(lib_a-nano-vfprintf_float.o)
                              (_printf_float)
c:/st/stm32cubeide_1.3.0/stm32cubeide/plugins/com.st.stm32cube.ide.mcu.externaltools.gnu-tools-for-stm32.7-2018-q2-update.win32_1.0.0.201904181610/tools/bin/../lib/gcc/arm-none-eabi/7.3.1/../../../../arm-none-eabi/lib/thumb/v7e-m/fpv4-sp/hard\libc_nano.a(lib_a-nano-vfprintf_i.o)
                              c:/st/stm32cubeide_1.3.0/stm32cubeide/plugins/com.st.stm32cube.ide.mcu.externaltools.gnu-tools-for-stm32.7-2018-q2-update.win32_1.0.0.201904181610/tools/bin/../lib/gcc/arm-none-eabi/7.3.1/../../../../arm-none-eabi/lib/thumb/v7e-m/fpv4-sp/hard\libc_nano.a(lib_a-nano-vfprintf_float.o) (_printf_common)
c:/st/stm32cubeide_1.3.0/stm32cubeide/plugins/com.st.stm32cube.ide.mcu.externaltools.gnu-tools-for-stm32.7-2018-q2-update.win32_1.0.0.201904181610/tools/bin/../lib/gcc/arm-none-eabi/7.3.1/../../../../arm-none-eabi/lib/thumb/v7e-m/fpv4-sp/hard\libc_nano.a(lib_a-sprintf.o)
                              Src/command.o (sprintf)
c:/st/stm32cubeide_1.3.0/stm32cubeide/plugins/com.st.stm32cube.ide.mcu.externaltools.gnu-tools-for-stm32.7-2018-q2-update.win32_1.0.0.201904181610/tools/bin/../lib/gcc/arm-none-eabi/7.3.1/../../../../arm-none-eabi/lib/thumb/v7e-m/fpv4-sp/hard\libc_nano.a(lib_a-strlen.o)
                              Src/com.o (strlen)
c:/st/stm32cubeide_1.3.0/stm32cubeide/plugins/com.st.stm32cube.ide.mcu.externaltools.gnu-tools-for-stm32.7-2018-q2-update.win32_1.0.0.201904181610/tools/bin/../lib/gcc/arm-none-eabi/7.3.1/../../../../arm-none-eabi/lib/thumb/v7e-m/fpv4-sp/hard\libc_nano.a(lib_a-strncmp.o)
                              Src/command.o (strncmp)
[...]
Memory Configuration

Name             Origin             Length             Attributes
RAM              0x0000000020000080 0x000000000001ff80 xrw
NOINIT           0x0000000020000000 0x0000000000000080 xrw
FLASH            0x0000000008000000 0x0000000000060000 xr
IP_CODE          0x0000000008060000 0x0000000000020000 xr
*default*        0x0000000000000000 0xffffffffffffffff

Linker script and memory map

LOAD c:/st/stm32cubeide_1.3.0/stm32cubeide/plugins/com.st.stm32cube.ide.mcu.externaltools.gnu-tools-for-stm32.7-2018-q2-update.win32_1.0.0.201904181610/tools/bin/../lib/gcc/arm-none-eabi/7.3.1/thumb/v7e-m/fpv4-sp/hard/crti.o
LOAD c:/st/stm32cubeide_1.3.0/stm32cubeide/plugins/com.st.stm32cube.ide.mcu.externaltools.gnu-tools-for-stm32.7-2018-q2-update.win32_1.0.0.201904181610/tools/bin/../lib/gcc/arm-none-eabi/7.3.1/thumb/v7e-m/fpv4-sp/hard/crtbegin.o
LOAD c:/st/stm32cubeide_1.3.0/stm32cubeide/plugins/com.st.stm32cube.ide.mcu.externaltools.gnu-tools-for-stm32.7-2018-q2-update.win32_1.0.0.201904181610/tools/bin/../lib/gcc/arm-none-eabi/7.3.1/../../../../arm-none-eabi/lib/thumb/v7e-m/fpv4-sp/hard/crt0.o
LOAD Drivers/STM32F4xx_HAL_Driver/Src/stm32f4xx_hal.o
LOAD Drivers/STM32F4xx_HAL_Driver/Src/stm32f4xx_hal_cortex.o
LOAD Drivers/STM32F4xx_HAL_Driver/Src/stm32f4xx_hal_crc.o
LOAD Drivers/STM32F4xx_HAL_Driver/Src/stm32f4xx_hal_dma.o
LOAD Drivers/STM32F4xx_HAL_Driver/Src/stm32f4xx_hal_dma_ex.o
LOAD Drivers/STM32F4xx_HAL_Driver/Src/stm32f4xx_hal_exti.o
LOAD Drivers/STM32F4xx_HAL_Driver/Src/stm32f4xx_hal_flash.o
LOAD Drivers/STM32F4xx_HAL_Driver/Src/stm32f4xx_hal_flash_ex.o
LOAD Drivers/STM32F4xx_HAL_Driver/Src/stm32f4xx_hal_flash_ramfunc.o
LOAD Drivers/STM32F4xx_HAL_Driver/Src/stm32f4xx_hal_gpio.o
LOAD Drivers/STM32F4xx_HAL_Driver/Src/stm32f4xx_hal_i2c.o
LOAD Drivers/STM32F4xx_HAL_Driver/Src/stm32f4xx_hal_i2c_ex.o
LOAD Drivers/STM32F4xx_HAL_Driver/Src/stm32f4xx_hal_iwdg.o
LOAD Drivers/STM32F4xx_HAL_Driver/Src/stm32f4xx_hal_pwr.o
LOAD Drivers/STM32F4xx_HAL_Driver/Src/stm32f4xx_hal_pwr_ex.o
LOAD Drivers/STM32F4xx_HAL_Driver/Src/stm32f4xx_hal_rcc.o
LOAD Drivers/STM32F4xx_HAL_Driver/Src/stm32f4xx_hal_rcc_ex.o
LOAD Drivers/STM32F4xx_HAL_Driver/Src/stm32f4xx_hal_rtc.o
LOAD Drivers/STM32F4xx_HAL_Driver/Src/stm32f4xx_hal_rtc_ex.o
LOAD Drivers/STM32F4xx_HAL_Driver/Src/stm32f4xx_hal_tim.o
LOAD Drivers/STM32F4xx_HAL_Driver/Src/stm32f4xx_hal_tim_ex.o
LOAD Drivers/STM32F4xx_HAL_Driver/Src/stm32f4xx_hal_uart.o
LOAD Src/com.o
LOAD Src/command.o
LOAD Src/crc.o
LOAD Src/dma.o
LOAD Src/flash.o
LOAD Src/gpio.o
LOAD Src/i2c.o
LOAD Src/iwdg.o
LOAD Src/lsm6dsl.o
LOAD Src/lsm6dsl_reg.o
LOAD Src/main.o
LOAD Src/rtc.o
LOAD Src/stm32f4xx_hal_msp.o
LOAD Src/stm32f4xx_hal_timebase_tim.o
LOAD Src/stm32f4xx_it.o
LOAD Src/syscalls.o
LOAD Src/sysmem.o
LOAD Src/system_debug.o
LOAD Src/system_isr.o
LOAD Src/system_stm32f4xx.o
LOAD Src/tim.o
LOAD Src/usart.o
LOAD Startup/startup_stm32f411retx.o
START GROUP
LOAD c:/st/stm32cubeide_1.3.0/stm32cubeide/plugins/com.st.stm32cube.ide.mcu.externaltools.gnu-tools-for-stm32.7-2018-q2-update.win32_1.0.0.201904181610/tools/bin/../lib/gcc/arm-none-eabi/7.3.1/../../../../arm-none-eabi/lib/thumb/v7e-m/fpv4-sp/hard\libc_nano.a
LOAD c:/st/stm32cubeide_1.3.0/stm32cubeide/plugins/com.st.stm32cube.ide.mcu.externaltools.gnu-tools-for-stm32.7-2018-q2-update.win32_1.0.0.201904181610/tools/bin/../lib/gcc/arm-none-eabi/7.3.1/../../../../arm-none-eabi/lib/thumb/v7e-m/fpv4-sp/hard\libm.a
END GROUP
START GROUP
LOAD c:/st/stm32cubeide_1.3.0/stm32cubeide/plugins/com.st.stm32cube.ide.mcu.externaltools.gnu-tools-for-stm32.7-2018-q2-update.win32_1.0.0.201904181610/tools/bin/../lib/gcc/arm-none-eabi/7.3.1/thumb/v7e-m/fpv4-sp/hard\libgcc.a
LOAD c:/st/stm32cubeide_1.3.0/stm32cubeide/plugins/com.st.stm32cube.ide.mcu.externaltools.gnu-tools-for-stm32.7-2018-q2-update.win32_1.0.0.201904181610/tools/bin/../lib/gcc/arm-none-eabi/7.3.1/../../../../arm-none-eabi/lib/thumb/v7e-m/fpv4-sp/hard\libc_nano.a
END GROUP
START GROUP
LOAD c:/st/stm32cubeide_1.3.0/stm32cubeide/plugins/com.st.stm32cube.ide.mcu.externaltools.gnu-tools-for-stm32.7-2018-q2-update.win32_1.0.0.201904181610/tools/bin/../lib/gcc/arm-none-eabi/7.3.1/thumb/v7e-m/fpv4-sp/hard\libgcc.a
LOAD c:/st/stm32cubeide_1.3.0/stm32cubeide/plugins/com.st.stm32cube.ide.mcu.externaltools.gnu-tools-for-stm32.7-2018-q2-update.win32_1.0.0.201904181610/tools/bin/../lib/gcc/arm-none-eabi/7.3.1/../../../../arm-none-eabi/lib/thumb/v7e-m/fpv4-sp/hard\libc_nano.a
LOAD c:/st/stm32cubeide_1.3.0/stm32cubeide/plugins/com.st.stm32cube.ide.mcu.externaltools.gnu-tools-for-stm32.7-2018-q2-update.win32_1.0.0.201904181610/tools/bin/../lib/gcc/arm-none-eabi/7.3.1/../../../../arm-none-eabi/lib/thumb/v7e-m/fpv4-sp/hard\libnosys.a
END GROUP
START GROUP
LOAD c:/st/stm32cubeide_1.3.0/stm32cubeide/plugins/com.st.stm32cube.ide.mcu.externaltools.gnu-tools-for-stm32.7-2018-q2-update.win32_1.0.0.201904181610/tools/bin/../lib/gcc/arm-none-eabi/7.3.1/thumb/v7e-m/fpv4-sp/hard\libgcc.a
LOAD c:/st/stm32cubeide_1.3.0/stm32cubeide/plugins/com.st.stm32cube.ide.mcu.externaltools.gnu-tools-for-stm32.7-2018-q2-update.win32_1.0.0.201904181610/tools/bin/../lib/gcc/arm-none-eabi/7.3.1/../../../../arm-none-eabi/lib/thumb/v7e-m/fpv4-sp/hard\libc_nano.a
LOAD c:/st/stm32cubeide_1.3.0/stm32cubeide/plugins/com.st.stm32cube.ide.mcu.externaltools.gnu-tools-for-stm32.7-2018-q2-update.win32_1.0.0.201904181610/tools/bin/../lib/gcc/arm-none-eabi/7.3.1/../../../../arm-none-eabi/lib/thumb/v7e-m/fpv4-sp/hard\libnosys.a
END GROUP
LOAD c:/st/stm32cubeide_1.3.0/stm32cubeide/plugins/com.st.stm32cube.ide.mcu.externaltools.gnu-tools-for-stm32.7-2018-q2-update.win32_1.0.0.201904181610/tools/bin/../lib/gcc/arm-none-eabi/7.3.1/thumb/v7e-m/fpv4-sp/hard/crtend.o
LOAD c:/st/stm32cubeide_1.3.0/stm32cubeide/plugins/com.st.stm32cube.ide.mcu.externaltools.gnu-tools-for-stm32.7-2018-q2-update.win32_1.0.0.201904181610/tools/bin/../lib/gcc/arm-none-eabi/7.3.1/thumb/v7e-m/fpv4-sp/hard/crtn.o
                0x0000000020020000                _estack = (ORIGIN (RAM) + LENGTH (RAM))
                0x0000000000000200                _Min_Heap_Size = 0x200
                0x0000000000000400                _Min_Stack_Size = 0x400

.isr_vector     0x0000000008000000      0x198
                0x0000000008000000                . = ALIGN (0x4)
 *(.isr_vector)
 .isr_vector    0x0000000008000000      0x198 Startup/startup_stm32f411retx.o
                0x0000000008000000                g_pfnVectors
                0x0000000008000198                . = ALIGN (0x4)

.text           0x00000000080001a0     0xde80
                0x00000000080001a0                . = ALIGN (0x4)
 *(.text)
 .text          0x00000000080001a0       0x40 c:/st/stm32cubeide_1.3.0/stm32cubeide/plugins/com.st.stm32cube.ide.mcu.externaltools.gnu-tools-for-stm32.7-2018-q2-update.win32_1.0.0.201904181610/tools/bin/../lib/gcc/arm-none-eabi/7.3.1/thumb/v7e-m/fpv4-sp/hard/crtbegin.o
 .text          0x00000000080001e0       0x10 c:/st/stm32cubeide_1.3.0/stm32cubeide/plugins/com.st.stm32cube.ide.mcu.externaltools.gnu-tools-for-stm32.7-2018-q2-update.win32_1.0.0.201904181610/tools/bin/../lib/gcc/arm-none-eabi/7.3.1/../../../../arm-none-eabi/lib/thumb/v7e-m/fpv4-sp/hard\libc_nano.a(lib_a-strlen.o)
                0x00000000080001e0                strlen
 .text          0x00000000080001f0       0xa0 c:/st/stm32cubeide_1.3.0/stm32cubeide/plugins/com.st.stm32cube.ide.mcu.externaltools.gnu-tools-for-stm32.7-2018-q2-update.win32_1.0.0.201904181610/tools/bin/../lib/gcc/arm-none-eabi/7.3.1/../../../../arm-none-eabi/lib/thumb/v7e-m/fpv4-sp/hard\libc_nano.a(lib_a-memchr.o)
                0x00000000080001f0                memchr
 .text          0x0000000008000290      0x378 c:/st/stm32cubeide_1.3.0/stm32cubeide/plugins/com.st.stm32cube.ide.mcu.externaltools.gnu-tools-for-stm32.7-2018-q2-update.win32_1.0.0.201904181610/tools/bin/../lib/gcc/arm-none-eabi/7.3.1/thumb/v7e-m/fpv4-sp/hard\libgcc.a(_arm_addsubdf3.o)
                0x0000000008000290                __aeabi_drsub
                0x0000000008000298                __aeabi_dsub
                0x0000000008000298                __subdf3
                0x000000000800029c                __aeabi_dadd
                0x000000000800029c                __adddf3
                0x0000000008000514                __floatunsidf
                0x0000000008000514                __aeabi_ui2d
                0x0000000008000534                __floatsidf
                0x0000000008000534                __aeabi_i2d
                0x0000000008000558                __aeabi_f2d
                0x0000000008000558                __extendsfdf2
                0x000000000800059c                __floatundidf
                0x000000000800059c                __aeabi_ul2d
                0x00000000080005ac                __floatdidf
                0x00000000080005ac                __aeabi_l2d
 .text          0x0000000008000608      0x424 c:/st/stm32cubeide_1.3.0/stm32cubeide/plugins/com.st.stm32cube.ide.mcu.externaltools.gnu-tools-for-stm32.7-2018-q2-update.win32_1.0.0.201904181610/tools/bin/../lib/gcc/arm-none-eabi/7.3.1/thumb/v7e-m/fpv4-sp/hard\libgcc.a(_arm_muldivdf3.o)
                0x0000000008000608                __aeabi_dmul
                0x0000000008000608                __muldf3
                0x000000000800085c                __divdf3
                0x000000000800085c                __aeabi_ddiv
 .text          0x0000000008000a2c      0x110 c:/st/stm32cubeide_1.3.0/stm32cubeide/plugins/com.st.stm32cube.ide.mcu.externaltools.gnu-tools-for-stm32.7-2018-q2-update.win32_1.0.0.201904181610/tools/bin/../lib/gcc/arm-none-eabi/7.3.1/thumb/v7e-m/fpv4-sp/hard\libgcc.a(_arm_cmpdf2.o)
                0x0000000008000a2c                __gtdf2
                0x0000000008000a2c                __gedf2
                0x0000000008000a34                __ltdf2
                0x0000000008000a34                __ledf2
                0x0000000008000a3c                __nedf2
                0x0000000008000a3c                __eqdf2
                0x0000000008000a3c                __cmpdf2
                0x0000000008000ab8                __aeabi_cdrcmple
                0x0000000008000ac8                __aeabi_cdcmpeq
                0x0000000008000ac8                __aeabi_cdcmple
                0x0000000008000ad8                __aeabi_dcmpeq
                0x0000000008000aec                __aeabi_dcmplt
                0x0000000008000b00                __aeabi_dcmple
                0x0000000008000b14                __aeabi_dcmpge
                0x0000000008000b28                __aeabi_dcmpgt
 .text          0x0000000008000b3c       0x2c c:/st/stm32cubeide_1.3.0/stm32cubeide/plugins/com.st.stm32cube.ide.mcu.externaltools.gnu-tools-for-stm32.7-2018-q2-update.win32_1.0.0.201904181610/tools/bin/../lib/gcc/arm-none-eabi/7.3.1/thumb/v7e-m/fpv4-sp/hard\libgcc.a(_arm_unorddf2.o)
                0x0000000008000b3c                __unorddf2
                0x0000000008000b3c                __aeabi_dcmpun
 .text          0x0000000008000b68       0x50 c:/st/stm32cubeide_1.3.0/stm32cubeide/plugins/com.st.stm32cube.ide.mcu.externaltools.gnu-tools-for-stm32.7-2018-q2-update.win32_1.0.0.201904181610/tools/bin/../lib/gcc/arm-none-eabi/7.3.1/thumb/v7e-m/fpv4-sp/hard\libgcc.a(_arm_fixdfsi.o)
                0x0000000008000b68                __aeabi_d2iz
                0x0000000008000b68                __fixdfsi
 .text          0x0000000008000bb8       0x30 c:/st/stm32cubeide_1.3.0/stm32cubeide/plugins/com.st.stm32cube.ide.mcu.externaltools.gnu-tools-for-stm32.7-2018-q2-update.win32_1.0.0.201904181610/tools/bin/../lib/gcc/arm-none-eabi/7.3.1/thumb/v7e-m/fpv4-sp/hard\libgcc.a(_aeabi_uldivmod.o)
                0x0000000008000bb8                __aeabi_uldivmod
 .text          0x0000000008000be8      0x2cc c:/st/stm32cubeide_1.3.0/stm32cubeide/plugins/com.st.stm32cube.ide.mcu.externaltools.gnu-tools-for-stm32.7-2018-q2-update.win32_1.0.0.201904181610/tools/bin/../lib/gcc/arm-none-eabi/7.3.1/thumb/v7e-m/fpv4-sp/hard\libgcc.a(_udivmoddi4.o)
                0x0000000008000be8                __udivmoddi4
 .text          0x0000000008000eb4        0x4 c:/st/stm32cubeide_1.3.0/stm32cubeide/plugins/com.st.stm32cube.ide.mcu.externaltools.gnu-tools-for-stm32.7-2018-q2-update.win32_1.0.0.201904181610/tools/bin/../lib/gcc/arm-none-eabi/7.3.1/thumb/v7e-m/fpv4-sp/hard\libgcc.a(_dvmd_tls.o)
                0x0000000008000eb4                __aeabi_idiv0
                0x0000000008000eb4                __aeabi_ldiv0
 *(.text*)
 .text.HAL_Init
                0x0000000008000eb8       0x44 Drivers/STM32F4xx_HAL_Driver/Src/stm32f4xx_hal.o
                0x0000000008000eb8                HAL_Init
 .text.HAL_IncTick
                0x0000000008000efc       0x28 Drivers/STM32F4xx_HAL_Driver/Src/stm32f4xx_hal.o
                0x0000000008000efc                HAL_IncTick
 .text.HAL_GetTick
                0x0000000008000f24       0x18 Drivers/STM32F4xx_HAL_Driver/Src/stm32f4xx_hal.o
                0x0000000008000f24                HAL_GetTick
 .text.__NVIC_SetPriorityGrouping
                0x0000000008000f3c       0x48 Drivers/STM32F4xx_HAL_Driver/Src/stm32f4xx_hal_cortex.o
 .text.__NVIC_GetPriorityGrouping
                0x0000000008000f84       0x1c Drivers/STM32F4xx_HAL_Driver/Src/stm32f4xx_hal_cortex.o
 .text.__NVIC_EnableIRQ
                0x0000000008000fa0       0x3c Drivers/STM32F4xx_HAL_Driver/Src/stm32f4xx_hal_cortex.o
 .text.__NVIC_SetPriority
                0x0000000008000fdc       0x54 Drivers/STM32F4xx_HAL_Driver/Src/stm32f4xx_hal_cortex.o
 .text.NVIC_EncodePriority
                0x0000000008001030       0x66 Drivers/STM32F4xx_HAL_Driver/Src/stm32f4xx_hal_cortex.o
 *fill*         0x0000000008001096        0x2 
 .text.HAL_NVIC_SetPriorityGrouping
                0x0000000008001098       0x40 Drivers/STM32F4xx_HAL_Driver/Src/stm32f4xx_hal_cortex.o
                0x0000000008001098                HAL_NVIC_SetPriorityGrouping
 .text.HAL_NVIC_SetPriority
                0x00000000080010d8       0x58 Drivers/STM32F4xx_HAL_Driver/Src/stm32f4xx_hal_cortex.o
                0x00000000080010d8                HAL_NVIC_SetPriority
 .text.HAL_NVIC_EnableIRQ
                0x0000000008001130       0x30 Drivers/STM32F4xx_HAL_Driver/Src/stm32f4xx_hal_cortex.o
                0x0000000008001130                HAL_NVIC_EnableIRQ
 .text.HAL_CRC_Init
                0x0000000008001160       0x54 Drivers/STM32F4xx_HAL_Driver/Src/stm32f4xx_hal_crc.o
                0x0000000008001160                HAL_CRC_Init
 .text.HAL_CRC_Calculate
                0x00000000080011b4       0x66 Drivers/STM32F4xx_HAL_Driver/Src/stm32f4xx_hal_crc.o
                0x00000000080011b4                HAL_CRC_Calculate
 *fill*         0x000000000800121a        0x2 
 .text.HAL_DMA_Init
                0x000000000800121c      0x438 Drivers/STM32F4xx_HAL_Driver/Src/stm32f4xx_hal_dma.o
                0x000000000800121c                HAL_DMA_Init
 .text.HAL_DMA_Start_IT
                0x0000000008001654       0xcc Drivers/STM32F4xx_HAL_Driver/Src/stm32f4xx_hal_dma.o
                0x0000000008001654                HAL_DMA_Start_IT
 .text.HAL_DMA_Abort_IT
                0x0000000008001720       0x44 Drivers/STM32F4xx_HAL_Driver/Src/stm32f4xx_hal_dma.o
                0x0000000008001720                HAL_DMA_Abort_IT
 .text.HAL_DMA_IRQHandler
                0x0000000008001764      0x314 Drivers/STM32F4xx_HAL_Driver/Src/stm32f4xx_hal_dma.o
                0x0000000008001764                HAL_DMA_IRQHandler
 .text.DMA_SetConfig
                0x0000000008001a78       0x5c Drivers/STM32F4xx_HAL_Driver/Src/stm32f4xx_hal_dma.o
 .text.DMA_CalcBaseAndBitshift
                0x0000000008001ad4       0x6c Drivers/STM32F4xx_HAL_Driver/Src/stm32f4xx_hal_dma.o
 .text.DMA_CheckFifoParam
                0x0000000008001b40       0xf4 Drivers/STM32F4xx_HAL_Driver/Src/stm32f4xx_hal_dma.o
 .text.HAL_FLASH_Program
                0x0000000008001c34       0xcc Drivers/STM32F4xx_HAL_Driver/Src/stm32f4xx_hal_flash.o
                0x0000000008001c34                HAL_FLASH_Program
 .text.HAL_FLASH_Unlock
                0x0000000008001d00       0x44 Drivers/STM32F4xx_HAL_Driver/Src/stm32f4xx_hal_flash.o
                0x0000000008001d00                HAL_FLASH_Unlock
 .text.HAL_FLASH_Lock
                0x0000000008001d44       0x20 Drivers/STM32F4xx_HAL_Driver/Src/stm32f4xx_hal_flash.o
                0x0000000008001d44                HAL_FLASH_Lock
 .text.HAL_FLASH_OB_Unlock
                0x0000000008001d64       0x38 Drivers/STM32F4xx_HAL_Driver/Src/stm32f4xx_hal_flash.o
                0x0000000008001d64                HAL_FLASH_OB_Unlock
 .text.HAL_FLASH_OB_Lock
                0x0000000008001d9c       0x20 Drivers/STM32F4xx_HAL_Driver/Src/stm32f4xx_hal_flash.o
                0x0000000008001d9c                HAL_FLASH_OB_Lock
 .text.HAL_FLASH_OB_Launch
                0x0000000008001dbc       0x28 Drivers/STM32F4xx_HAL_Driver/Src/stm32f4xx_hal_flash.o
                0x0000000008001dbc                HAL_FLASH_OB_Launch
 .text.FLASH_WaitForLastOperation
                0x0000000008001de4       0x80 Drivers/STM32F4xx_HAL_Driver/Src/stm32f4xx_hal_flash.o
                0x0000000008001de4                FLASH_WaitForLastOperation
 .text.FLASH_Program_DoubleWord
                0x0000000008001e64       0x98 Drivers/STM32F4xx_HAL_Driver/Src/stm32f4xx_hal_flash.o
 .text.FLASH_Program_Word
                0x0000000008001efc       0x7c Drivers/STM32F4xx_HAL_Driver/Src/stm32f4xx_hal_flash.o
 .text.FLASH_Program_HalfWord
                0x0000000008001f78       0x7c Drivers/STM32F4xx_HAL_Driver/Src/stm32f4xx_hal_flash.o
 .text.FLASH_Program_Byte
                0x0000000008001ff4       0x78 Drivers/STM32F4xx_HAL_Driver/Src/stm32f4xx_hal_flash.o
 .text.FLASH_SetErrorCode
                0x000000000800206c       0xcc Drivers/STM32F4xx_HAL_Driver/Src/stm32f4xx_hal_flash.o
 .text.HAL_FLASHEx_OBProgram
                0x0000000008002138      0x10c Drivers/STM32F4xx_HAL_Driver/Src/stm32f4xx_hal_flash_ex.o
                0x0000000008002138                HAL_FLASHEx_OBProgram
 .text.HAL_FLASHEx_OBGetConfig
                0x0000000008002244       0x46 Drivers/STM32F4xx_HAL_Driver/Src/stm32f4xx_hal_flash_ex.o
                0x0000000008002244                HAL_FLASHEx_OBGetConfig
 *fill*         0x000000000800228a        0x2 
 .text.FLASH_Erase_Sector
                0x000000000800228c       0xec Drivers/STM32F4xx_HAL_Driver/Src/stm32f4xx_hal_flash_ex.o
                0x000000000800228c                FLASH_Erase_Sector
 .text.FLASH_OB_EnableWRP
                0x0000000008002378       0x78 Drivers/STM32F4xx_HAL_Driver/Src/stm32f4xx_hal_flash_ex.o
 .text.FLASH_OB_DisableWRP
                0x00000000080023f0       0x74 Drivers/STM32F4xx_HAL_Driver/Src/stm32f4xx_hal_flash_ex.o
 .text.FLASH_OB_RDP_LevelConfig
                0x0000000008002464       0x54 Drivers/STM32F4xx_HAL_Driver/Src/stm32f4xx_hal_flash_ex.o
 .text.FLASH_OB_UserConfig
                0x00000000080024b8       0xa4 Drivers/STM32F4xx_HAL_Driver/Src/stm32f4xx_hal_flash_ex.o
 .text.FLASH_OB_BOR_LevelConfig
                0x000000000800255c       0x60 Drivers/STM32F4xx_HAL_Driver/Src/stm32f4xx_hal_flash_ex.o
 .text.FLASH_OB_GetUser
                0x00000000080025bc       0x20 Drivers/STM32F4xx_HAL_Driver/Src/stm32f4xx_hal_flash_ex.o
 .text.FLASH_OB_GetWRP
                0x00000000080025dc       0x18 Drivers/STM32F4xx_HAL_Driver/Src/stm32f4xx_hal_flash_ex.o
 .text.FLASH_OB_GetRDP
                0x00000000080025f4       0x40 Drivers/STM32F4xx_HAL_Driver/Src/stm32f4xx_hal_flash_ex.o
 .text.FLASH_OB_GetBOR
                0x0000000008002634       0x20 Drivers/STM32F4xx_HAL_Driver/Src/stm32f4xx_hal_flash_ex.o
 .text.HAL_GPIO_Init
                0x0000000008002654      0x550 Drivers/STM32F4xx_HAL_Driver/Src/stm32f4xx_hal_gpio.o
                0x0000000008002654                HAL_GPIO_Init
 .text.HAL_GPIO_WritePin
                0x0000000008002ba4       0x64 Drivers/STM32F4xx_HAL_Driver/Src/stm32f4xx_hal_gpio.o
                0x0000000008002ba4                HAL_GPIO_WritePin
 .text.HAL_GPIO_EXTI_IRQHandler
                0x0000000008002c08       0x30 Drivers/STM32F4xx_HAL_Driver/Src/stm32f4xx_hal_gpio.o
                0x0000000008002c08                HAL_GPIO_EXTI_IRQHandler
 .text.HAL_I2C_Init
                0x0000000008002c38      0x380 Drivers/STM32F4xx_HAL_Driver/Src/stm32f4xx_hal_i2c.o
                0x0000000008002c38                HAL_I2C_Init
 .text.HAL_I2C_Mem_Write
                0x0000000008002fb8      0x20c Drivers/STM32F4xx_HAL_Driver/Src/stm32f4xx_hal_i2c.o
                0x0000000008002fb8                HAL_I2C_Mem_Write
 .text.HAL_I2C_Mem_Read
                0x00000000080031c4      0x464 Drivers/STM32F4xx_HAL_Driver/Src/stm32f4xx_hal_i2c.o
                0x00000000080031c4                HAL_I2C_Mem_Read
 .text.I2C_RequestMemoryWrite
                0x0000000008003628      0x128 Drivers/STM32F4xx_HAL_Driver/Src/stm32f4xx_hal_i2c.o
 .text.I2C_RequestMemoryRead
                0x0000000008003750      0x1cc Drivers/STM32F4xx_HAL_Driver/Src/stm32f4xx_hal_i2c.o
 .text.I2C_WaitOnFlagUntilTimeout
                0x000000000800391c       0xae Drivers/STM32F4xx_HAL_Driver/Src/stm32f4xx_hal_i2c.o
 .text.I2C_WaitOnMasterAddressFlagUntilTimeout
                0x00000000080039ca       0xfe Drivers/STM32F4xx_HAL_Driver/Src/stm32f4xx_hal_i2c.o
 .text.I2C_WaitOnTXEFlagUntilTimeout
                0x0000000008003ac8       0x82 Drivers/STM32F4xx_HAL_Driver/Src/stm32f4xx_hal_i2c.o
 .text.I2C_WaitOnBTFFlagUntilTimeout
                0x0000000008003b4a       0x82 Drivers/STM32F4xx_HAL_Driver/Src/stm32f4xx_hal_i2c.o
 .text.I2C_WaitOnRXNEFlagUntilTimeout
                0x0000000008003bcc       0xac Drivers/STM32F4xx_HAL_Driver/Src/stm32f4xx_hal_i2c.o
 .text.I2C_IsAcknowledgeFailed
                0x0000000008003c78       0x5e Drivers/STM32F4xx_HAL_Driver/Src/stm32f4xx_hal_i2c.o
 *fill*         0x0000000008003cd6        0x2 
 .text.HAL_PWR_EnableWakeUpPin
                0x0000000008003cd8       0x38 Drivers/STM32F4xx_HAL_Driver/Src/stm32f4xx_hal_pwr.o
                0x0000000008003cd8                HAL_PWR_EnableWakeUpPin
 .text.HAL_PWR_DisableWakeUpPin
                0x0000000008003d10       0x38 Drivers/STM32F4xx_HAL_Driver/Src/stm32f4xx_hal_pwr.o
                0x0000000008003d10                HAL_PWR_DisableWakeUpPin
 .text.HAL_PWR_EnterSLEEPMode
                0x0000000008003d48       0x64 Drivers/STM32F4xx_HAL_Driver/Src/stm32f4xx_hal_pwr.o
                0x0000000008003d48                HAL_PWR_EnterSLEEPMode
 .text.HAL_PWR_EnterSTOPMode
                0x0000000008003dac       0x84 Drivers/STM32F4xx_HAL_Driver/Src/stm32f4xx_hal_pwr.o
                0x0000000008003dac                HAL_PWR_EnterSTOPMode
 .text.HAL_PWR_EnterSTANDBYMode
                0x0000000008003e30       0x30 Drivers/STM32F4xx_HAL_Driver/Src/stm32f4xx_hal_pwr.o
                0x0000000008003e30                HAL_PWR_EnterSTANDBYMode
 .text.HAL_RCC_OscConfig
                0x0000000008003e60      0x640 Drivers/STM32F4xx_HAL_Driver/Src/stm32f4xx_hal_rcc.o
                0x0000000008003e60                HAL_RCC_OscConfig
 .text.HAL_RCC_ClockConfig
                0x00000000080044a0      0x31c Drivers/STM32F4xx_HAL_Driver/Src/stm32f4xx_hal_rcc.o
                0x00000000080044a0                HAL_RCC_ClockConfig
 .text.HAL_RCC_GetSysClockFreq
                0x00000000080047bc      0x1b0 Drivers/STM32F4xx_HAL_Driver/Src/stm32f4xx_hal_rcc.o
                0x00000000080047bc                HAL_RCC_GetSysClockFreq
 .text.HAL_RCC_GetHCLKFreq
                0x000000000800496c       0x18 Drivers/STM32F4xx_HAL_Driver/Src/stm32f4xx_hal_rcc.o
                0x000000000800496c                HAL_RCC_GetHCLKFreq
 .text.HAL_RCC_GetPCLK1Freq
                0x0000000008004984       0x28 Drivers/STM32F4xx_HAL_Driver/Src/stm32f4xx_hal_rcc.o
                0x0000000008004984                HAL_RCC_GetPCLK1Freq
 .text.HAL_RCC_GetPCLK2Freq
                0x00000000080049ac       0x28 Drivers/STM32F4xx_HAL_Driver/Src/stm32f4xx_hal_rcc.o
                0x00000000080049ac                HAL_RCC_GetPCLK2Freq
 .text.HAL_RCC_GetClockConfig
                0x00000000080049d4       0x64 Drivers/STM32F4xx_HAL_Driver/Src/stm32f4xx_hal_rcc.o
                0x00000000080049d4                HAL_RCC_GetClockConfig
 .text.HAL_RCCEx_PeriphCLKConfig
                0x0000000008004a38      0x428 Drivers/STM32F4xx_HAL_Driver/Src/stm32f4xx_hal_rcc_ex.o
                0x0000000008004a38                HAL_RCCEx_PeriphCLKConfig
 .text.HAL_RTC_Init
                0x0000000008004e60      0x1cc Drivers/STM32F4xx_HAL_Driver/Src/stm32f4xx_hal_rtc.o
                0x0000000008004e60                HAL_RTC_Init
 .text.HAL_RTC_SetTime
                0x000000000800502c      0x2d8 Drivers/STM32F4xx_HAL_Driver/Src/stm32f4xx_hal_rtc.o
                0x000000000800502c                HAL_RTC_SetTime
 .text.HAL_RTC_SetDate
                0x0000000008005304      0x260 Drivers/STM32F4xx_HAL_Driver/Src/stm32f4xx_hal_rtc.o
                0x0000000008005304                HAL_RTC_SetDate
 .text.HAL_RTC_SetAlarm_IT
                0x0000000008005564      0x5d4 Drivers/STM32F4xx_HAL_Driver/Src/stm32f4xx_hal_rtc.o
                0x0000000008005564                HAL_RTC_SetAlarm_IT
 .text.HAL_RTC_DeactivateAlarm
                0x0000000008005b38      0x138 Drivers/STM32F4xx_HAL_Driver/Src/stm32f4xx_hal_rtc.o
                0x0000000008005b38                HAL_RTC_DeactivateAlarm
 .text.HAL_RTC_AlarmIRQHandler
                0x0000000008005c70       0x8c Drivers/STM32F4xx_HAL_Driver/Src/stm32f4xx_hal_rtc.o
                0x0000000008005c70                HAL_RTC_AlarmIRQHandler
 .text.HAL_RTC_WaitForSynchro
                0x0000000008005cfc       0x50 Drivers/STM32F4xx_HAL_Driver/Src/stm32f4xx_hal_rtc.o
                0x0000000008005cfc                HAL_RTC_WaitForSynchro
 .text.RTC_EnterInitMode
                0x0000000008005d4c       0x58 Drivers/STM32F4xx_HAL_Driver/Src/stm32f4xx_hal_rtc.o
                0x0000000008005d4c                RTC_EnterInitMode
 .text.RTC_ByteToBcd2
                0x0000000008005da4       0x3c Drivers/STM32F4xx_HAL_Driver/Src/stm32f4xx_hal_rtc.o
                0x0000000008005da4                RTC_ByteToBcd2
 .text.RTC_Bcd2ToByte
                0x0000000008005de0       0x3c Drivers/STM32F4xx_HAL_Driver/Src/stm32f4xx_hal_rtc.o
                0x0000000008005de0                RTC_Bcd2ToByte
 .text.HAL_RTCEx_SetWakeUpTimer_IT
                0x0000000008005e1c      0x1c0 Drivers/STM32F4xx_HAL_Driver/Src/stm32f4xx_hal_rtc_ex.o
                0x0000000008005e1c                HAL_RTCEx_SetWakeUpTimer_IT
 .text.HAL_RTCEx_DeactivateWakeUpTimer
                0x0000000008005fdc       0xb0 Drivers/STM32F4xx_HAL_Driver/Src/stm32f4xx_hal_rtc_ex.o
                0x0000000008005fdc                HAL_RTCEx_DeactivateWakeUpTimer
 .text.HAL_RTCEx_WakeUpTimerIRQHandler
                0x000000000800608c       0x48 Drivers/STM32F4xx_HAL_Driver/Src/stm32f4xx_hal_rtc_ex.o
                0x000000000800608c                HAL_RTCEx_WakeUpTimerIRQHandler
 .text.HAL_RTCEx_WakeUpTimerEventCallback
                0x00000000080060d4       0x14 Drivers/STM32F4xx_HAL_Driver/Src/stm32f4xx_hal_rtc_ex.o
                0x00000000080060d4                HAL_RTCEx_WakeUpTimerEventCallback
 .text.HAL_RTCEx_AlarmBEventCallback
                0x00000000080060e8       0x14 Drivers/STM32F4xx_HAL_Driver/Src/stm32f4xx_hal_rtc_ex.o
                0x00000000080060e8                HAL_RTCEx_AlarmBEventCallback
 .text.HAL_TIM_Base_Init
                0x00000000080060fc      0x144 Drivers/STM32F4xx_HAL_Driver/Src/stm32f4xx_hal_tim.o
                0x00000000080060fc                HAL_TIM_Base_Init
 .text.HAL_TIM_Base_Start_IT
                0x0000000008006240       0xc0 Drivers/STM32F4xx_HAL_Driver/Src/stm32f4xx_hal_tim.o
                0x0000000008006240                HAL_TIM_Base_Start_IT
 .text.HAL_TIM_PWM_Init
                0x0000000008006300      0x144 Drivers/STM32F4xx_HAL_Driver/Src/stm32f4xx_hal_tim.o
                0x0000000008006300                HAL_TIM_PWM_Init
 .text.HAL_TIM_PWM_MspInit
                0x0000000008006444       0x14 Drivers/STM32F4xx_HAL_Driver/Src/stm32f4xx_hal_tim.o
                0x0000000008006444                HAL_TIM_PWM_MspInit
 .text.HAL_TIM_PWM_Start
                0x0000000008006458      0x168 Drivers/STM32F4xx_HAL_Driver/Src/stm32f4xx_hal_tim.o
                0x0000000008006458                HAL_TIM_PWM_Start
 .text.HAL_TIM_PWM_Stop
                0x00000000080065c0      0x1a0 Drivers/STM32F4xx_HAL_Driver/Src/stm32f4xx_hal_tim.o
                0x00000000080065c0                HAL_TIM_PWM_Stop
 .text.HAL_TIM_IRQHandler
                0x0000000008006760      0x210 Drivers/STM32F4xx_HAL_Driver/Src/stm32f4xx_hal_tim.o
                0x0000000008006760                HAL_TIM_IRQHandler
 .text.HAL_TIM_PWM_ConfigChannel
                0x0000000008006970      0x354 Drivers/STM32F4xx_HAL_Driver/Src/stm32f4xx_hal_tim.o
                0x0000000008006970                HAL_TIM_PWM_ConfigChannel
 .text.HAL_TIM_ConfigClockSource
                0x0000000008006cc4      0x5f0 Drivers/STM32F4xx_HAL_Driver/Src/stm32f4xx_hal_tim.o
                0x0000000008006cc4                HAL_TIM_ConfigClockSource
 .text.HAL_TIM_OC_DelayElapsedCallback
                0x00000000080072b4       0x14 Drivers/STM32F4xx_HAL_Driver/Src/stm32f4xx_hal_tim.o
                0x00000000080072b4                HAL_TIM_OC_DelayElapsedCallback
 .text.HAL_TIM_IC_CaptureCallback
                0x00000000080072c8       0x14 Drivers/STM32F4xx_HAL_Driver/Src/stm32f4xx_hal_tim.o
                0x00000000080072c8                HAL_TIM_IC_CaptureCallback
 .text.HAL_TIM_PWM_PulseFinishedCallback
                0x00000000080072dc       0x14 Drivers/STM32F4xx_HAL_Driver/Src/stm32f4xx_hal_tim.o
                0x00000000080072dc                HAL_TIM_PWM_PulseFinishedCallback
 .text.HAL_TIM_TriggerCallback
                0x00000000080072f0       0x14 Drivers/STM32F4xx_HAL_Driver/Src/stm32f4xx_hal_tim.o
                0x00000000080072f0                HAL_TIM_TriggerCallback
 .text.TIM_Base_SetConfig
                0x0000000008007304      0x100 Drivers/STM32F4xx_HAL_Driver/Src/stm32f4xx_hal_tim.o
                0x0000000008007304                TIM_Base_SetConfig
 .text.TIM_OC1_SetConfig
                0x0000000008007404      0x120 Drivers/STM32F4xx_HAL_Driver/Src/stm32f4xx_hal_tim.o
 .text.TIM_OC2_SetConfig
                0x0000000008007524      0x128 Drivers/STM32F4xx_HAL_Driver/Src/stm32f4xx_hal_tim.o
                0x0000000008007524                TIM_OC2_SetConfig
 .text.TIM_OC3_SetConfig
                0x000000000800764c      0x128 Drivers/STM32F4xx_HAL_Driver/Src/stm32f4xx_hal_tim.o
 .text.TIM_OC4_SetConfig
                0x0000000008007774       0xbc Drivers/STM32F4xx_HAL_Driver/Src/stm32f4xx_hal_tim.o
 .text.TIM_TI1_ConfigInputStage
                0x0000000008007830       0x5e Drivers/STM32F4xx_HAL_Driver/Src/stm32f4xx_hal_tim.o
 .text.TIM_TI2_ConfigInputStage
                0x000000000800788e       0x60 Drivers/STM32F4xx_HAL_Driver/Src/stm32f4xx_hal_tim.o
 .text.TIM_ITRx_SetConfig
                0x00000000080078ee       0x36 Drivers/STM32F4xx_HAL_Driver/Src/stm32f4xx_hal_tim.o
 .text.TIM_ETR_SetConfig
                0x0000000008007924       0x40 Drivers/STM32F4xx_HAL_Driver/Src/stm32f4xx_hal_tim.o
                0x0000000008007924                TIM_ETR_SetConfig
 .text.TIM_CCxChannelCmd
                0x0000000008007964       0xd8 Drivers/STM32F4xx_HAL_Driver/Src/stm32f4xx_hal_tim.o
                0x0000000008007964                TIM_CCxChannelCmd
 .text.HAL_TIMEx_MasterConfigSynchronization
                0x0000000008007a3c      0x17c Drivers/STM32F4xx_HAL_Driver/Src/stm32f4xx_hal_tim_ex.o
                0x0000000008007a3c                HAL_TIMEx_MasterConfigSynchronization
 .text.HAL_TIMEx_CommutCallback
                0x0000000008007bb8       0x14 Drivers/STM32F4xx_HAL_Driver/Src/stm32f4xx_hal_tim_ex.o
                0x0000000008007bb8                HAL_TIMEx_CommutCallback
 .text.HAL_TIMEx_BreakCallback
                0x0000000008007bcc       0x14 Drivers/STM32F4xx_HAL_Driver/Src/stm32f4xx_hal_tim_ex.o
                0x0000000008007bcc                HAL_TIMEx_BreakCallback
 .text.HAL_UART_Init
                0x0000000008007be0      0x16c Drivers/STM32F4xx_HAL_Driver/Src/stm32f4xx_hal_uart.o
                0x0000000008007be0                HAL_UART_Init
 .text.HAL_UART_Transmit_DMA
                0x0000000008007d4c       0xd8 Drivers/STM32F4xx_HAL_Driver/Src/stm32f4xx_hal_uart.o
                0x0000000008007d4c                HAL_UART_Transmit_DMA
 .text.HAL_UART_Receive_DMA
                0x0000000008007e24      0x100 Drivers/STM32F4xx_HAL_Driver/Src/stm32f4xx_hal_uart.o
                0x0000000008007e24                HAL_UART_Receive_DMA
 .text.HAL_UART_IRQHandler
                0x0000000008007f24      0x200 Drivers/STM32F4xx_HAL_Driver/Src/stm32f4xx_hal_uart.o
                0x0000000008007f24                HAL_UART_IRQHandler
 .text.HAL_UART_TxHalfCpltCallback
                0x0000000008008124       0x14 Drivers/STM32F4xx_HAL_Driver/Src/stm32f4xx_hal_uart.o
                0x0000000008008124                HAL_UART_TxHalfCpltCallback
 .text.HAL_UART_RxHalfCpltCallback
                0x0000000008008138       0x14 Drivers/STM32F4xx_HAL_Driver/Src/stm32f4xx_hal_uart.o
                0x0000000008008138                HAL_UART_RxHalfCpltCallback
 .text.HAL_UART_ErrorCallback
                0x000000000800814c       0x14 Drivers/STM32F4xx_HAL_Driver/Src/stm32f4xx_hal_uart.o
                0x000000000800814c                HAL_UART_ErrorCallback
 .text.UART_DMATransmitCplt
                0x0000000008008160       0x52 Drivers/STM32F4xx_HAL_Driver/Src/stm32f4xx_hal_uart.o
 .text.UART_DMATxHalfCplt
                0x00000000080081b2       0x1c Drivers/STM32F4xx_HAL_Driver/Src/stm32f4xx_hal_uart.o
 .text.UART_DMAReceiveCplt
                0x00000000080081ce       0x68 Drivers/STM32F4xx_HAL_Driver/Src/stm32f4xx_hal_uart.o
 .text.UART_DMARxHalfCplt
                0x0000000008008236       0x1c Drivers/STM32F4xx_HAL_Driver/Src/stm32f4xx_hal_uart.o
 .text.UART_DMAError
                0x0000000008008252       0x94 Drivers/STM32F4xx_HAL_Driver/Src/stm32f4xx_hal_uart.o
 .text.UART_EndTxTransfer
                0x00000000080082e6       0x2c Drivers/STM32F4xx_HAL_Driver/Src/stm32f4xx_hal_uart.o
 .text.UART_EndRxTransfer
                0x0000000008008312       0x3c Drivers/STM32F4xx_HAL_Driver/Src/stm32f4xx_hal_uart.o
 .text.UART_DMAAbortOnError
                0x000000000800834e       0x28 Drivers/STM32F4xx_HAL_Driver/Src/stm32f4xx_hal_uart.o
 .text.UART_Transmit_IT
                0x0000000008008376       0xac Drivers/STM32F4xx_HAL_Driver/Src/stm32f4xx_hal_uart.o
 .text.UART_EndTransmit_IT
                0x0000000008008422       0x30 Drivers/STM32F4xx_HAL_Driver/Src/stm32f4xx_hal_uart.o
 .text.UART_Receive_IT
                0x0000000008008452      0x102 Drivers/STM32F4xx_HAL_Driver/Src/stm32f4xx_hal_uart.o
 .text.UART_SetConfig
                0x0000000008008554      0x77c Drivers/STM32F4xx_HAL_Driver/Src/stm32f4xx_hal_uart.o
 .text.COM_getReadyCommandFlag
                0x0000000008008cd0       0x18 Src/com.o
                0x0000000008008cd0                COM_getReadyCommandFlag
 .text.COM_setReadyCommandFlagOn
                0x0000000008008ce8       0x1c Src/com.o
 .text.COM_setReadyCommandFlagOff
                0x0000000008008d04       0x1c Src/com.o
                0x0000000008008d04                COM_setReadyCommandFlagOff
 .text.COM_readyCommandProcess
                0x0000000008008d20       0x34 Src/com.o
                0x0000000008008d20                COM_readyCommandProcess
 .text.COM_uartPrint
                0x0000000008008d54       0x48 Src/com.o
                0x0000000008008d54                COM_uartPrint
 .text.COM_halUartReceiveDma
                0x0000000008008d9c       0x1c Src/com.o
                0x0000000008008d9c                COM_halUartReceiveDma
 .text.COM_setTxBusyFlagOn
                0x0000000008008db8       0x1c Src/com.o
 .text.COM_setTxBusyFlagOff
                0x0000000008008dd4       0x1c Src/com.o
                0x0000000008008dd4                COM_setTxBusyFlagOff
 .text.COM_getTxBusyFlag
                0x0000000008008df0       0x18 Src/com.o
                0x0000000008008df0                COM_getTxBusyFlag
 .text.COM_charHandler
                0x0000000008008e08       0x54 Src/com.o
                0x0000000008008e08                COM_charHandler
 .text.COM_bufferInit
                0x0000000008008e5c       0x1a Src/com.o
 *fill*         0x0000000008008e76        0x2 
 .text.COMMAND_findCommand
                0x0000000008008e78       0x78 Src/command.o
                0x0000000008008e78                COMMAND_findCommand
 .text.COMMAND_pingCallback
                0x0000000008008ef0       0x16 Src/command.o
                0x0000000008008ef0                COMMAND_pingCallback
 *fill*         0x0000000008008f06        0x2 
 .text.COMMAND_getVersionCallback
                0x0000000008008f08       0x1c Src/command.o
                0x0000000008008f08                COMMAND_getVersionCallback
 .text.COMMAND_pwmStartCallback
                0x0000000008008f24       0x1c Src/command.o
                0x0000000008008f24                COMMAND_pwmStartCallback
 .text.COMMAND_pwmStopCallback
                0x0000000008008f40       0x1c Src/command.o
                0x0000000008008f40                COMMAND_pwmStopCallback
 .text.COMMAND_pwmDcCallback
                0x0000000008008f5c       0x48 Src/command.o
                0x0000000008008f5c                COMMAND_pwmDcCallback
 .text.COMMAND_crcWholeFlashCalcCallback
                0x0000000008008fa4       0x48 Src/command.o
                0x0000000008008fa4                COMMAND_crcWholeFlashCalcCallback
 .text.COMMAND_iwdgTestCallback
                0x0000000008008fec       0x14 Src/command.o
                0x0000000008008fec                COMMAND_iwdgTestCallback
 .text.COMMAND_flashLockCallback
                0x0000000008009000       0x82 Src/command.o
                0x0000000008009000                COMMAND_flashLockCallback
 *fill*         0x0000000008009082        0x2 
 .text.COMMAND_setSNCallback
                0x0000000008009084       0x38 Src/command.o
                0x0000000008009084                COMMAND_setSNCallback
 .text.COMMAND_getSNCallback
                0x00000000080090bc       0x4c Src/command.o
                0x00000000080090bc                COMMAND_getSNCallback
 .text.COMMAND_startTickCallback
                0x0000000008009108       0x6c Src/command.o
                0x0000000008009108                COMMAND_startTickCallback
 .text.COMMAND_stopTickCallback
                0x0000000008009174       0x20 Src/command.o
                0x0000000008009174                COMMAND_stopTickCallback
 .text.COMMAND_assert0Callback
                0x0000000008009194       0x20 Src/command.o
                0x0000000008009194                COMMAND_assert0Callback
 .text.COMMAND_clearAssertFlagCallback
                0x00000000080091b4       0x14 Src/command.o
                0x00000000080091b4                COMMAND_clearAssertFlagCallback
 .text.COMMAND_lsm6dslPerSampleEnableCallback
                0x00000000080091c8       0x14 Src/command.o
                0x00000000080091c8                COMMAND_lsm6dslPerSampleEnableCallback
 .text.COMMAND_lsm6dslFifoEnableCallback
                0x00000000080091dc       0x14 Src/command.o
                0x00000000080091dc                COMMAND_lsm6dslFifoEnableCallback
 .text.COMMAND_lsm6dslDisableCallback
                0x00000000080091f0       0x14 Src/command.o
                0x00000000080091f0                COMMAND_lsm6dslDisableCallback
 .text.COMMAND_enterStopModeCallback
                0x0000000008009204       0x30 Src/command.o
                0x0000000008009204                COMMAND_enterStopModeCallback
 .text.COMMAND_enterStandbyModeCallback
                0x0000000008009234       0x14 Src/command.o
                0x0000000008009234                COMMAND_enterStandbyModeCallback
 .text.MX_CRC_Init
                0x0000000008009248       0x28 Src/crc.o
                0x0000000008009248                MX_CRC_Init
 .text.HAL_CRC_MspInit
                0x0000000008009270       0x44 Src/crc.o
                0x0000000008009270                HAL_CRC_MspInit
 .text.MX_DMA_Init
                0x00000000080092b4       0x50 Src/dma.o
                0x00000000080092b4                MX_DMA_Init
 .text.FLASH_eraseSector
                0x0000000008009304       0x20 Src/flash.o
 .text.FLASH_setSectorAddress
                0x0000000008009324       0x2c Src/flash.o
                0x0000000008009324                FLASH_setSectorAddress
 .text.FLASH_writeN
                0x0000000008009350       0xe4 Src/flash.o
                0x0000000008009350                FLASH_writeN
 .text.FLASH_readN
                0x0000000008009434       0xb4 Src/flash.o
                0x0000000008009434                FLASH_readN
 .text.MX_GPIO_Init
                0x00000000080094e8      0x104 Src/gpio.o
                0x00000000080094e8                MX_GPIO_Init
 .text.MX_I2C1_Init
                0x00000000080095ec       0x5c Src/i2c.o
                0x00000000080095ec                MX_I2C1_Init
 .text.HAL_I2C_MspInit
                0x0000000008009648       0x90 Src/i2c.o
                0x0000000008009648                HAL_I2C_MspInit
 .text.LSM6DSL_processHanlder
                0x00000000080096d8       0x28 Src/lsm6dsl.o
                0x00000000080096d8                LSM6DSL_processHanlder
 .text.LSM6DSL_write
                0x0000000008009700       0x3a Src/lsm6dsl.o
 .text.LSM6DSL_read
                0x000000000800973a       0x3a Src/lsm6dsl.o
 .text.LSM6DSL_init
                0x0000000008009774       0xc4 Src/lsm6dsl.o
                0x0000000008009774                LSM6DSL_init
 .text.LSM6DSL_perSampleInit
                0x0000000008009838       0x78 Src/lsm6dsl.o
                0x0000000008009838                LSM6DSL_perSampleInit
 .text.LSM6DSL_perSampleProcess
                0x00000000080098b0      0x184 Src/lsm6dsl.o
 .text.LSM6DSL_perSampleDisable
                0x0000000008009a34       0x34 Src/lsm6dsl.o
 .text.LSM6DSL_fifoInit
                0x0000000008009a68       0xb8 Src/lsm6dsl.o
                0x0000000008009a68                LSM6DSL_fifoInit
 .text.LSM6DSL_fifoProcess
                0x0000000008009b20        0xc Src/lsm6dsl.o
 .text.LSM6DSL_fifoDisable
                0x0000000008009b2c       0x10 Src/lsm6dsl.o
 .text.LSM6DSL_fifoReadAllData
                0x0000000008009b3c       0xec Src/lsm6dsl.o
 .text.LSM6DSL_fifoAccAndGyroReadSingleSample
                0x0000000008009c28       0xec Src/lsm6dsl.o
 .text.LSM6DSL_fifoCalcAccGyroAvgAndPrint
                0x0000000008009d14      0x210 Src/lsm6dsl.o
 .text.LSM6DSL_fifoSetFIFOMode
                0x0000000008009f24       0x2c Src/lsm6dsl.o
 .text.LSM6DSL_fifoSetBypassMode
                0x0000000008009f50       0x2c Src/lsm6dsl.o
 .text.LSM6DSL_fifoInterruptEnable
                0x0000000008009f7c       0x2c Src/lsm6dsl.o
 .text.LSM6DSL_fifoInterruptDisable
                0x0000000008009fa8       0x2c Src/lsm6dsl.o
 .text.LSM6DSL_modesDisable
                0x0000000008009fd4       0x1c Src/lsm6dsl.o
                0x0000000008009fd4                LSM6DSL_modesDisable
 .text.LSM6DSL_getInterruptFlag
                0x0000000008009ff0       0x18 Src/lsm6dsl.o
                0x0000000008009ff0                LSM6DSL_getInterruptFlag
 .text.LSM6DSL_setInterruptFlagOn
                0x000000000800a008       0x18 Src/lsm6dsl.o
                0x000000000800a008                LSM6DSL_setInterruptFlagOn
 .text.LSM6DSL_setInterruptFlagOff
                0x000000000800a020       0x18 Src/lsm6dsl.o
                0x000000000800a020                LSM6DSL_setInterruptFlagOff
 .text.lsm6dsl_read_reg
                0x000000000800a038       0x30 Src/lsm6dsl_reg.o
                0x000000000800a038                lsm6dsl_read_reg
 .text.lsm6dsl_write_reg
                0x000000000800a068       0x30 Src/lsm6dsl_reg.o
                0x000000000800a068                lsm6dsl_write_reg
 .text.lsm6dsl_from_fs8g_to_mg
                0x000000000800a098       0x30 Src/lsm6dsl_reg.o
                0x000000000800a098                lsm6dsl_from_fs8g_to_mg
 .text.lsm6dsl_from_fs500dps_to_mdps
                0x000000000800a0c8       0x30 Src/lsm6dsl_reg.o
                0x000000000800a0c8                lsm6dsl_from_fs500dps_to_mdps
 .text.lsm6dsl_xl_full_scale_set
                0x000000000800a0f8       0x4c Src/lsm6dsl_reg.o
                0x000000000800a0f8                lsm6dsl_xl_full_scale_set
 .text.lsm6dsl_xl_data_rate_set
                0x000000000800a144       0x4c Src/lsm6dsl_reg.o
                0x000000000800a144                lsm6dsl_xl_data_rate_set
 .text.lsm6dsl_gy_full_scale_set
                0x000000000800a190       0x4c Src/lsm6dsl_reg.o
                0x000000000800a190                lsm6dsl_gy_full_scale_set
 .text.lsm6dsl_gy_data_rate_set
                0x000000000800a1dc       0x4c Src/lsm6dsl_reg.o
                0x000000000800a1dc                lsm6dsl_gy_data_rate_set
 .text.lsm6dsl_block_data_update_set
                0x000000000800a228       0x4c Src/lsm6dsl_reg.o
                0x000000000800a228                lsm6dsl_block_data_update_set
 .text.lsm6dsl_status_reg_get
                0x000000000800a274       0x22 Src/lsm6dsl_reg.o
                0x000000000800a274                lsm6dsl_status_reg_get
 .text.lsm6dsl_angular_rate_raw_get
                0x000000000800a296       0x22 Src/lsm6dsl_reg.o
                0x000000000800a296                lsm6dsl_angular_rate_raw_get
 .text.lsm6dsl_acceleration_raw_get
                0x000000000800a2b8       0x22 Src/lsm6dsl_reg.o
                0x000000000800a2b8                lsm6dsl_acceleration_raw_get
 .text.lsm6dsl_fifo_raw_data_get
                0x000000000800a2da       0x28 Src/lsm6dsl_reg.o
                0x000000000800a2da                lsm6dsl_fifo_raw_data_get
 .text.lsm6dsl_data_ready_mode_set
                0x000000000800a302       0x4c Src/lsm6dsl_reg.o
                0x000000000800a302                lsm6dsl_data_ready_mode_set
 .text.lsm6dsl_device_id_get
                0x000000000800a34e       0x22 Src/lsm6dsl_reg.o
                0x000000000800a34e                lsm6dsl_device_id_get
 .text.lsm6dsl_reset_set
                0x000000000800a370       0x4c Src/lsm6dsl_reg.o
                0x000000000800a370                lsm6dsl_reset_set
 .text.lsm6dsl_reset_get
                0x000000000800a3bc       0x32 Src/lsm6dsl_reg.o
                0x000000000800a3bc                lsm6dsl_reset_get
 .text.lsm6dsl_xl_filter_analog_set
                0x000000000800a3ee       0x4c Src/lsm6dsl_reg.o
                0x000000000800a3ee                lsm6dsl_xl_filter_analog_set
 .text.lsm6dsl_xl_lp2_bandwidth_set
                0x000000000800a43a       0x6e Src/lsm6dsl_reg.o
                0x000000000800a43a                lsm6dsl_xl_lp2_bandwidth_set
 .text.lsm6dsl_gy_band_pass_set
                0x000000000800a4a8       0xdc Src/lsm6dsl_reg.o
                0x000000000800a4a8                lsm6dsl_gy_band_pass_set
 .text.lsm6dsl_pin_int1_route_set
                0x000000000800a584      0x2c6 Src/lsm6dsl_reg.o
                0x000000000800a584                lsm6dsl_pin_int1_route_set
 .text.lsm6dsl_pin_int1_route_get
                0x000000000800a84a      0x1ac Src/lsm6dsl_reg.o
                0x000000000800a84a                lsm6dsl_pin_int1_route_get
 .text.lsm6dsl_pin_polarity_set
                0x000000000800a9f6       0x4c Src/lsm6dsl_reg.o
                0x000000000800a9f6                lsm6dsl_pin_polarity_set
 .text.lsm6dsl_fifo_watermark_set
                0x000000000800aa42       0x6c Src/lsm6dsl_reg.o
                0x000000000800aa42                lsm6dsl_fifo_watermark_set
 .text.lsm6dsl_fifo_watermark_get
                0x000000000800aaae       0x54 Src/lsm6dsl_reg.o
                0x000000000800aaae                lsm6dsl_fifo_watermark_get
 .text.lsm6dsl_fifo_data_level_get
                0x000000000800ab02       0x54 Src/lsm6dsl_reg.o
                0x000000000800ab02                lsm6dsl_fifo_data_level_get
 .text.lsm6dsl_fifo_xl_batch_set
                0x000000000800ab56       0x4c Src/lsm6dsl_reg.o
                0x000000000800ab56                lsm6dsl_fifo_xl_batch_set
 *fill*         0x000000000800aba2        0x2 
 .text.lsm6dsl_fifo_xl_batch_get
                0x000000000800aba4       0xa0 Src/lsm6dsl_reg.o
                0x000000000800aba4                lsm6dsl_fifo_xl_batch_get
 .text.lsm6dsl_fifo_gy_batch_set
                0x000000000800ac44       0x4c Src/lsm6dsl_reg.o
                0x000000000800ac44                lsm6dsl_fifo_gy_batch_set
 .text.lsm6dsl_fifo_gy_batch_get
                0x000000000800ac90       0xa0 Src/lsm6dsl_reg.o
                0x000000000800ac90                lsm6dsl_fifo_gy_batch_get
 .text.lsm6dsl_fifo_mode_set
                0x000000000800ad30       0x4c Src/lsm6dsl_reg.o
                0x000000000800ad30                lsm6dsl_fifo_mode_set
 .text.lsm6dsl_fifo_mode_get
                0x000000000800ad7c       0x84 Src/lsm6dsl_reg.o
                0x000000000800ad7c                lsm6dsl_fifo_mode_get
 .text.lsm6dsl_fifo_data_rate_set
                0x000000000800ae00       0x4c Src/lsm6dsl_reg.o
                0x000000000800ae00                lsm6dsl_fifo_data_rate_set
 .text.lsm6dsl_fifo_data_rate_get
                0x000000000800ae4c       0xc4 Src/lsm6dsl_reg.o
                0x000000000800ae4c                lsm6dsl_fifo_data_rate_get
 .text.main     0x000000000800af10       0x90 Src/main.o
                0x000000000800af10                main
 .text.SystemClock_Config
                0x000000000800afa0      0x10c Src/main.o
                0x000000000800afa0                SystemClock_Config
 .text.Error_Handler
                0x000000000800b0ac       0x10 Src/main.o
                0x000000000800b0ac                Error_Handler
 .text.assert_failed
                0x000000000800b0bc       0x1a Src/main.o
                0x000000000800b0bc                assert_failed
 *fill*         0x000000000800b0d6        0x2 
 .text.MX_RTC_Init
                0x000000000800b0d8      0x130 Src/rtc.o
                0x000000000800b0d8                MX_RTC_Init
 .text.HAL_RTC_MspInit
                0x000000000800b208       0x48 Src/rtc.o
                0x000000000800b208                HAL_RTC_MspInit
 .text.HAL_MspInit
                0x000000000800b250       0x50 Src/stm32f4xx_hal_msp.o
                0x000000000800b250                HAL_MspInit
 .text.HAL_InitTick
                0x000000000800b2a0       0xb4 Src/stm32f4xx_hal_timebase_tim.o
                0x000000000800b2a0                HAL_InitTick
 .text.HAL_SuspendTick
                0x000000000800b354       0x24 Src/stm32f4xx_hal_timebase_tim.o
                0x000000000800b354                HAL_SuspendTick
 .text.HAL_ResumeTick
                0x000000000800b378       0x24 Src/stm32f4xx_hal_timebase_tim.o
                0x000000000800b378                HAL_ResumeTick
 .text.NMI_Handler
                0x000000000800b39c        0xe Src/stm32f4xx_it.o
                0x000000000800b39c                NMI_Handler
 .text.HardFault_Handler
                0x000000000800b3aa        0x6 Src/stm32f4xx_it.o
                0x000000000800b3aa                HardFault_Handler
 .text.MemManage_Handler
                0x000000000800b3b0        0x6 Src/stm32f4xx_it.o
                0x000000000800b3b0                MemManage_Handler
 .text.BusFault_Handler
                0x000000000800b3b6        0x6 Src/stm32f4xx_it.o
                0x000000000800b3b6                BusFault_Handler
 .text.UsageFault_Handler
                0x000000000800b3bc        0x6 Src/stm32f4xx_it.o
                0x000000000800b3bc                UsageFault_Handler
 .text.SVC_Handler
                0x000000000800b3c2        0xe Src/stm32f4xx_it.o
                0x000000000800b3c2                SVC_Handler
 .text.DebugMon_Handler
                0x000000000800b3d0        0xe Src/stm32f4xx_it.o
                0x000000000800b3d0                DebugMon_Handler
 .text.PendSV_Handler
                0x000000000800b3de        0xe Src/stm32f4xx_it.o
                0x000000000800b3de                PendSV_Handler
 .text.SysTick_Handler
                0x000000000800b3ec        0xe Src/stm32f4xx_it.o
                0x000000000800b3ec                SysTick_Handler
 *fill*         0x000000000800b3fa        0x2 
 .text.RTC_WKUP_IRQHandler
                0x000000000800b3fc       0x14 Src/stm32f4xx_it.o
                0x000000000800b3fc                RTC_WKUP_IRQHandler
 .text.DMA1_Stream5_IRQHandler
                0x000000000800b410       0x14 Src/stm32f4xx_it.o
                0x000000000800b410                DMA1_Stream5_IRQHandler
 .text.DMA1_Stream6_IRQHandler
                0x000000000800b424       0x14 Src/stm32f4xx_it.o
                0x000000000800b424                DMA1_Stream6_IRQHandler
 .text.EXTI9_5_IRQHandler
                0x000000000800b438        0xe Src/stm32f4xx_it.o
                0x000000000800b438                EXTI9_5_IRQHandler
 *fill*         0x000000000800b446        0x2 
 .text.USART2_IRQHandler
                0x000000000800b448       0x14 Src/stm32f4xx_it.o
                0x000000000800b448                USART2_IRQHandler
 .text.EXTI15_10_IRQHandler
                0x000000000800b45c       0x10 Src/stm32f4xx_it.o
                0x000000000800b45c                EXTI15_10_IRQHandler
 .text.RTC_Alarm_IRQHandler
                0x000000000800b46c       0x14 Src/stm32f4xx_it.o
                0x000000000800b46c                RTC_Alarm_IRQHandler
 .text.TIM5_IRQHandler
                0x000000000800b480       0x14 Src/stm32f4xx_it.o
                0x000000000800b480                TIM5_IRQHandler
 .text._sbrk    0x000000000800b494       0x58 Src/sysmem.o
                0x000000000800b494                _sbrk
 .text.__NVIC_SystemReset
                0x000000000800b4ec       0x28 Src/system_debug.o
 .text.SYSTEM_DEBUG_assertRecord
                0x000000000800b514       0x54 Src/system_debug.o
                0x000000000800b514                SYSTEM_DEBUG_assertRecord
 .text.SYSTEM_DEBUG_assertMsgPrint
                0x000000000800b568       0x38 Src/system_debug.o
                0x000000000800b568                SYSTEM_DEBUG_assertMsgPrint
 .text.SYSTEM_DEBUG_assertResetFlag
                0x000000000800b5a0       0x1c Src/system_debug.o
                0x000000000800b5a0                SYSTEM_DEBUG_assertResetFlag
 .text.SYSTEM_DEBUG_printResetCause
                0x000000000800b5bc       0x40 Src/system_debug.o
                0x000000000800b5bc                SYSTEM_DEBUG_printResetCause
 .text.SYSTEM_DEBUG_resetCauseGet
                0x000000000800b5fc       0xa4 Src/system_debug.o
                0x000000000800b5fc                SYSTEM_DEBUG_resetCauseGet
 .text.SYSTEM_DEBUG_resetCauseGetName
                0x000000000800b6a0       0xa0 Src/system_debug.o
                0x000000000800b6a0                SYSTEM_DEBUG_resetCauseGetName
 .text.SYSTEM_DEBUG_enterSleepMode
                0x000000000800b740       0x30 Src/system_debug.o
                0x000000000800b740                SYSTEM_DEBUG_enterSleepMode
 .text.SYSTEM_DEBUG_enterStopMode
                0x000000000800b770       0x88 Src/system_debug.o
                0x000000000800b770                SYSTEM_DEBUG_enterStopMode
 .text.SYSTEM_DEBUG_enterStandbyMode
                0x000000000800b7f8       0x5c Src/system_debug.o
                0x000000000800b7f8                SYSTEM_DEBUG_enterStandbyMode
 .text.SYSTEM_DEBUG_wakeupStandbyMode
                0x000000000800b854       0x40 Src/system_debug.o
                0x000000000800b854                SYSTEM_DEBUG_wakeupStandbyMode
 .text.HAL_UART_TxCpltCallback
                0x000000000800b894       0x14 Src/system_isr.o
                0x000000000800b894                HAL_UART_TxCpltCallback
 .text.HAL_UART_RxCpltCallback
                0x000000000800b8a8       0x18 Src/system_isr.o
                0x000000000800b8a8                HAL_UART_RxCpltCallback
 .text.HAL_GPIO_EXTI_Callback
                0x000000000800b8c0       0x1c Src/system_isr.o
                0x000000000800b8c0                HAL_GPIO_EXTI_Callback
 .text.HAL_RTC_AlarmAEventCallback
                0x000000000800b8dc       0x1c Src/system_isr.o
                0x000000000800b8dc                HAL_RTC_AlarmAEventCallback
 .text.HAL_TIM_PeriodElapsedCallback
                0x000000000800b8f8       0x24 Src/system_isr.o
                0x000000000800b8f8                HAL_TIM_PeriodElapsedCallback
 .text.SystemInit
                0x000000000800b91c       0x2c Src/system_stm32f4xx.o
                0x000000000800b91c                SystemInit
 .text.MX_TIM3_Init
                0x000000000800b948       0xec Src/tim.o
                0x000000000800b948                MX_TIM3_Init
 .text.HAL_TIM_Base_MspInit
                0x000000000800ba34       0x44 Src/tim.o
                0x000000000800ba34                HAL_TIM_Base_MspInit
 .text.HAL_TIM_MspPostInit
                0x000000000800ba78       0x74 Src/tim.o
                0x000000000800ba78                HAL_TIM_MspPostInit
 .text.MX_USART2_UART_Init
                0x000000000800baec       0x54 Src/usart.o
                0x000000000800baec                MX_USART2_UART_Init
 .text.HAL_UART_MspInit
                0x000000000800bb40      0x168 Src/usart.o
                0x000000000800bb40                HAL_UART_MspInit
 .text.Reset_Handler
                0x000000000800bca8       0x50 Startup/startup_stm32f411retx.o
                0x000000000800bca8                Reset_Handler
 .text.Default_Handler
                0x000000000800bcf8        0x2 Startup/startup_stm32f411retx.o
                0x000000000800bcf8                EXTI2_IRQHandler
                0x000000000800bcf8                SPI4_IRQHandler
                0x000000000800bcf8                TIM1_CC_IRQHandler
                0x000000000800bcf8                DMA2_Stream5_IRQHandler
                0x000000000800bcf8                PVD_IRQHandler
                0x000000000800bcf8                SDIO_IRQHandler
                0x000000000800bcf8                TAMP_STAMP_IRQHandler
                0x000000000800bcf8                EXTI3_IRQHandler
                0x000000000800bcf8                TIM1_UP_TIM10_IRQHandler
                0x000000000800bcf8                I2C3_ER_IRQHandler
                0x000000000800bcf8                EXTI0_IRQHandler
                0x000000000800bcf8                I2C2_EV_IRQHandler
                0x000000000800bcf8                DMA1_Stream2_IRQHandler
                0x000000000800bcf8                FPU_IRQHandler
                0x000000000800bcf8                DMA2_Stream2_IRQHandler
                0x000000000800bcf8                SPI1_IRQHandler
                0x000000000800bcf8                TIM1_BRK_TIM9_IRQHandler
                0x000000000800bcf8                DMA2_Stream3_IRQHandler
                0x000000000800bcf8                USART6_IRQHandler
                0x000000000800bcf8                DMA2_Stream0_IRQHandler
                0x000000000800bcf8                TIM4_IRQHandler
                0x000000000800bcf8                I2C1_EV_IRQHandler
                0x000000000800bcf8                DMA1_Stream1_IRQHandler
                0x000000000800bcf8                TIM3_IRQHandler
                0x000000000800bcf8                RCC_IRQHandler
                0x000000000800bcf8                Default_Handler
                0x000000000800bcf8                ADC_IRQHandler
                0x000000000800bcf8                DMA1_Stream7_IRQHandler
                0x000000000800bcf8                SPI5_IRQHandler
                0x000000000800bcf8                DMA2_Stream7_IRQHandler
                0x000000000800bcf8                I2C3_EV_IRQHandler
                0x000000000800bcf8                SPI2_IRQHandler
                0x000000000800bcf8                DMA1_Stream0_IRQHandler
                0x000000000800bcf8                EXTI4_IRQHandler
                0x000000000800bcf8                WWDG_IRQHandler
                0x000000000800bcf8                TIM2_IRQHandler
                0x000000000800bcf8                OTG_FS_WKUP_IRQHandler
                0x000000000800bcf8                TIM1_TRG_COM_TIM11_IRQHandler
                0x000000000800bcf8                EXTI1_IRQHandler
                0x000000000800bcf8                I2C2_ER_IRQHandler
                0x000000000800bcf8                DMA2_Stream1_IRQHandler
                0x000000000800bcf8                FLASH_IRQHandler
                0x000000000800bcf8                DMA2_Stream4_IRQHandler
                0x000000000800bcf8                USART1_IRQHandler
                0x000000000800bcf8                OTG_FS_IRQHandler
                0x000000000800bcf8                SPI3_IRQHandler
                0x000000000800bcf8                DMA1_Stream4_IRQHandler
                0x000000000800bcf8                I2C1_ER_IRQHandler
                0x000000000800bcf8                DMA2_Stream6_IRQHandler
                0x000000000800bcf8                DMA1_Stream3_IRQHandler
 .text.atoi     0x000000000800bcfa        0x8 c:/st/stm32cubeide_1.3.0/stm32cubeide/plugins/com.st.stm32cube.ide.mcu.externaltools.gnu-tools-for-stm32.7-2018-q2-update.win32_1.0.0.201904181610/tools/bin/../lib/gcc/arm-none-eabi/7.3.1/../../../../arm-none-eabi/lib/thumb/v7e-m/fpv4-sp/hard\libc_nano.a(lib_a-atoi.o)
                0x000000000800bcfa                atoi
 *fill*         0x000000000800bd02        0x2 
 .text.__errno  0x000000000800bd04        0xc c:/st/stm32cubeide_1.3.0/stm32cubeide/plugins/com.st.stm32cube.ide.mcu.externaltools.gnu-tools-for-stm32.7-2018-q2-update.win32_1.0.0.201904181610/tools/bin/../lib/gcc/arm-none-eabi/7.3.1/../../../../arm-none-eabi/lib/thumb/v7e-m/fpv4-sp/hard\libc_nano.a(lib_a-errno.o)
                0x000000000800bd04                __errno
 .text.__libc_init_array
                0x000000000800bd10       0x48 c:/st/stm32cubeide_1.3.0/stm32cubeide/plugins/com.st.stm32cube.ide.mcu.externaltools.gnu-tools-for-stm32.7-2018-q2-update.win32_1.0.0.201904181610/tools/bin/../lib/gcc/arm-none-eabi/7.3.1/../../../../arm-none-eabi/lib/thumb/v7e-m/fpv4-sp/hard\libc_nano.a(lib_a-init.o)
                0x000000000800bd10                __libc_init_array
 .text.memset   0x000000000800bd58       0x10 c:/st/stm32cubeide_1.3.0/stm32cubeide/plugins/com.st.stm32cube.ide.mcu.externaltools.gnu-tools-for-stm32.7-2018-q2-update.win32_1.0.0.201904181610/tools/bin/../lib/gcc/arm-none-eabi/7.3.1/../../../../arm-none-eabi/lib/thumb/v7e-m/fpv4-sp/hard\libc_nano.a(lib_a-memset.o)
                0x000000000800bd58                memset
 .text.__cvt    0x000000000800bd68       0xc2 c:/st/stm32cubeide_1.3.0/stm32cubeide/plugins/com.st.stm32cube.ide.mcu.externaltools.gnu-tools-for-stm32.7-2018-q2-update.win32_1.0.0.201904181610/tools/bin/../lib/gcc/arm-none-eabi/7.3.1/../../../../arm-none-eabi/lib/thumb/v7e-m/fpv4-sp/hard\libc_nano.a(lib_a-nano-vfprintf_float.o)
                0x000000000800bd68                __cvt
 .text.__exponent
                0x000000000800be2a       0x66 c:/st/stm32cubeide_1.3.0/stm32cubeide/plugins/com.st.stm32cube.ide.mcu.externaltools.gnu-tools-for-stm32.7-2018-q2-update.win32_1.0.0.201904181610/tools/bin/../lib/gcc/arm-none-eabi/7.3.1/../../../../arm-none-eabi/lib/thumb/v7e-m/fpv4-sp/hard\libc_nano.a(lib_a-nano-vfprintf_float.o)
                0x000000000800be2a                __exponent
 .text._printf_float
                0x000000000800be90      0x480 c:/st/stm32cubeide_1.3.0/stm32cubeide/plugins/com.st.stm32cube.ide.mcu.externaltools.gnu-tools-for-stm32.7-2018-q2-update.win32_1.0.0.201904181610/tools/bin/../lib/gcc/arm-none-eabi/7.3.1/../../../../arm-none-eabi/lib/thumb/v7e-m/fpv4-sp/hard\libc_nano.a(lib_a-nano-vfprintf_float.o)
                0x000000000800be90                _printf_float
 .text._printf_common
                0x000000000800c310       0xea c:/st/stm32cubeide_1.3.0/stm32cubeide/plugins/com.st.stm32cube.ide.mcu.externaltools.gnu-tools-for-stm32.7-2018-q2-update.win32_1.0.0.201904181610/tools/bin/../lib/gcc/arm-none-eabi/7.3.1/../../../../arm-none-eabi/lib/thumb/v7e-m/fpv4-sp/hard\libc_nano.a(lib_a-nano-vfprintf_i.o)
                0x000000000800c310                _printf_common
 *fill*         0x000000000800c3fa        0x2 
 .text._printf_i
                0x000000000800c3fc      0x224 c:/st/stm32cubeide_1.3.0/stm32cubeide/plugins/com.st.stm32cube.ide.mcu.externaltools.gnu-tools-for-stm32.7-2018-q2-update.win32_1.0.0.201904181610/tools/bin/../lib/gcc/arm-none-eabi/7.3.1/../../../../arm-none-eabi/lib/thumb/v7e-m/fpv4-sp/hard\libc_nano.a(lib_a-nano-vfprintf_i.o)
                0x000000000800c3fc                _printf_i
 .text.sprintf  0x000000000800c620       0x40 c:/st/stm32cubeide_1.3.0/stm32cubeide/plugins/com.st.stm32cube.ide.mcu.externaltools.gnu-tools-for-stm32.7-2018-q2-update.win32_1.0.0.201904181610/tools/bin/../lib/gcc/arm-none-eabi/7.3.1/../../../../arm-none-eabi/lib/thumb/v7e-m/fpv4-sp/hard\libc_nano.a(lib_a-sprintf.o)
                0x000000000800c620                siprintf
                0x000000000800c620                sprintf
 .text.strncmp  0x000000000800c660       0x24 c:/st/stm32cubeide_1.3.0/stm32cubeide/plugins/com.st.stm32cube.ide.mcu.externaltools.gnu-tools-for-stm32.7-2018-q2-update.win32_1.0.0.201904181610/tools/bin/../lib/gcc/arm-none-eabi/7.3.1/../../../../arm-none-eabi/lib/thumb/v7e-m/fpv4-sp/hard\libc_nano.a(lib_a-strncmp.o)
                0x000000000800c660                strncmp
 .text.strncpy  0x000000000800c684       0x2a c:/st/stm32cubeide_1.3.0/stm32cubeide/plugins/com.st.stm32cube.ide.mcu.externaltools.gnu-tools-for-stm32.7-2018-q2-update.win32_1.0.0.201904181610/tools/bin/../lib/gcc/arm-none-eabi/7.3.1/../../../../arm-none-eabi/lib/thumb/v7e-m/fpv4-sp/hard\libc_nano.a(lib_a-strncpy.o)
                0x000000000800c684                strncpy
 *fill*         0x000000000800c6ae        0x2 
 .text.strtok   0x000000000800c6b0       0x54 c:/st/stm32cubeide_1.3.0/stm32cubeide/plugins/com.st.stm32cube.ide.mcu.externaltools.gnu-tools-for-stm32.7-2018-q2-update.win32_1.0.0.201904181610/tools/bin/../lib/gcc/arm-none-eabi/7.3.1/../../../../arm-none-eabi/lib/thumb/v7e-m/fpv4-sp/hard\libc_nano.a(lib_a-strtok.o)
                0x000000000800c6b0                strtok
 .text.__strtok_r
                0x000000000800c704       0x54 c:/st/stm32cubeide_1.3.0/stm32cubeide/plugins/com.st.stm32cube.ide.mcu.externaltools.gnu-tools-for-stm32.7-2018-q2-update.win32_1.0.0.201904181610/tools/bin/../lib/gcc/arm-none-eabi/7.3.1/../../../../arm-none-eabi/lib/thumb/v7e-m/fpv4-sp/hard\libc_nano.a(lib_a-strtok_r.o)
                0x000000000800c704                __strtok_r
 .text._strtol_l.isra.0
                0x000000000800c758       0xf6 c:/st/stm32cubeide_1.3.0/stm32cubeide/plugins/com.st.stm32cube.ide.mcu.externaltools.gnu-tools-for-stm32.7-2018-q2-update.win32_1.0.0.201904181610/tools/bin/../lib/gcc/arm-none-eabi/7.3.1/../../../../arm-none-eabi/lib/thumb/v7e-m/fpv4-sp/hard\libc_nano.a(lib_a-strtol.o)
 *fill*         0x000000000800c84e        0x2 
 .text.strtol   0x000000000800c850       0x2c c:/st/stm32cubeide_1.3.0/stm32cubeide/plugins/com.st.stm32cube.ide.mcu.externaltools.gnu-tools-for-stm32.7-2018-q2-update.win32_1.0.0.201904181610/tools/bin/../lib/gcc/arm-none-eabi/7.3.1/../../../../arm-none-eabi/lib/thumb/v7e-m/fpv4-sp/hard\libc_nano.a(lib_a-strtol.o)
                0x000000000800c850                strtol
 .text.quorem   0x000000000800c87c      0x118 c:/st/stm32cubeide_1.3.0/stm32cubeide/plugins/com.st.stm32cube.ide.mcu.externaltools.gnu-tools-for-stm32.7-2018-q2-update.win32_1.0.0.201904181610/tools/bin/../lib/gcc/arm-none-eabi/7.3.1/../../../../arm-none-eabi/lib/thumb/v7e-m/fpv4-sp/hard\libc_nano.a(lib_a-dtoa.o)
 *fill*         0x000000000800c994        0x4 
 .text._dtoa_r  0x000000000800c998      0xb70 c:/st/stm32cubeide_1.3.0/stm32cubeide/plugins/com.st.stm32cube.ide.mcu.externaltools.gnu-tools-for-stm32.7-2018-q2-update.win32_1.0.0.201904181610/tools/bin/../lib/gcc/arm-none-eabi/7.3.1/../../../../arm-none-eabi/lib/thumb/v7e-m/fpv4-sp/hard\libc_nano.a(lib_a-dtoa.o)
                0x000000000800c998                _dtoa_r
 .text.__locale_ctype_ptr_l
                0x000000000800d508        0x6 c:/st/stm32cubeide_1.3.0/stm32cubeide/plugins/com.st.stm32cube.ide.mcu.externaltools.gnu-tools-for-stm32.7-2018-q2-update.win32_1.0.0.201904181610/tools/bin/../lib/gcc/arm-none-eabi/7.3.1/../../../../arm-none-eabi/lib/thumb/v7e-m/fpv4-sp/hard\libc_nano.a(lib_a-locale.o)
                0x000000000800d508                __locale_ctype_ptr_l
 *fill*         0x000000000800d50e        0x2 
 .text._localeconv_r
                0x000000000800d510       0x1c c:/st/stm32cubeide_1.3.0/stm32cubeide/plugins/com.st.stm32cube.ide.mcu.externaltools.gnu-tools-for-stm32.7-2018-q2-update.win32_1.0.0.201904181610/tools/bin/../lib/gcc/arm-none-eabi/7.3.1/../../../../arm-none-eabi/lib/thumb/v7e-m/fpv4-sp/hard\libc_nano.a(lib_a-localeconv.o)
                0x000000000800d510                _localeconv_r
 .text.malloc   0x000000000800d52c       0x10 c:/st/stm32cubeide_1.3.0/stm32cubeide/plugins/com.st.stm32cube.ide.mcu.externaltools.gnu-tools-for-stm32.7-2018-q2-update.win32_1.0.0.201904181610/tools/bin/../lib/gcc/arm-none-eabi/7.3.1/../../../../arm-none-eabi/lib/thumb/v7e-m/fpv4-sp/hard\libc_nano.a(lib_a-malloc.o)
                0x000000000800d52c                malloc
 .text.__ascii_mbtowc
                0x000000000800d53c       0x24 c:/st/stm32cubeide_1.3.0/stm32cubeide/plugins/com.st.stm32cube.ide.mcu.externaltools.gnu-tools-for-stm32.7-2018-q2-update.win32_1.0.0.201904181610/tools/bin/../lib/gcc/arm-none-eabi/7.3.1/../../../../arm-none-eabi/lib/thumb/v7e-m/fpv4-sp/hard\libc_nano.a(lib_a-mbtowc_r.o)
                0x000000000800d53c                __ascii_mbtowc
 .text.memcpy   0x000000000800d560       0x16 c:/st/stm32cubeide_1.3.0/stm32cubeide/plugins/com.st.stm32cube.ide.mcu.externaltools.gnu-tools-for-stm32.7-2018-q2-update.win32_1.0.0.201904181610/tools/bin/../lib/gcc/arm-none-eabi/7.3.1/../../../../arm-none-eabi/lib/thumb/v7e-m/fpv4-sp/hard\libc_nano.a(lib_a-memcpy-stub.o)
                0x000000000800d560                memcpy
 .text._Balloc  0x000000000800d576       0x68 c:/st/stm32cubeide_1.3.0/stm32cubeide/plugins/com.st.stm32cube.ide.mcu.externaltools.gnu-tools-for-stm32.7-2018-q2-update.win32_1.0.0.201904181610/tools/bin/../lib/gcc/arm-none-eabi/7.3.1/../../../../arm-none-eabi/lib/thumb/v7e-m/fpv4-sp/hard\libc_nano.a(lib_a-mprec.o)
                0x000000000800d576                _Balloc
 .text._Bfree   0x000000000800d5de       0x2e c:/st/stm32cubeide_1.3.0/stm32cubeide/plugins/com.st.stm32cube.ide.mcu.externaltools.gnu-tools-for-stm32.7-2018-q2-update.win32_1.0.0.201904181610/tools/bin/../lib/gcc/arm-none-eabi/7.3.1/../../../../arm-none-eabi/lib/thumb/v7e-m/fpv4-sp/hard\libc_nano.a(lib_a-mprec.o)
                0x000000000800d5de                _Bfree
 .text.__multadd
                0x000000000800d60c       0x76 c:/st/stm32cubeide_1.3.0/stm32cubeide/plugins/com.st.stm32cube.ide.mcu.externaltools.gnu-tools-for-stm32.7-2018-q2-update.win32_1.0.0.201904181610/tools/bin/../lib/gcc/arm-none-eabi/7.3.1/../../../../arm-none-eabi/lib/thumb/v7e-m/fpv4-sp/hard\libc_nano.a(lib_a-mprec.o)
                0x000000000800d60c                __multadd
 .text.__hi0bits
                0x000000000800d682       0x3e c:/st/stm32cubeide_1.3.0/stm32cubeide/plugins/com.st.stm32cube.ide.mcu.externaltools.gnu-tools-for-stm32.7-2018-q2-update.win32_1.0.0.201904181610/tools/bin/../lib/gcc/arm-none-eabi/7.3.1/../../../../arm-none-eabi/lib/thumb/v7e-m/fpv4-sp/hard\libc_nano.a(lib_a-mprec.o)
                0x000000000800d682                __hi0bits
 .text.__lo0bits
                0x000000000800d6c0       0x5e c:/st/stm32cubeide_1.3.0/stm32cubeide/plugins/com.st.stm32cube.ide.mcu.externaltools.gnu-tools-for-stm32.7-2018-q2-update.win32_1.0.0.201904181610/tools/bin/../lib/gcc/arm-none-eabi/7.3.1/../../../../arm-none-eabi/lib/thumb/v7e-m/fpv4-sp/hard\libc_nano.a(lib_a-mprec.o)
                0x000000000800d6c0                __lo0bits
 .text.__i2b    0x000000000800d71e       0x12 c:/st/stm32cubeide_1.3.0/stm32cubeide/plugins/com.st.stm32cube.ide.mcu.externaltools.gnu-tools-for-stm32.7-2018-q2-update.win32_1.0.0.201904181610/tools/bin/../lib/gcc/arm-none-eabi/7.3.1/../../../../arm-none-eabi/lib/thumb/v7e-m/fpv4-sp/hard\libc_nano.a(lib_a-mprec.o)
                0x000000000800d71e                __i2b
 .text.__multiply
                0x000000000800d730      0x12c c:/st/stm32cubeide_1.3.0/stm32cubeide/plugins/com.st.stm32cube.ide.mcu.externaltools.gnu-tools-for-stm32.7-2018-q2-update.win32_1.0.0.201904181610/tools/bin/../lib/gcc/arm-none-eabi/7.3.1/../../../../arm-none-eabi/lib/thumb/v7e-m/fpv4-sp/hard\libc_nano.a(lib_a-mprec.o)
                0x000000000800d730                __multiply
 .text.__pow5mult
                0x000000000800d85c       0x9c c:/st/stm32cubeide_1.3.0/stm32cubeide/plugins/com.st.stm32cube.ide.mcu.externaltools.gnu-tools-for-stm32.7-2018-q2-update.win32_1.0.0.201904181610/tools/bin/../lib/gcc/arm-none-eabi/7.3.1/../../../../arm-none-eabi/lib/thumb/v7e-m/fpv4-sp/hard\libc_nano.a(lib_a-mprec.o)
                0x000000000800d85c                __pow5mult
 .text.__lshift
                0x000000000800d8f8       0xa8 c:/st/stm32cubeide_1.3.0/stm32cubeide/plugins/com.st.stm32cube.ide.mcu.externaltools.gnu-tools-for-stm32.7-2018-q2-update.win32_1.0.0.201904181610/tools/bin/../lib/gcc/arm-none-eabi/7.3.1/../../../../arm-none-eabi/lib/thumb/v7e-m/fpv4-sp/hard\libc_nano.a(lib_a-mprec.o)
                0x000000000800d8f8                __lshift
 .text.__mcmp   0x000000000800d9a0       0x34 c:/st/stm32cubeide_1.3.0/stm32cubeide/plugins/com.st.stm32cube.ide.mcu.externaltools.gnu-tools-for-stm32.7-2018-q2-update.win32_1.0.0.201904181610/tools/bin/../lib/gcc/arm-none-eabi/7.3.1/../../../../arm-none-eabi/lib/thumb/v7e-m/fpv4-sp/hard\libc_nano.a(lib_a-mprec.o)
                0x000000000800d9a0                __mcmp
 .text.__mdiff  0x000000000800d9d4       0xba c:/st/stm32cubeide_1.3.0/stm32cubeide/plugins/com.st.stm32cube.ide.mcu.externaltools.gnu-tools-for-stm32.7-2018-q2-update.win32_1.0.0.201904181610/tools/bin/../lib/gcc/arm-none-eabi/7.3.1/../../../../arm-none-eabi/lib/thumb/v7e-m/fpv4-sp/hard\libc_nano.a(lib_a-mprec.o)
                0x000000000800d9d4                __mdiff
 .text.__d2b    0x000000000800da8e       0x9e c:/st/stm32cubeide_1.3.0/stm32cubeide/plugins/com.st.stm32cube.ide.mcu.externaltools.gnu-tools-for-stm32.7-2018-q2-update.win32_1.0.0.201904181610/tools/bin/../lib/gcc/arm-none-eabi/7.3.1/../../../../arm-none-eabi/lib/thumb/v7e-m/fpv4-sp/hard\libc_nano.a(lib_a-mprec.o)
                0x000000000800da8e                __d2b
 .text._calloc_r
                0x000000000800db2c       0x1c c:/st/stm32cubeide_1.3.0/stm32cubeide/plugins/com.st.stm32cube.ide.mcu.externaltools.gnu-tools-for-stm32.7-2018-q2-update.win32_1.0.0.201904181610/tools/bin/../lib/gcc/arm-none-eabi/7.3.1/../../../../arm-none-eabi/lib/thumb/v7e-m/fpv4-sp/hard\libc_nano.a(lib_a-nano-callocr.o)
                0x000000000800db2c                _calloc_r
 .text._free_r  0x000000000800db48       0x9c c:/st/stm32cubeide_1.3.0/stm32cubeide/plugins/com.st.stm32cube.ide.mcu.externaltools.gnu-tools-for-stm32.7-2018-q2-update.win32_1.0.0.201904181610/tools/bin/../lib/gcc/arm-none-eabi/7.3.1/../../../../arm-none-eabi/lib/thumb/v7e-m/fpv4-sp/hard\libc_nano.a(lib_a-nano-freer.o)
                0x000000000800db48                _free_r
 .text._malloc_r
                0x000000000800dbe4       0xb4 c:/st/stm32cubeide_1.3.0/stm32cubeide/plugins/com.st.stm32cube.ide.mcu.externaltools.gnu-tools-for-stm32.7-2018-q2-update.win32_1.0.0.201904181610/tools/bin/../lib/gcc/arm-none-eabi/7.3.1/../../../../arm-none-eabi/lib/thumb/v7e-m/fpv4-sp/hard\libc_nano.a(lib_a-nano-mallocr.o)
                0x000000000800dbe4                _malloc_r
 .text.__ssputs_r
                0x000000000800dc98       0xb4 c:/st/stm32cubeide_1.3.0/stm32cubeide/plugins/com.st.stm32cube.ide.mcu.externaltools.gnu-tools-for-stm32.7-2018-q2-update.win32_1.0.0.201904181610/tools/bin/../lib/gcc/arm-none-eabi/7.3.1/../../../../arm-none-eabi/lib/thumb/v7e-m/fpv4-sp/hard\libc_nano.a(lib_a-nano-svfprintf.o)
                0x000000000800dc98                __ssputs_r
 .text._svfprintf_r
                0x000000000800dd4c      0x1f0 c:/st/stm32cubeide_1.3.0/stm32cubeide/plugins/com.st.stm32cube.ide.mcu.externaltools.gnu-tools-for-stm32.7-2018-q2-update.win32_1.0.0.201904181610/tools/bin/../lib/gcc/arm-none-eabi/7.3.1/../../../../arm-none-eabi/lib/thumb/v7e-m/fpv4-sp/hard\libc_nano.a(lib_a-nano-svfprintf.o)
                0x000000000800dd4c                _svfiprintf_r
                0x000000000800dd4c                _svfprintf_r
 .text._sbrk_r  0x000000000800df3c       0x20 c:/st/stm32cubeide_1.3.0/stm32cubeide/plugins/com.st.stm32cube.ide.mcu.externaltools.gnu-tools-for-stm32.7-2018-q2-update.win32_1.0.0.201904181610/tools/bin/../lib/gcc/arm-none-eabi/7.3.1/../../../../arm-none-eabi/lib/thumb/v7e-m/fpv4-sp/hard\libc_nano.a(lib_a-sbrkr.o)
                0x000000000800df3c                _sbrk_r
 .text.__ascii_wctomb
                0x000000000800df5c       0x1a c:/st/stm32cubeide_1.3.0/stm32cubeide/plugins/com.st.stm32cube.ide.mcu.externaltools.gnu-tools-for-stm32.7-2018-q2-update.win32_1.0.0.201904181610/tools/bin/../lib/gcc/arm-none-eabi/7.3.1/../../../../arm-none-eabi/lib/thumb/v7e-m/fpv4-sp/hard\libc_nano.a(lib_a-wctomb_r.o)
                0x000000000800df5c                __ascii_wctomb
 .text.memmove  0x000000000800df76       0x32 c:/st/stm32cubeide_1.3.0/stm32cubeide/plugins/com.st.stm32cube.ide.mcu.externaltools.gnu-tools-for-stm32.7-2018-q2-update.win32_1.0.0.201904181610/tools/bin/../lib/gcc/arm-none-eabi/7.3.1/../../../../arm-none-eabi/lib/thumb/v7e-m/fpv4-sp/hard\libc_nano.a(lib_a-memmove.o)
                0x000000000800df76                memmove
 .text.__malloc_lock
                0x000000000800dfa8        0x2 c:/st/stm32cubeide_1.3.0/stm32cubeide/plugins/com.st.stm32cube.ide.mcu.externaltools.gnu-tools-for-stm32.7-2018-q2-update.win32_1.0.0.201904181610/tools/bin/../lib/gcc/arm-none-eabi/7.3.1/../../../../arm-none-eabi/lib/thumb/v7e-m/fpv4-sp/hard\libc_nano.a(lib_a-mlock.o)
                0x000000000800dfa8                __malloc_lock
 .text.__malloc_unlock
                0x000000000800dfaa        0x2 c:/st/stm32cubeide_1.3.0/stm32cubeide/plugins/com.st.stm32cube.ide.mcu.externaltools.gnu-tools-for-stm32.7-2018-q2-update.win32_1.0.0.201904181610/tools/bin/../lib/gcc/arm-none-eabi/7.3.1/../../../../arm-none-eabi/lib/thumb/v7e-m/fpv4-sp/hard\libc_nano.a(lib_a-mlock.o)
                0x000000000800dfaa                __malloc_unlock
 .text._realloc_r
                0x000000000800dfac       0x4c c:/st/stm32cubeide_1.3.0/stm32cubeide/plugins/com.st.stm32cube.ide.mcu.externaltools.gnu-tools-for-stm32.7-2018-q2-update.win32_1.0.0.201904181610/tools/bin/../lib/gcc/arm-none-eabi/7.3.1/../../../../arm-none-eabi/lib/thumb/v7e-m/fpv4-sp/hard\libc_nano.a(lib_a-nano-reallocr.o)
                0x000000000800dfac                _realloc_r
 .text._malloc_usable_size_r
                0x000000000800dff8       0x10 c:/st/stm32cubeide_1.3.0/stm32cubeide/plugins/com.st.stm32cube.ide.mcu.externaltools.gnu-tools-for-stm32.7-2018-q2-update.win32_1.0.0.201904181610/tools/bin/../lib/gcc/arm-none-eabi/7.3.1/../../../../arm-none-eabi/lib/thumb/v7e-m/fpv4-sp/hard\libc_nano.a(lib_a-nano-msizer.o)
                0x000000000800dff8                _malloc_usable_size_r
 *(.glue_7)
 .glue_7        0x000000000800e008        0x0 linker stubs
 *(.glue_7t)
 .glue_7t       0x000000000800e008        0x0 linker stubs
 *(.eh_frame)
 .eh_frame      0x000000000800e008        0x0 c:/st/stm32cubeide_1.3.0/stm32cubeide/plugins/com.st.stm32cube.ide.mcu.externaltools.gnu-tools-for-stm32.7-2018-q2-update.win32_1.0.0.201904181610/tools/bin/../lib/gcc/arm-none-eabi/7.3.1/thumb/v7e-m/fpv4-sp/hard/crtbegin.o
 *(.init)
 .init          0x000000000800e008        0x4 c:/st/stm32cubeide_1.3.0/stm32cubeide/plugins/com.st.stm32cube.ide.mcu.externaltools.gnu-tools-for-stm32.7-2018-q2-update.win32_1.0.0.201904181610/tools/bin/../lib/gcc/arm-none-eabi/7.3.1/thumb/v7e-m/fpv4-sp/hard/crti.o
                0x000000000800e008                _init
 .init          0x000000000800e00c        0x8 c:/st/stm32cubeide_1.3.0/stm32cubeide/plugins/com.st.stm32cube.ide.mcu.externaltools.gnu-tools-for-stm32.7-2018-q2-update.win32_1.0.0.201904181610/tools/bin/../lib/gcc/arm-none-eabi/7.3.1/thumb/v7e-m/fpv4-sp/hard/crtn.o
 *(.fini)
 .fini          0x000000000800e014        0x4 c:/st/stm32cubeide_1.3.0/stm32cubeide/plugins/com.st.stm32cube.ide.mcu.externaltools.gnu-tools-for-stm32.7-2018-q2-update.win32_1.0.0.201904181610/tools/bin/../lib/gcc/arm-none-eabi/7.3.1/thumb/v7e-m/fpv4-sp/hard/crti.o
                0x000000000800e014                _fini
 .fini          0x000000000800e018        0x8 c:/st/stm32cubeide_1.3.0/stm32cubeide/plugins/com.st.stm32cube.ide.mcu.externaltools.gnu-tools-for-stm32.7-2018-q2-update.win32_1.0.0.201904181610/tools/bin/../lib/gcc/arm-none-eabi/7.3.1/thumb/v7e-m/fpv4-sp/hard/crtn.o
                0x000000000800e020                . = ALIGN (0x4)
                0x000000000800e020                _etext = .

.vfp11_veneer   0x000000000800e020        0x0
 .vfp11_veneer  0x000000000800e020        0x0 linker stubs

.v4_bx          0x000000000800e020        0x0
 .v4_bx         0x000000000800e020        0x0 linker stubs

.iplt           0x000000000800e020        0x0
 .iplt          0x000000000800e020        0x0 c:/st/stm32cubeide_1.3.0/stm32cubeide/plugins/com.st.stm32cube.ide.mcu.externaltools.gnu-tools-for-stm32.7-2018-q2-update.win32_1.0.0.201904181610/tools/bin/../lib/gcc/arm-none-eabi/7.3.1/thumb/v7e-m/fpv4-sp/hard/crtbegin.o

.rodata         0x000000000800e020      0xaf8
                0x000000000800e020                . = ALIGN (0x4)
 *(.rodata)
 .rodata        0x000000000800e020       0x3b Drivers/STM32F4xx_HAL_Driver/Src/stm32f4xx_hal_cortex.o
 *fill*         0x000000000800e05b        0x1 
 .rodata        0x000000000800e05c       0x38 Drivers/STM32F4xx_HAL_Driver/Src/stm32f4xx_hal_crc.o
 .rodata        0x000000000800e094       0x38 Drivers/STM32F4xx_HAL_Driver/Src/stm32f4xx_hal_dma.o
 .rodata        0x000000000800e0cc       0x3a Drivers/STM32F4xx_HAL_Driver/Src/stm32f4xx_hal_flash.o
 *fill*         0x000000000800e106        0x2 
 .rodata        0x000000000800e108       0x3d Drivers/STM32F4xx_HAL_Driver/Src/stm32f4xx_hal_flash_ex.o
 *fill*         0x000000000800e145        0x3 
 .rodata        0x000000000800e148       0x39 Drivers/STM32F4xx_HAL_Driver/Src/stm32f4xx_hal_gpio.o
 *fill*         0x000000000800e181        0x3 
 .rodata        0x000000000800e184       0x38 Drivers/STM32F4xx_HAL_Driver/Src/stm32f4xx_hal_i2c.o
 .rodata        0x000000000800e1bc       0x38 Drivers/STM32F4xx_HAL_Driver/Src/stm32f4xx_hal_pwr.o
 .rodata        0x000000000800e1f4       0x38 Drivers/STM32F4xx_HAL_Driver/Src/stm32f4xx_hal_rcc.o
 .rodata        0x000000000800e22c       0x3b Drivers/STM32F4xx_HAL_Driver/Src/stm32f4xx_hal_rcc_ex.o
 *fill*         0x000000000800e267        0x1 
 .rodata        0x000000000800e268       0x38 Drivers/STM32F4xx_HAL_Driver/Src/stm32f4xx_hal_rtc.o
 .rodata        0x000000000800e2a0       0x3b Drivers/STM32F4xx_HAL_Driver/Src/stm32f4xx_hal_rtc_ex.o
 *fill*         0x000000000800e2db        0x1 
 .rodata        0x000000000800e2dc       0x38 Drivers/STM32F4xx_HAL_Driver/Src/stm32f4xx_hal_tim.o
 .rodata        0x000000000800e314       0x3b Drivers/STM32F4xx_HAL_Driver/Src/stm32f4xx_hal_tim_ex.o
 *fill*         0x000000000800e34f        0x1 
 .rodata        0x000000000800e350       0x39 Drivers/STM32F4xx_HAL_Driver/Src/stm32f4xx_hal_uart.o
 *fill*         0x000000000800e389        0x3 
 .rodata        0x000000000800e38c        0x2 Src/com.o
 *fill*         0x000000000800e38e        0x2 
 .rodata        0x000000000800e390      0x135 Src/command.o
 *fill*         0x000000000800e4c5        0x3 
 .rodata        0x000000000800e4c8      0x16b Src/lsm6dsl.o
 *fill*         0x000000000800e633        0x1 
 .rodata        0x000000000800e634       0x16 Src/main.o
 *fill*         0x000000000800e64a        0x2 
 .rodata        0x000000000800e64c      0x15e Src/system_debug.o
 *fill*         0x000000000800e7aa        0x2 
 .rodata        0x000000000800e7ac        0x6 Src/system_isr.o
 *(.rodata*)
 *fill*         0x000000000800e7b2        0x2 
 .rodata.flagBitshiftOffset.8468
                0x000000000800e7b4        0x8 Drivers/STM32F4xx_HAL_Driver/Src/stm32f4xx_hal_dma.o
 .rodata.Commands
                0x000000000800e7bc       0xe4 Src/command.o
                0x000000000800e7bc                Commands
 .rodata.AHBPrescTable
                0x000000000800e8a0       0x10 Src/system_stm32f4xx.o
                0x000000000800e8a0                AHBPrescTable
 .rodata.APBPrescTable
                0x000000000800e8b0        0x8 Src/system_stm32f4xx.o
                0x000000000800e8b0                APBPrescTable
 .rodata._printf_float.str1.1
                0x000000000800e8b8       0x12 c:/st/stm32cubeide_1.3.0/stm32cubeide/plugins/com.st.stm32cube.ide.mcu.externaltools.gnu-tools-for-stm32.7-2018-q2-update.win32_1.0.0.201904181610/tools/bin/../lib/gcc/arm-none-eabi/7.3.1/../../../../arm-none-eabi/lib/thumb/v7e-m/fpv4-sp/hard\libc_nano.a(lib_a-nano-vfprintf_float.o)
 .rodata._printf_i.str1.1
                0x000000000800e8ca       0x22 c:/st/stm32cubeide_1.3.0/stm32cubeide/plugins/com.st.stm32cube.ide.mcu.externaltools.gnu-tools-for-stm32.7-2018-q2-update.win32_1.0.0.201904181610/tools/bin/../lib/gcc/arm-none-eabi/7.3.1/../../../../arm-none-eabi/lib/thumb/v7e-m/fpv4-sp/hard\libc_nano.a(lib_a-nano-vfprintf_i.o)
 .rodata._dtoa_r.str1.1
                0x000000000800e8ec        0xd c:/st/stm32cubeide_1.3.0/stm32cubeide/plugins/com.st.stm32cube.ide.mcu.externaltools.gnu-tools-for-stm32.7-2018-q2-update.win32_1.0.0.201904181610/tools/bin/../lib/gcc/arm-none-eabi/7.3.1/../../../../arm-none-eabi/lib/thumb/v7e-m/fpv4-sp/hard\libc_nano.a(lib_a-dtoa.o)
                                          0xf (size before relaxing)
 .rodata._setlocale_r.str1.1
                0x000000000800e8f9        0x8 c:/st/stm32cubeide_1.3.0/stm32cubeide/plugins/com.st.stm32cube.ide.mcu.externaltools.gnu-tools-for-stm32.7-2018-q2-update.win32_1.0.0.201904181610/tools/bin/../lib/gcc/arm-none-eabi/7.3.1/../../../../arm-none-eabi/lib/thumb/v7e-m/fpv4-sp/hard\libc_nano.a(lib_a-locale.o)
                                          0x9 (size before relaxing)
 .rodata.str1.1
                0x000000000800e901        0x2 c:/st/stm32cubeide_1.3.0/stm32cubeide/plugins/com.st.stm32cube.ide.mcu.externaltools.gnu-tools-for-stm32.7-2018-q2-update.win32_1.0.0.201904181610/tools/bin/../lib/gcc/arm-none-eabi/7.3.1/../../../../arm-none-eabi/lib/thumb/v7e-m/fpv4-sp/hard\libc_nano.a(lib_a-locale.o)
 *fill*         0x000000000800e903        0x5 
 .rodata.__mprec_bigtens
                0x000000000800e908       0x28 c:/st/stm32cubeide_1.3.0/stm32cubeide/plugins/com.st.stm32cube.ide.mcu.externaltools.gnu-tools-for-stm32.7-2018-q2-update.win32_1.0.0.201904181610/tools/bin/../lib/gcc/arm-none-eabi/7.3.1/../../../../arm-none-eabi/lib/thumb/v7e-m/fpv4-sp/hard\libc_nano.a(lib_a-mprec.o)
                0x000000000800e908                __mprec_bigtens
 .rodata.__mprec_tens
                0x000000000800e930       0xc8 c:/st/stm32cubeide_1.3.0/stm32cubeide/plugins/com.st.stm32cube.ide.mcu.externaltools.gnu-tools-for-stm32.7-2018-q2-update.win32_1.0.0.201904181610/tools/bin/../lib/gcc/arm-none-eabi/7.3.1/../../../../arm-none-eabi/lib/thumb/v7e-m/fpv4-sp/hard\libc_nano.a(lib_a-mprec.o)
                0x000000000800e930                __mprec_tens
 .rodata.p05.7359
                0x000000000800e9f8        0xc c:/st/stm32cubeide_1.3.0/stm32cubeide/plugins/com.st.stm32cube.ide.mcu.externaltools.gnu-tools-for-stm32.7-2018-q2-update.win32_1.0.0.201904181610/tools/bin/../lib/gcc/arm-none-eabi/7.3.1/../../../../arm-none-eabi/lib/thumb/v7e-m/fpv4-sp/hard\libc_nano.a(lib_a-mprec.o)
 .rodata._svfprintf_r.str1.1
                0x000000000800ea04       0x11 c:/st/stm32cubeide_1.3.0/stm32cubeide/plugins/com.st.stm32cube.ide.mcu.externaltools.gnu-tools-for-stm32.7-2018-q2-update.win32_1.0.0.201904181610/tools/bin/../lib/gcc/arm-none-eabi/7.3.1/../../../../arm-none-eabi/lib/thumb/v7e-m/fpv4-sp/hard\libc_nano.a(lib_a-nano-svfprintf.o)
 .rodata._ctype_
                0x000000000800ea15      0x101 c:/st/stm32cubeide_1.3.0/stm32cubeide/plugins/com.st.stm32cube.ide.mcu.externaltools.gnu-tools-for-stm32.7-2018-q2-update.win32_1.0.0.201904181610/tools/bin/../lib/gcc/arm-none-eabi/7.3.1/../../../../arm-none-eabi/lib/thumb/v7e-m/fpv4-sp/hard\libc_nano.a(lib_a-ctype_.o)
                0x000000000800ea15                _ctype_
                0x000000000800eb18                . = ALIGN (0x4)
 *fill*         0x000000000800eb16        0x2 

.ARM.extab      0x000000000800eb18        0x0
                0x000000000800eb18                . = ALIGN (0x4)
 *(.ARM.extab* .gnu.linkonce.armextab.*)
                0x000000000800eb18                . = ALIGN (0x4)

.ARM            0x000000000800eb18        0x8
                0x000000000800eb18                . = ALIGN (0x4)
                0x000000000800eb18                __exidx_start = .
 *(.ARM.exidx*)
 .ARM.exidx     0x000000000800eb18        0x8 c:/st/stm32cubeide_1.3.0/stm32cubeide/plugins/com.st.stm32cube.ide.mcu.externaltools.gnu-tools-for-stm32.7-2018-q2-update.win32_1.0.0.201904181610/tools/bin/../lib/gcc/arm-none-eabi/7.3.1/thumb/v7e-m/fpv4-sp/hard\libgcc.a(_udivmoddi4.o)
                0x000000000800eb20                __exidx_end = .
                0x000000000800eb20                . = ALIGN (0x4)

.rel.dyn        0x000000000800eb20        0x0
 .rel.iplt      0x000000000800eb20        0x0 c:/st/stm32cubeide_1.3.0/stm32cubeide/plugins/com.st.stm32cube.ide.mcu.externaltools.gnu-tools-for-stm32.7-2018-q2-update.win32_1.0.0.201904181610/tools/bin/../lib/gcc/arm-none-eabi/7.3.1/thumb/v7e-m/fpv4-sp/hard/crtbegin.o

.preinit_array  0x000000000800eb20        0x0
                0x000000000800eb20                . = ALIGN (0x4)
                0x000000000800eb20                PROVIDE (__preinit_array_start = .)
 *(.preinit_array*)
                0x000000000800eb20                PROVIDE (__preinit_array_end = .)
                0x000000000800eb20                . = ALIGN (0x4)

.init_array     0x000000000800eb20        0x4
                0x000000000800eb20                . = ALIGN (0x4)
                0x000000000800eb20                PROVIDE (__init_array_start = .)
 *(SORT_BY_NAME(.init_array.*))
 *(.init_array*)
 .init_array    0x000000000800eb20        0x4 c:/st/stm32cubeide_1.3.0/stm32cubeide/plugins/com.st.stm32cube.ide.mcu.externaltools.gnu-tools-for-stm32.7-2018-q2-update.win32_1.0.0.201904181610/tools/bin/../lib/gcc/arm-none-eabi/7.3.1/thumb/v7e-m/fpv4-sp/hard/crtbegin.o
                0x000000000800eb24                PROVIDE (__init_array_end = .)
                0x000000000800eb24                . = ALIGN (0x4)

.fini_array     0x000000000800eb24        0x4
                0x000000000800eb24                . = ALIGN (0x4)
                [!provide]                        PROVIDE (__fini_array_start = .)
 *(SORT_BY_NAME(.fini_array.*))
 *(.fini_array*)
 .fini_array    0x000000000800eb24        0x4 c:/st/stm32cubeide_1.3.0/stm32cubeide/plugins/com.st.stm32cube.ide.mcu.externaltools.gnu-tools-for-stm32.7-2018-q2-update.win32_1.0.0.201904181610/tools/bin/../lib/gcc/arm-none-eabi/7.3.1/thumb/v7e-m/fpv4-sp/hard/crtbegin.o
                [!provide]                        PROVIDE (__fini_array_end = .)
                0x000000000800eb28                . = ALIGN (0x4)
                0x000000000800eb28                _sidata = LOADADDR (.data)

.data           0x0000000020000080      0x1dc load address 0x000000000800eb28
                0x0000000020000080                . = ALIGN (0x4)
                0x0000000020000080                _sdata = .
 *(.data)
 *(.data*)
 .data.uwTickPrio
                0x0000000020000080        0x4 Drivers/STM32F4xx_HAL_Driver/Src/stm32f4xx_hal.o
                0x0000000020000080                uwTickPrio
 .data.uwTickFreq
                0x0000000020000084        0x1 Drivers/STM32F4xx_HAL_Driver/Src/stm32f4xx_hal.o
                0x0000000020000084                uwTickFreq
 *fill*         0x0000000020000085        0x3 
 .data.SystemCoreClock
                0x0000000020000088        0x4 Src/system_stm32f4xx.o
                0x0000000020000088                SystemCoreClock
 .data._impure_ptr
                0x000000002000008c        0x4 c:/st/stm32cubeide_1.3.0/stm32cubeide/plugins/com.st.stm32cube.ide.mcu.externaltools.gnu-tools-for-stm32.7-2018-q2-update.win32_1.0.0.201904181610/tools/bin/../lib/gcc/arm-none-eabi/7.3.1/../../../../arm-none-eabi/lib/thumb/v7e-m/fpv4-sp/hard\libc_nano.a(lib_a-impure.o)
                0x000000002000008c                _impure_ptr
 .data.impure_data
                0x0000000020000090       0x60 c:/st/stm32cubeide_1.3.0/stm32cubeide/plugins/com.st.stm32cube.ide.mcu.externaltools.gnu-tools-for-stm32.7-2018-q2-update.win32_1.0.0.201904181610/tools/bin/../lib/gcc/arm-none-eabi/7.3.1/../../../../arm-none-eabi/lib/thumb/v7e-m/fpv4-sp/hard\libc_nano.a(lib_a-impure.o)
 .data.__global_locale
                0x00000000200000f0      0x16c c:/st/stm32cubeide_1.3.0/stm32cubeide/plugins/com.st.stm32cube.ide.mcu.externaltools.gnu-tools-for-stm32.7-2018-q2-update.win32_1.0.0.201904181610/tools/bin/../lib/gcc/arm-none-eabi/7.3.1/../../../../arm-none-eabi/lib/thumb/v7e-m/fpv4-sp/hard\libc_nano.a(lib_a-locale.o)
                0x00000000200000f0                __global_locale
                0x000000002000025c                . = ALIGN (0x4)