Archive member included to satisfy reference by file (symbol)

c:/st/stm32cubeide_1.3.0/stm32cubeide/plugins/com.st.stm32cube.ide.mcu.externaltools.gnu-tools-for-stm32.7-2018-q2-update.win32_1.0.0.201904181610/tools/bin/../lib/gcc/arm-none-eabi/7.3.1/../../../../arm-none-eabi/lib/thumb/v7e-m/fpv4-sp/hard\libc_nano.a(lib_a-atoi.o)
                              Src/command.o (atoi)
c:/st/stm32cubeide_1.3.0/stm32cubeide/plugins/com.st.stm32cube.ide.mcu.externaltools.gnu-tools-for-stm32.7-2018-q2-update.win32_1.0.0.201904181610/tools/bin/../lib/gcc/arm-none-eabi/7.3.1/../../../../arm-none-eabi/lib/thumb/v7e-m/fpv4-sp/hard\libc_nano.a(lib_a-errno.o)
                              Src/syscalls.o (__errno)
c:/st/stm32cubeide_1.3.0/stm32cubeide/plugins/com.st.stm32cube.ide.mcu.externaltools.gnu-tools-for-stm32.7-2018-q2-update.win32_1.0.0.201904181610/tools/bin/../lib/gcc/arm-none-eabi/7.3.1/../../../../arm-none-eabi/lib/thumb/v7e-m/fpv4-sp/hard\libc_nano.a(lib_a-exit.o)
                              c:/st/stm32cubeide_1.3.0/stm32cubeide/plugins/com.st.stm32cube.ide.mcu.externaltools.gnu-tools-for-stm32.7-2018-q2-update.win32_1.0.0.201904181610/tools/bin/../lib/gcc/arm-none-eabi/7.3.1/../../../../arm-none-eabi/lib/thumb/v7e-m/fpv4-sp/hard/crt0.o (exit)
c:/st/stm32cubeide_1.3.0/stm32cubeide/plugins/com.st.stm32cube.ide.mcu.externaltools.gnu-tools-for-stm32.7-2018-q2-update.win32_1.0.0.201904181610/tools/bin/../lib/gcc/arm-none-eabi/7.3.1/../../../../arm-none-eabi/lib/thumb/v7e-m/fpv4-sp/hard\libc_nano.a(lib_a-findfp.o)
                              Middlewares/Third_Party/FreeRTOS/Source/tasks.o (__sf_fake_stderr)
c:/st/stm32cubeide_1.3.0/stm32cubeide/plugins/com.st.stm32cube.ide.mcu.externaltools.gnu-tools-for-stm32.7-2018-q2-update.win32_1.0.0.201904181610/tools/bin/../lib/gcc/arm-none-eabi/7.3.1/../../../../arm-none-eabi/lib/thumb/v7e-m/fpv4-sp/hard\libc_nano.a(lib_a-fwalk.o)
                              c:/st/stm32cubeide_1.3.0/stm32cubeide/plugins/com.st.stm32cube.ide.mcu.externaltools.gnu-tools-for-stm32.7-2018-q2-update.win32_1.0.0.201904181610/tools/bin/../lib/gcc/arm-none-eabi/7.3.1/../../../../arm-none-eabi/lib/thumb/v7e-m/fpv4-sp/hard\libc_nano.a(lib_a-findfp.o) (_fwalk)
c:/st/stm32cubeide_1.3.0/stm32cubeide/plugins/com.st.stm32cube.ide.mcu.externaltools.gnu-tools-for-stm32.7-2018-q2-update.win32_1.0.0.201904181610/tools/bin/../lib/gcc/arm-none-eabi/7.3.1/../../../../arm-none-eabi/lib/thumb/v7e-m/fpv4-sp/hard\libc_nano.a(lib_a-impure.o)
                              c:/st/stm32cubeide_1.3.0/stm32cubeide/plugins/com.st.stm32cube.ide.mcu.externaltools.gnu-tools-for-stm32.7-2018-q2-update.win32_1.0.0.201904181610/tools/bin/../lib/gcc/arm-none-eabi/7.3.1/../../../../arm-none-eabi/lib/thumb/v7e-m/fpv4-sp/hard\libc_nano.a(lib_a-exit.o) (_global_impure_ptr)
c:/st/stm32cubeide_1.3.0/stm32cubeide/plugins/com.st.stm32cube.ide.mcu.externaltools.gnu-tools-for-stm32.7-2018-q2-update.win32_1.0.0.201904181610/tools/bin/../lib/gcc/arm-none-eabi/7.3.1/../../../../arm-none-eabi/lib/thumb/v7e-m/fpv4-sp/hard\libc_nano.a(lib_a-init.o)
                              c:/st/stm32cubeide_1.3.0/stm32cubeide/plugins/com.st.stm32cube.ide.mcu.externaltools.gnu-tools-for-stm32.7-2018-q2-update.win32_1.0.0.201904181610/tools/bin/../lib/gcc/arm-none-eabi/7.3.1/../../../../arm-none-eabi/lib/thumb/v7e-m/fpv4-sp/hard/crt0.o (__libc_init_array)
c:/st/stm32cubeide_1.3.0/stm32cubeide/plugins/com.st.stm32cube.ide.mcu.externaltools.gnu-tools-for-stm32.7-2018-q2-update.win32_1.0.0.201904181610/tools/bin/../lib/gcc/arm-none-eabi/7.3.1/../../../../arm-none-eabi/lib/thumb/v7e-m/fpv4-sp/hard\libc_nano.a(lib_a-malloc.o)
                              Src/heap_useNewlib.o (malloc)
c:/st/stm32cubeide_1.3.0/stm32cubeide/plugins/com.st.stm32cube.ide.mcu.externaltools.gnu-tools-for-stm32.7-2018-q2-update.win32_1.0.0.201904181610/tools/bin/../lib/gcc/arm-none-eabi/7.3.1/../../../../arm-none-eabi/lib/thumb/v7e-m/fpv4-sp/hard\libc_nano.a(lib_a-memcpy-stub.o)
                              Middlewares/Third_Party/FreeRTOS/Source/queue.o (memcpy)
c:/st/stm32cubeide_1.3.0/stm32cubeide/plugins/com.st.stm32cube.ide.mcu.externaltools.gnu-tools-for-stm32.7-2018-q2-update.win32_1.0.0.201904181610/tools/bin/../lib/gcc/arm-none-eabi/7.3.1/../../../../arm-none-eabi/lib/thumb/v7e-m/fpv4-sp/hard\libc_nano.a(lib_a-memset.o)
                              c:/st/stm32cubeide_1.3.0/stm32cubeide/plugins/com.st.stm32cube.ide.mcu.externaltools.gnu-tools-for-stm32.7-2018-q2-update.win32_1.0.0.201904181610/tools/bin/../lib/gcc/arm-none-eabi/7.3.1/../../../../arm-none-eabi/lib/thumb/v7e-m/fpv4-sp/hard/crt0.o (memset)
c:/st/stm32cubeide_1.3.0/stm32cubeide/plugins/com.st.stm32cube.ide.mcu.externaltools.gnu-tools-for-stm32.7-2018-q2-update.win32_1.0.0.201904181610/tools/bin/../lib/gcc/arm-none-eabi/7.3.1/../../../../arm-none-eabi/lib/thumb/v7e-m/fpv4-sp/hard\libc_nano.a(lib_a-mstats.o)
                              Src/heap_useNewlib.o (mallinfo)
[...]
Memory Configuration

Name             Origin             Length             Attributes
RAM              0x0000000020000080 0x000000000001ff80 xrw
NOINIT           0x0000000020000000 0x0000000000000080 xrw
FLASH            0x0000000008000000 0x0000000000060000 xr
IP_CODE          0x0000000008060000 0x0000000000020000 xr
*default*        0x0000000000000000 0xffffffffffffffff

Linker script and memory map

LOAD c:/st/stm32cubeide_1.3.0/stm32cubeide/plugins/com.st.stm32cube.ide.mcu.externaltools.gnu-tools-for-stm32.7-2018-q2-update.win32_1.0.0.201904181610/tools/bin/../lib/gcc/arm-none-eabi/7.3.1/thumb/v7e-m/fpv4-sp/hard/crti.o
LOAD c:/st/stm32cubeide_1.3.0/stm32cubeide/plugins/com.st.stm32cube.ide.mcu.externaltools.gnu-tools-for-stm32.7-2018-q2-update.win32_1.0.0.201904181610/tools/bin/../lib/gcc/arm-none-eabi/7.3.1/thumb/v7e-m/fpv4-sp/hard/crtbegin.o
LOAD c:/st/stm32cubeide_1.3.0/stm32cubeide/plugins/com.st.stm32cube.ide.mcu.externaltools.gnu-tools-for-stm32.7-2018-q2-update.win32_1.0.0.201904181610/tools/bin/../lib/gcc/arm-none-eabi/7.3.1/../../../../arm-none-eabi/lib/thumb/v7e-m/fpv4-sp/hard/crt0.o
LOAD Drivers/STM32F4xx_HAL_Driver/Src/stm32f4xx_hal.o
LOAD Drivers/STM32F4xx_HAL_Driver/Src/stm32f4xx_hal_cortex.o
LOAD Drivers/STM32F4xx_HAL_Driver/Src/stm32f4xx_hal_crc.o
LOAD Drivers/STM32F4xx_HAL_Driver/Src/stm32f4xx_hal_dma.o
LOAD Drivers/STM32F4xx_HAL_Driver/Src/stm32f4xx_hal_dma_ex.o
LOAD Drivers/STM32F4xx_HAL_Driver/Src/stm32f4xx_hal_exti.o
LOAD Drivers/STM32F4xx_HAL_Driver/Src/stm32f4xx_hal_flash.o
LOAD Drivers/STM32F4xx_HAL_Driver/Src/stm32f4xx_hal_flash_ex.o
LOAD Drivers/STM32F4xx_HAL_Driver/Src/stm32f4xx_hal_flash_ramfunc.o
LOAD Drivers/STM32F4xx_HAL_Driver/Src/stm32f4xx_hal_gpio.o
LOAD Drivers/STM32F4xx_HAL_Driver/Src/stm32f4xx_hal_i2c.o
LOAD Drivers/STM32F4xx_HAL_Driver/Src/stm32f4xx_hal_i2c_ex.o
LOAD Drivers/STM32F4xx_HAL_Driver/Src/stm32f4xx_hal_iwdg.o
LOAD Drivers/STM32F4xx_HAL_Driver/Src/stm32f4xx_hal_pwr.o
LOAD Drivers/STM32F4xx_HAL_Driver/Src/stm32f4xx_hal_pwr_ex.o
LOAD Drivers/STM32F4xx_HAL_Driver/Src/stm32f4xx_hal_rcc.o
LOAD Drivers/STM32F4xx_HAL_Driver/Src/stm32f4xx_hal_rcc_ex.o
LOAD Drivers/STM32F4xx_HAL_Driver/Src/stm32f4xx_hal_rtc.o
LOAD Drivers/STM32F4xx_HAL_Driver/Src/stm32f4xx_hal_rtc_ex.o
LOAD Drivers/STM32F4xx_HAL_Driver/Src/stm32f4xx_hal_tim.o
LOAD Drivers/STM32F4xx_HAL_Driver/Src/stm32f4xx_hal_tim_ex.o
LOAD Drivers/STM32F4xx_HAL_Driver/Src/stm32f4xx_hal_uart.o
LOAD Middlewares/Third_Party/FreeRTOS/Source/CMSIS_RTOS/cmsis_os.o
LOAD Middlewares/Third_Party/FreeRTOS/Source/croutine.o
LOAD Middlewares/Third_Party/FreeRTOS/Source/event_groups.o
LOAD Middlewares/Third_Party/FreeRTOS/Source/list.o
LOAD Middlewares/Third_Party/FreeRTOS/Source/queue.o
LOAD Middlewares/Third_Party/FreeRTOS/Source/stream_buffer.o
LOAD Middlewares/Third_Party/FreeRTOS/Source/tasks.o
LOAD Middlewares/Third_Party/FreeRTOS/Source/timers.o
LOAD Middlewares/Third_Party/FreeRTOS/Source/portable/GCC/ARM_CM4F/port.o
LOAD Src/com.o
LOAD Src/command.o
LOAD Src/crc.o
LOAD Src/dma.o
LOAD Src/flash.o
LOAD Src/freertos.o
LOAD Src/gpio.o
LOAD Src/heap_useNewlib.o
LOAD Src/i2c.o
LOAD Src/iwdg.o
LOAD Src/lsm6dsl.o
LOAD Src/lsm6dsl_reg.o
LOAD Src/main.o
LOAD Src/rtc.o
LOAD Src/stm32f4xx_hal_msp.o
LOAD Src/stm32f4xx_hal_timebase_tim.o
LOAD Src/stm32f4xx_it.o
LOAD Src/syscalls.o
LOAD Src/sysmem.o
LOAD Src/system_debug.o
LOAD Src/system_isr.o
LOAD Src/system_stm32f4xx.o
LOAD Src/tim.o
LOAD Src/usart.o
LOAD Startup/startup_stm32f411retx.o
START GROUP
LOAD c:/st/stm32cubeide_1.3.0/stm32cubeide/plugins/com.st.stm32cube.ide.mcu.externaltools.gnu-tools-for-stm32.7-2018-q2-update.win32_1.0.0.201904181610/tools/bin/../lib/gcc/arm-none-eabi/7.3.1/../../../../arm-none-eabi/lib/thumb/v7e-m/fpv4-sp/hard\libc_nano.a
LOAD c:/st/stm32cubeide_1.3.0/stm32cubeide/plugins/com.st.stm32cube.ide.mcu.externaltools.gnu-tools-for-stm32.7-2018-q2-update.win32_1.0.0.201904181610/tools/bin/../lib/gcc/arm-none-eabi/7.3.1/../../../../arm-none-eabi/lib/thumb/v7e-m/fpv4-sp/hard\libm.a
END GROUP
START GROUP
LOAD c:/st/stm32cubeide_1.3.0/stm32cubeide/plugins/com.st.stm32cube.ide.mcu.externaltools.gnu-tools-for-stm32.7-2018-q2-update.win32_1.0.0.201904181610/tools/bin/../lib/gcc/arm-none-eabi/7.3.1/thumb/v7e-m/fpv4-sp/hard\libgcc.a
LOAD c:/st/stm32cubeide_1.3.0/stm32cubeide/plugins/com.st.stm32cube.ide.mcu.externaltools.gnu-tools-for-stm32.7-2018-q2-update.win32_1.0.0.201904181610/tools/bin/../lib/gcc/arm-none-eabi/7.3.1/../../../../arm-none-eabi/lib/thumb/v7e-m/fpv4-sp/hard\libc_nano.a
END GROUP
START GROUP
LOAD c:/st/stm32cubeide_1.3.0/stm32cubeide/plugins/com.st.stm32cube.ide.mcu.externaltools.gnu-tools-for-stm32.7-2018-q2-update.win32_1.0.0.201904181610/tools/bin/../lib/gcc/arm-none-eabi/7.3.1/thumb/v7e-m/fpv4-sp/hard\libgcc.a
LOAD c:/st/stm32cubeide_1.3.0/stm32cubeide/plugins/com.st.stm32cube.ide.mcu.externaltools.gnu-tools-for-stm32.7-2018-q2-update.win32_1.0.0.201904181610/tools/bin/../lib/gcc/arm-none-eabi/7.3.1/../../../../arm-none-eabi/lib/thumb/v7e-m/fpv4-sp/hard\libc_nano.a
LOAD c:/st/stm32cubeide_1.3.0/stm32cubeide/plugins/com.st.stm32cube.ide.mcu.externaltools.gnu-tools-for-stm32.7-2018-q2-update.win32_1.0.0.201904181610/tools/bin/../lib/gcc/arm-none-eabi/7.3.1/../../../../arm-none-eabi/lib/thumb/v7e-m/fpv4-sp/hard\libnosys.a
END GROUP
START GROUP
LOAD c:/st/stm32cubeide_1.3.0/stm32cubeide/plugins/com.st.stm32cube.ide.mcu.externaltools.gnu-tools-for-stm32.7-2018-q2-update.win32_1.0.0.201904181610/tools/bin/../lib/gcc/arm-none-eabi/7.3.1/thumb/v7e-m/fpv4-sp/hard\libgcc.a
LOAD c:/st/stm32cubeide_1.3.0/stm32cubeide/plugins/com.st.stm32cube.ide.mcu.externaltools.gnu-tools-for-stm32.7-2018-q2-update.win32_1.0.0.201904181610/tools/bin/../lib/gcc/arm-none-eabi/7.3.1/../../../../arm-none-eabi/lib/thumb/v7e-m/fpv4-sp/hard\libc_nano.a
LOAD c:/st/stm32cubeide_1.3.0/stm32cubeide/plugins/com.st.stm32cube.ide.mcu.externaltools.gnu-tools-for-stm32.7-2018-q2-update.win32_1.0.0.201904181610/tools/bin/../lib/gcc/arm-none-eabi/7.3.1/../../../../arm-none-eabi/lib/thumb/v7e-m/fpv4-sp/hard\libnosys.a
END GROUP
LOAD c:/st/stm32cubeide_1.3.0/stm32cubeide/plugins/com.st.stm32cube.ide.mcu.externaltools.gnu-tools-for-stm32.7-2018-q2-update.win32_1.0.0.201904181610/tools/bin/../lib/gcc/arm-none-eabi/7.3.1/thumb/v7e-m/fpv4-sp/hard/crtend.o
LOAD c:/st/stm32cubeide_1.3.0/stm32cubeide/plugins/com.st.stm32cube.ide.mcu.externaltools.gnu-tools-for-stm32.7-2018-q2-update.win32_1.0.0.201904181610/tools/bin/../lib/gcc/arm-none-eabi/7.3.1/thumb/v7e-m/fpv4-sp/hard/crtn.o
                0x0000000020020000                _estack = (ORIGIN (RAM) + LENGTH (RAM))
                0x0000000000000200                _Min_Heap_Size = 0x200
                0x0000000000000400                _Min_Stack_Size = 0x400

.isr_vector     0x0000000008000000      0x198
                0x0000000008000000                . = ALIGN (0x4)
 *(.isr_vector)
 .isr_vector    0x0000000008000000      0x198 Startup/startup_stm32f411retx.o
                0x0000000008000000                g_pfnVectors
                0x0000000008000198                . = ALIGN (0x4)

.text           0x00000000080001a0     0xaec8
                0x00000000080001a0                . = ALIGN (0x4)
 *(.text)
 .text          0x00000000080001a0       0x40 c:/st/stm32cubeide_1.3.0/stm32cubeide/plugins/com.st.stm32cube.ide.mcu.externaltools.gnu-tools-for-stm32.7-2018-q2-update.win32_1.0.0.201904181610/tools/bin/../lib/gcc/arm-none-eabi/7.3.1/thumb/v7e-m/fpv4-sp/hard/crtbegin.o
 .text          0x00000000080001e0       0x10 c:/st/stm32cubeide_1.3.0/stm32cubeide/plugins/com.st.stm32cube.ide.mcu.externaltools.gnu-tools-for-stm32.7-2018-q2-update.win32_1.0.0.201904181610/tools/bin/../lib/gcc/arm-none-eabi/7.3.1/../../../../arm-none-eabi/lib/thumb/v7e-m/fpv4-sp/hard\libc_nano.a(lib_a-strlen.o)
                0x00000000080001e0                strlen
 .text          0x00000000080001f0       0xa0 c:/st/stm32cubeide_1.3.0/stm32cubeide/plugins/com.st.stm32cube.ide.mcu.externaltools.gnu-tools-for-stm32.7-2018-q2-update.win32_1.0.0.201904181610/tools/bin/../lib/gcc/arm-none-eabi/7.3.1/../../../../arm-none-eabi/lib/thumb/v7e-m/fpv4-sp/hard\libc_nano.a(lib_a-memchr.o)
                0x00000000080001f0                memchr
 .text          0x0000000008000290      0x378 c:/st/stm32cubeide_1.3.0/stm32cubeide/plugins/com.st.stm32cube.ide.mcu.externaltools.gnu-tools-for-stm32.7-2018-q2-update.win32_1.0.0.201904181610/tools/bin/../lib/gcc/arm-none-eabi/7.3.1/thumb/v7e-m/fpv4-sp/hard\libgcc.a(_arm_addsubdf3.o)
                0x0000000008000290                __aeabi_drsub
                0x0000000008000298                __aeabi_dsub
                0x0000000008000298                __subdf3
                0x000000000800029c                __aeabi_dadd
                0x000000000800029c                __adddf3
                0x0000000008000514                __floatunsidf
                0x0000000008000514                __aeabi_ui2d
                0x0000000008000534                __floatsidf
                0x0000000008000534                __aeabi_i2d
                0x0000000008000558                __aeabi_f2d
                0x0000000008000558                __extendsfdf2
                0x000000000800059c                __floatundidf
                0x000000000800059c                __aeabi_ul2d
                0x00000000080005ac                __floatdidf
                0x00000000080005ac                __aeabi_l2d
 .text          0x0000000008000608      0x424 c:/st/stm32cubeide_1.3.0/stm32cubeide/plugins/com.st.stm32cube.ide.mcu.externaltools.gnu-tools-for-stm32.7-2018-q2-update.win32_1.0.0.201904181610/tools/bin/../lib/gcc/arm-none-eabi/7.3.1/thumb/v7e-m/fpv4-sp/hard\libgcc.a(_arm_muldivdf3.o)
                0x0000000008000608                __aeabi_dmul
                0x0000000008000608                __muldf3
                0x000000000800085c                __divdf3
                0x000000000800085c                __aeabi_ddiv
 .text          0x0000000008000a2c      0x110 c:/st/stm32cubeide_1.3.0/stm32cubeide/plugins/com.st.stm32cube.ide.mcu.externaltools.gnu-tools-for-stm32.7-2018-q2-update.win32_1.0.0.201904181610/tools/bin/../lib/gcc/arm-none-eabi/7.3.1/thumb/v7e-m/fpv4-sp/hard\libgcc.a(_arm_cmpdf2.o)
                0x0000000008000a2c                __gtdf2
                0x0000000008000a2c                __gedf2
                0x0000000008000a34                __ltdf2
                0x0000000008000a34                __ledf2
                0x0000000008000a3c                __nedf2
                0x0000000008000a3c                __eqdf2
                0x0000000008000a3c                __cmpdf2
                0x0000000008000ab8                __aeabi_cdrcmple
                0x0000000008000ac8                __aeabi_cdcmpeq
                0x0000000008000ac8                __aeabi_cdcmple
                0x0000000008000ad8                __aeabi_dcmpeq
                0x0000000008000aec                __aeabi_dcmplt
                0x0000000008000b00                __aeabi_dcmple
                0x0000000008000b14                __aeabi_dcmpge
                0x0000000008000b28                __aeabi_dcmpgt
 .text          0x0000000008000b3c       0x2c c:/st/stm32cubeide_1.3.0/stm32cubeide/plugins/com.st.stm32cube.ide.mcu.externaltools.gnu-tools-for-stm32.7-2018-q2-update.win32_1.0.0.201904181610/tools/bin/../lib/gcc/arm-none-eabi/7.3.1/thumb/v7e-m/fpv4-sp/hard\libgcc.a(_arm_unorddf2.o)
                0x0000000008000b3c                __unorddf2
                0x0000000008000b3c                __aeabi_dcmpun
 .text          0x0000000008000b68       0x50 c:/st/stm32cubeide_1.3.0/stm32cubeide/plugins/com.st.stm32cube.ide.mcu.externaltools.gnu-tools-for-stm32.7-2018-q2-update.win32_1.0.0.201904181610/tools/bin/../lib/gcc/arm-none-eabi/7.3.1/thumb/v7e-m/fpv4-sp/hard\libgcc.a(_arm_fixdfsi.o)
                0x0000000008000b68                __aeabi_d2iz
                0x0000000008000b68                __fixdfsi
 .text          0x0000000008000bb8       0x30 c:/st/stm32cubeide_1.3.0/stm32cubeide/plugins/com.st.stm32cube.ide.mcu.externaltools.gnu-tools-for-stm32.7-2018-q2-update.win32_1.0.0.201904181610/tools/bin/../lib/gcc/arm-none-eabi/7.3.1/thumb/v7e-m/fpv4-sp/hard\libgcc.a(_aeabi_uldivmod.o)
                0x0000000008000bb8                __aeabi_uldivmod
 .text          0x0000000008000be8      0x2cc c:/st/stm32cubeide_1.3.0/stm32cubeide/plugins/com.st.stm32cube.ide.mcu.externaltools.gnu-tools-for-stm32.7-2018-q2-update.win32_1.0.0.201904181610/tools/bin/../lib/gcc/arm-none-eabi/7.3.1/thumb/v7e-m/fpv4-sp/hard\libgcc.a(_udivmoddi4.o)
                0x0000000008000be8                __udivmoddi4
 .text          0x0000000008000eb4        0x4 c:/st/stm32cubeide_1.3.0/stm32cubeide/plugins/com.st.stm32cube.ide.mcu.externaltools.gnu-tools-for-stm32.7-2018-q2-update.win32_1.0.0.201904181610/tools/bin/../lib/gcc/arm-none-eabi/7.3.1/thumb/v7e-m/fpv4-sp/hard\libgcc.a(_dvmd_tls.o)
                0x0000000008000eb4                __aeabi_idiv0
                0x0000000008000eb4                __aeabi_ldiv0
 *(.text*)
 .text.HAL_Init
                0x0000000008000eb8       0x34 Drivers/STM32F4xx_HAL_Driver/Src/stm32f4xx_hal.o
                0x0000000008000eb8                HAL_Init
 .text.HAL_IncTick
                0x0000000008000eec       0x18 Drivers/STM32F4xx_HAL_Driver/Src/stm32f4xx_hal.o
                0x0000000008000eec                HAL_IncTick
 .text.HAL_GetTick
                0x0000000008000f04        0xc Drivers/STM32F4xx_HAL_Driver/Src/stm32f4xx_hal.o
                0x0000000008000f04                HAL_GetTick
 .text.HAL_NVIC_SetPriorityGrouping
                0x0000000008000f10       0x3c Drivers/STM32F4xx_HAL_Driver/Src/stm32f4xx_hal_cortex.o
                0x0000000008000f10                HAL_NVIC_SetPriorityGrouping
 .text.HAL_NVIC_SetPriority
                0x0000000008000f4c       0x88 Drivers/STM32F4xx_HAL_Driver/Src/stm32f4xx_hal_cortex.o
                0x0000000008000f4c                HAL_NVIC_SetPriority
 .text.HAL_NVIC_EnableIRQ
                0x0000000008000fd4       0x28 Drivers/STM32F4xx_HAL_Driver/Src/stm32f4xx_hal_cortex.o
                0x0000000008000fd4                HAL_NVIC_EnableIRQ
 .text.HAL_CRC_Init
                0x0000000008000ffc       0x3c Drivers/STM32F4xx_HAL_Driver/Src/stm32f4xx_hal_crc.o
                0x0000000008000ffc                HAL_CRC_Init
 .text.HAL_CRC_Calculate
                0x0000000008001038       0x2a Drivers/STM32F4xx_HAL_Driver/Src/stm32f4xx_hal_crc.o
                0x0000000008001038                HAL_CRC_Calculate
 *fill*         0x0000000008001062        0x2 
 .text.DMA_CalcBaseAndBitshift
                0x0000000008001064       0x2c Drivers/STM32F4xx_HAL_Driver/Src/stm32f4xx_hal_dma.o
 .text.HAL_DMA_Init
                0x0000000008001090      0x250 Drivers/STM32F4xx_HAL_Driver/Src/stm32f4xx_hal_dma.o
                0x0000000008001090                HAL_DMA_Init
 .text.HAL_DMA_Start_IT
                0x00000000080012e0       0xa0 Drivers/STM32F4xx_HAL_Driver/Src/stm32f4xx_hal_dma.o
                0x00000000080012e0                HAL_DMA_Start_IT
 .text.HAL_DMA_Abort_IT
                0x0000000008001380       0x24 Drivers/STM32F4xx_HAL_Driver/Src/stm32f4xx_hal_dma.o
                0x0000000008001380                HAL_DMA_Abort_IT
 .text.HAL_DMA_IRQHandler
                0x00000000080013a4      0x17c Drivers/STM32F4xx_HAL_Driver/Src/stm32f4xx_hal_dma.o
                0x00000000080013a4                HAL_DMA_IRQHandler
 .text.FLASH_SetErrorCode
                0x0000000008001520       0x8c Drivers/STM32F4xx_HAL_Driver/Src/stm32f4xx_hal_flash.o
 .text.FLASH_Program_Byte
                0x00000000080015ac       0x4c Drivers/STM32F4xx_HAL_Driver/Src/stm32f4xx_hal_flash.o
 .text.FLASH_Program_HalfWord
                0x00000000080015f8       0x50 Drivers/STM32F4xx_HAL_Driver/Src/stm32f4xx_hal_flash.o
 .text.FLASH_Program_Word
                0x0000000008001648       0x50 Drivers/STM32F4xx_HAL_Driver/Src/stm32f4xx_hal_flash.o
 .text.FLASH_Program_DoubleWord
                0x0000000008001698       0x58 Drivers/STM32F4xx_HAL_Driver/Src/stm32f4xx_hal_flash.o
 .text.HAL_FLASH_Unlock
                0x00000000080016f0       0x24 Drivers/STM32F4xx_HAL_Driver/Src/stm32f4xx_hal_flash.o
                0x00000000080016f0                HAL_FLASH_Unlock
 .text.HAL_FLASH_Lock
                0x0000000008001714       0x14 Drivers/STM32F4xx_HAL_Driver/Src/stm32f4xx_hal_flash.o
                0x0000000008001714                HAL_FLASH_Lock
 .text.HAL_FLASH_OB_Unlock
                0x0000000008001728       0x24 Drivers/STM32F4xx_HAL_Driver/Src/stm32f4xx_hal_flash.o
                0x0000000008001728                HAL_FLASH_OB_Unlock
 .text.HAL_FLASH_OB_Lock
                0x000000000800174c       0x14 Drivers/STM32F4xx_HAL_Driver/Src/stm32f4xx_hal_flash.o
                0x000000000800174c                HAL_FLASH_OB_Lock
 .text.FLASH_WaitForLastOperation
                0x0000000008001760       0x54 Drivers/STM32F4xx_HAL_Driver/Src/stm32f4xx_hal_flash.o
                0x0000000008001760                FLASH_WaitForLastOperation
 .text.HAL_FLASH_Program
                0x00000000080017b4       0x8c Drivers/STM32F4xx_HAL_Driver/Src/stm32f4xx_hal_flash.o
                0x00000000080017b4                HAL_FLASH_Program
 .text.HAL_FLASH_OB_Launch
                0x0000000008001840       0x18 Drivers/STM32F4xx_HAL_Driver/Src/stm32f4xx_hal_flash.o
                0x0000000008001840                HAL_FLASH_OB_Launch
 .text.HAL_FLASHEx_OBProgram
                0x0000000008001858      0x14c Drivers/STM32F4xx_HAL_Driver/Src/stm32f4xx_hal_flash_ex.o
                0x0000000008001858                HAL_FLASHEx_OBProgram
 .text.HAL_FLASHEx_OBGetConfig
                0x00000000080019a4       0x48 Drivers/STM32F4xx_HAL_Driver/Src/stm32f4xx_hal_flash_ex.o
                0x00000000080019a4                HAL_FLASHEx_OBGetConfig
 .text.FLASH_Erase_Sector
                0x00000000080019ec       0x74 Drivers/STM32F4xx_HAL_Driver/Src/stm32f4xx_hal_flash_ex.o
                0x00000000080019ec                FLASH_Erase_Sector
 .text.HAL_GPIO_Init
                0x0000000008001a60      0x260 Drivers/STM32F4xx_HAL_Driver/Src/stm32f4xx_hal_gpio.o
                0x0000000008001a60                HAL_GPIO_Init
 .text.HAL_GPIO_WritePin
                0x0000000008001cc0       0x34 Drivers/STM32F4xx_HAL_Driver/Src/stm32f4xx_hal_gpio.o
                0x0000000008001cc0                HAL_GPIO_WritePin
 .text.HAL_GPIO_EXTI_IRQHandler
                0x0000000008001cf4       0x18 Drivers/STM32F4xx_HAL_Driver/Src/stm32f4xx_hal_gpio.o
                0x0000000008001cf4                HAL_GPIO_EXTI_IRQHandler
 .text.I2C_IsAcknowledgeFailed
                0x0000000008001d0c       0x34 Drivers/STM32F4xx_HAL_Driver/Src/stm32f4xx_hal_i2c.o
 .text.I2C_WaitOnMasterAddressFlagUntilTimeout
                0x0000000008001d40       0x74 Drivers/STM32F4xx_HAL_Driver/Src/stm32f4xx_hal_i2c.o
 .text.I2C_WaitOnBTFFlagUntilTimeout
                0x0000000008001db4       0x4c Drivers/STM32F4xx_HAL_Driver/Src/stm32f4xx_hal_i2c.o
 .text.I2C_WaitOnRXNEFlagUntilTimeout
                0x0000000008001e00       0x5e Drivers/STM32F4xx_HAL_Driver/Src/stm32f4xx_hal_i2c.o
 .text.I2C_WaitOnFlagUntilTimeout
                0x0000000008001e5e       0x62 Drivers/STM32F4xx_HAL_Driver/Src/stm32f4xx_hal_i2c.o
 .text.I2C_WaitOnTXEFlagUntilTimeout
                0x0000000008001ec0       0x4c Drivers/STM32F4xx_HAL_Driver/Src/stm32f4xx_hal_i2c.o
 .text.I2C_RequestMemoryWrite
                0x0000000008001f0c       0xac Drivers/STM32F4xx_HAL_Driver/Src/stm32f4xx_hal_i2c.o
 .text.I2C_RequestMemoryRead
                0x0000000008001fb8       0xfc Drivers/STM32F4xx_HAL_Driver/Src/stm32f4xx_hal_i2c.o
 .text.HAL_I2C_Init
                0x00000000080020b4      0x224 Drivers/STM32F4xx_HAL_Driver/Src/stm32f4xx_hal_i2c.o
                0x00000000080020b4                HAL_I2C_Init
 .text.HAL_I2C_Mem_Write
                0x00000000080022d8      0x134 Drivers/STM32F4xx_HAL_Driver/Src/stm32f4xx_hal_i2c.o
                0x00000000080022d8                HAL_I2C_Mem_Write
 .text.HAL_I2C_Mem_Read
                0x000000000800240c      0x22c Drivers/STM32F4xx_HAL_Driver/Src/stm32f4xx_hal_i2c.o
                0x000000000800240c                HAL_I2C_Mem_Read
 .text.HAL_PWR_EnableWakeUpPin
                0x0000000008002638       0x28 Drivers/STM32F4xx_HAL_Driver/Src/stm32f4xx_hal_pwr.o
                0x0000000008002638                HAL_PWR_EnableWakeUpPin
 .text.HAL_PWR_DisableWakeUpPin
                0x0000000008002660       0x28 Drivers/STM32F4xx_HAL_Driver/Src/stm32f4xx_hal_pwr.o
                0x0000000008002660                HAL_PWR_DisableWakeUpPin
 .text.HAL_PWR_EnterSTOPMode
                0x0000000008002688       0x60 Drivers/STM32F4xx_HAL_Driver/Src/stm32f4xx_hal_pwr.o
                0x0000000008002688                HAL_PWR_EnterSTOPMode
 .text.HAL_PWR_EnterSTANDBYMode
                0x00000000080026e8       0x20 Drivers/STM32F4xx_HAL_Driver/Src/stm32f4xx_hal_pwr.o
                0x00000000080026e8                HAL_PWR_EnterSTANDBYMode
 .text.HAL_RCC_OscConfig
                0x0000000008002708      0x434 Drivers/STM32F4xx_HAL_Driver/Src/stm32f4xx_hal_rcc.o
                0x0000000008002708                HAL_RCC_OscConfig
 .text.HAL_RCC_GetSysClockFreq
                0x0000000008002b3c       0x5c Drivers/STM32F4xx_HAL_Driver/Src/stm32f4xx_hal_rcc.o
                0x0000000008002b3c                HAL_RCC_GetSysClockFreq
 .text.HAL_RCC_ClockConfig
                0x0000000008002b98      0x1e8 Drivers/STM32F4xx_HAL_Driver/Src/stm32f4xx_hal_rcc.o
                0x0000000008002b98                HAL_RCC_ClockConfig
 .text.HAL_RCC_GetPCLK1Freq
                0x0000000008002d80       0x20 Drivers/STM32F4xx_HAL_Driver/Src/stm32f4xx_hal_rcc.o
                0x0000000008002d80                HAL_RCC_GetPCLK1Freq
 .text.HAL_RCC_GetPCLK2Freq
                0x0000000008002da0       0x20 Drivers/STM32F4xx_HAL_Driver/Src/stm32f4xx_hal_rcc.o
                0x0000000008002da0                HAL_RCC_GetPCLK2Freq
 .text.HAL_RCC_GetClockConfig
                0x0000000008002dc0       0x3c Drivers/STM32F4xx_HAL_Driver/Src/stm32f4xx_hal_rcc.o
                0x0000000008002dc0                HAL_RCC_GetClockConfig
 .text.HAL_RCCEx_PeriphCLKConfig
                0x0000000008002dfc      0x200 Drivers/STM32F4xx_HAL_Driver/Src/stm32f4xx_hal_rcc_ex.o
                0x0000000008002dfc                HAL_RCCEx_PeriphCLKConfig
 .text.HAL_RTC_DeactivateAlarm
                0x0000000008002ffc       0xb8 Drivers/STM32F4xx_HAL_Driver/Src/stm32f4xx_hal_rtc.o
                0x0000000008002ffc                HAL_RTC_DeactivateAlarm
 .text.HAL_RTC_AlarmIRQHandler
                0x00000000080030b4       0x54 Drivers/STM32F4xx_HAL_Driver/Src/stm32f4xx_hal_rtc.o
                0x00000000080030b4                HAL_RTC_AlarmIRQHandler
 .text.HAL_RTC_WaitForSynchro
                0x0000000008003108       0x30 Drivers/STM32F4xx_HAL_Driver/Src/stm32f4xx_hal_rtc.o
                0x0000000008003108                HAL_RTC_WaitForSynchro
 .text.RTC_EnterInitMode
                0x0000000008003138       0x34 Drivers/STM32F4xx_HAL_Driver/Src/stm32f4xx_hal_rtc.o
                0x0000000008003138                RTC_EnterInitMode
 .text.HAL_RTC_Init
                0x000000000800316c      0x10c Drivers/STM32F4xx_HAL_Driver/Src/stm32f4xx_hal_rtc.o
                0x000000000800316c                HAL_RTC_Init
 .text.RTC_ByteToBcd2
                0x0000000008003278       0x16 Drivers/STM32F4xx_HAL_Driver/Src/stm32f4xx_hal_rtc.o
                0x0000000008003278                RTC_ByteToBcd2
 .text.RTC_Bcd2ToByte
                0x000000000800328e       0x12 Drivers/STM32F4xx_HAL_Driver/Src/stm32f4xx_hal_rtc.o
                0x000000000800328e                RTC_Bcd2ToByte
 .text.HAL_RTC_SetTime
                0x00000000080032a0      0x1cc Drivers/STM32F4xx_HAL_Driver/Src/stm32f4xx_hal_rtc.o
                0x00000000080032a0                HAL_RTC_SetTime
 .text.HAL_RTC_SetDate
                0x000000000800346c      0x170 Drivers/STM32F4xx_HAL_Driver/Src/stm32f4xx_hal_rtc.o
                0x000000000800346c                HAL_RTC_SetDate
 .text.HAL_RTC_SetAlarm_IT
                0x00000000080035dc      0x2dc Drivers/STM32F4xx_HAL_Driver/Src/stm32f4xx_hal_rtc.o
                0x00000000080035dc                HAL_RTC_SetAlarm_IT
 .text.HAL_RTCEx_SetWakeUpTimer_IT
                0x00000000080038b8       0xec Drivers/STM32F4xx_HAL_Driver/Src/stm32f4xx_hal_rtc_ex.o
                0x00000000080038b8                HAL_RTCEx_SetWakeUpTimer_IT
 .text.HAL_RTCEx_DeactivateWakeUpTimer
                0x00000000080039a4       0x66 Drivers/STM32F4xx_HAL_Driver/Src/stm32f4xx_hal_rtc_ex.o
                0x00000000080039a4                HAL_RTCEx_DeactivateWakeUpTimer
 .text.HAL_RTCEx_WakeUpTimerEventCallback
                0x0000000008003a0a        0x2 Drivers/STM32F4xx_HAL_Driver/Src/stm32f4xx_hal_rtc_ex.o
                0x0000000008003a0a                HAL_RTCEx_WakeUpTimerEventCallback
 .text.HAL_RTCEx_WakeUpTimerIRQHandler
                0x0000000008003a0c       0x30 Drivers/STM32F4xx_HAL_Driver/Src/stm32f4xx_hal_rtc_ex.o
                0x0000000008003a0c                HAL_RTCEx_WakeUpTimerIRQHandler
 .text.HAL_RTCEx_AlarmBEventCallback
                0x0000000008003a3c        0x2 Drivers/STM32F4xx_HAL_Driver/Src/stm32f4xx_hal_rtc_ex.o
                0x0000000008003a3c                HAL_RTCEx_AlarmBEventCallback
 *fill*         0x0000000008003a3e        0x2 
 .text.TIM_OC1_SetConfig
                0x0000000008003a40       0x98 Drivers/STM32F4xx_HAL_Driver/Src/stm32f4xx_hal_tim.o
 .text.TIM_OC3_SetConfig
                0x0000000008003ad8       0x9c Drivers/STM32F4xx_HAL_Driver/Src/stm32f4xx_hal_tim.o
 .text.TIM_OC4_SetConfig
                0x0000000008003b74       0x68 Drivers/STM32F4xx_HAL_Driver/Src/stm32f4xx_hal_tim.o
 .text.HAL_TIM_Base_Start_IT
                0x0000000008003bdc       0x74 Drivers/STM32F4xx_HAL_Driver/Src/stm32f4xx_hal_tim.o
                0x0000000008003bdc                HAL_TIM_Base_Start_IT
 .text.HAL_TIM_PWM_MspInit
                0x0000000008003c50        0x2 Drivers/STM32F4xx_HAL_Driver/Src/stm32f4xx_hal_tim.o
                0x0000000008003c50                HAL_TIM_PWM_MspInit
 .text.HAL_TIM_OC_DelayElapsedCallback
                0x0000000008003c52        0x2 Drivers/STM32F4xx_HAL_Driver/Src/stm32f4xx_hal_tim.o
                0x0000000008003c52                HAL_TIM_OC_DelayElapsedCallback
 .text.HAL_TIM_IC_CaptureCallback
                0x0000000008003c54        0x2 Drivers/STM32F4xx_HAL_Driver/Src/stm32f4xx_hal_tim.o
                0x0000000008003c54                HAL_TIM_IC_CaptureCallback
 .text.HAL_TIM_PWM_PulseFinishedCallback
                0x0000000008003c56        0x2 Drivers/STM32F4xx_HAL_Driver/Src/stm32f4xx_hal_tim.o
                0x0000000008003c56                HAL_TIM_PWM_PulseFinishedCallback
 .text.HAL_TIM_TriggerCallback
                0x0000000008003c58        0x2 Drivers/STM32F4xx_HAL_Driver/Src/stm32f4xx_hal_tim.o
                0x0000000008003c58                HAL_TIM_TriggerCallback
 .text.HAL_TIM_IRQHandler
                0x0000000008003c5a      0x144 Drivers/STM32F4xx_HAL_Driver/Src/stm32f4xx_hal_tim.o
                0x0000000008003c5a                HAL_TIM_IRQHandler
 *fill*         0x0000000008003d9e        0x2 
 .text.TIM_Base_SetConfig
                0x0000000008003da0       0x9c Drivers/STM32F4xx_HAL_Driver/Src/stm32f4xx_hal_tim.o
                0x0000000008003da0                TIM_Base_SetConfig
 .text.HAL_TIM_Base_Init
                0x0000000008003e3c       0xd0 Drivers/STM32F4xx_HAL_Driver/Src/stm32f4xx_hal_tim.o
                0x0000000008003e3c                HAL_TIM_Base_Init
 .text.HAL_TIM_PWM_Init
                0x0000000008003f0c       0xd0 Drivers/STM32F4xx_HAL_Driver/Src/stm32f4xx_hal_tim.o
                0x0000000008003f0c                HAL_TIM_PWM_Init
 .text.TIM_OC2_SetConfig
                0x0000000008003fdc       0x9c Drivers/STM32F4xx_HAL_Driver/Src/stm32f4xx_hal_tim.o
                0x0000000008003fdc                TIM_OC2_SetConfig
 .text.HAL_TIM_PWM_ConfigChannel
                0x0000000008004078      0x204 Drivers/STM32F4xx_HAL_Driver/Src/stm32f4xx_hal_tim.o
                0x0000000008004078                HAL_TIM_PWM_ConfigChannel
 .text.TIM_ETR_SetConfig
                0x000000000800427c       0x14 Drivers/STM32F4xx_HAL_Driver/Src/stm32f4xx_hal_tim.o
                0x000000000800427c                TIM_ETR_SetConfig
 .text.HAL_TIM_ConfigClockSource
                0x0000000008004290      0x410 Drivers/STM32F4xx_HAL_Driver/Src/stm32f4xx_hal_tim.o
                0x0000000008004290                HAL_TIM_ConfigClockSource
 .text.TIM_CCxChannelCmd
                0x00000000080046a0       0x88 Drivers/STM32F4xx_HAL_Driver/Src/stm32f4xx_hal_tim.o
                0x00000000080046a0                TIM_CCxChannelCmd
 .text.HAL_TIM_PWM_Start
                0x0000000008004728       0xa0 Drivers/STM32F4xx_HAL_Driver/Src/stm32f4xx_hal_tim.o
                0x0000000008004728                HAL_TIM_PWM_Start
 .text.HAL_TIM_PWM_Stop
                0x00000000080047c8       0xc4 Drivers/STM32F4xx_HAL_Driver/Src/stm32f4xx_hal_tim.o
                0x00000000080047c8                HAL_TIM_PWM_Stop
 .text.HAL_TIMEx_MasterConfigSynchronization
                0x000000000800488c       0xd0 Drivers/STM32F4xx_HAL_Driver/Src/stm32f4xx_hal_tim_ex.o
                0x000000000800488c                HAL_TIMEx_MasterConfigSynchronization
 .text.HAL_TIMEx_CommutCallback
                0x000000000800495c        0x2 Drivers/STM32F4xx_HAL_Driver/Src/stm32f4xx_hal_tim_ex.o
                0x000000000800495c                HAL_TIMEx_CommutCallback
 .text.HAL_TIMEx_BreakCallback
                0x000000000800495e        0x2 Drivers/STM32F4xx_HAL_Driver/Src/stm32f4xx_hal_tim_ex.o
                0x000000000800495e                HAL_TIMEx_BreakCallback
 .text.UART_EndRxTransfer
                0x0000000008004960       0x1a Drivers/STM32F4xx_HAL_Driver/Src/stm32f4xx_hal_uart.o
 *fill*         0x000000000800497a        0x2 
 .text.UART_SetConfig
                0x000000000800497c      0x138 Drivers/STM32F4xx_HAL_Driver/Src/stm32f4xx_hal_uart.o
 .text.HAL_UART_Init
                0x0000000008004ab4       0xe4 Drivers/STM32F4xx_HAL_Driver/Src/stm32f4xx_hal_uart.o
                0x0000000008004ab4                HAL_UART_Init
 .text.HAL_UART_Transmit_DMA
                0x0000000008004b98       0x74 Drivers/STM32F4xx_HAL_Driver/Src/stm32f4xx_hal_uart.o
                0x0000000008004b98                HAL_UART_Transmit_DMA
 .text.HAL_UART_Receive_DMA
                0x0000000008004c0c       0x90 Drivers/STM32F4xx_HAL_Driver/Src/stm32f4xx_hal_uart.o
                0x0000000008004c0c                HAL_UART_Receive_DMA
 .text.UART_DMATransmitCplt
                0x0000000008004c9c       0x2c Drivers/STM32F4xx_HAL_Driver/Src/stm32f4xx_hal_uart.o
 .text.HAL_UART_TxHalfCpltCallback
                0x0000000008004cc8        0x2 Drivers/STM32F4xx_HAL_Driver/Src/stm32f4xx_hal_uart.o
                0x0000000008004cc8                HAL_UART_TxHalfCpltCallback
 .text.UART_DMATxHalfCplt
                0x0000000008004cca        0xa Drivers/STM32F4xx_HAL_Driver/Src/stm32f4xx_hal_uart.o
 .text.UART_DMAReceiveCplt
                0x0000000008004cd4       0x38 Drivers/STM32F4xx_HAL_Driver/Src/stm32f4xx_hal_uart.o
 .text.UART_Receive_IT
                0x0000000008004d0c       0x76 Drivers/STM32F4xx_HAL_Driver/Src/stm32f4xx_hal_uart.o
 .text.HAL_UART_RxHalfCpltCallback
                0x0000000008004d82        0x2 Drivers/STM32F4xx_HAL_Driver/Src/stm32f4xx_hal_uart.o
                0x0000000008004d82                HAL_UART_RxHalfCpltCallback
 .text.UART_DMARxHalfCplt
                0x0000000008004d84        0xa Drivers/STM32F4xx_HAL_Driver/Src/stm32f4xx_hal_uart.o
 .text.HAL_UART_ErrorCallback
                0x0000000008004d8e        0x2 Drivers/STM32F4xx_HAL_Driver/Src/stm32f4xx_hal_uart.o
                0x0000000008004d8e                HAL_UART_ErrorCallback
 .text.UART_DMAError
                0x0000000008004d90       0x4e Drivers/STM32F4xx_HAL_Driver/Src/stm32f4xx_hal_uart.o
 *fill*         0x0000000008004dde        0x2 
 .text.HAL_UART_IRQHandler
                0x0000000008004de0      0x144 Drivers/STM32F4xx_HAL_Driver/Src/stm32f4xx_hal_uart.o
                0x0000000008004de0                HAL_UART_IRQHandler
 .text.UART_DMAAbortOnError
                0x0000000008004f24       0x10 Drivers/STM32F4xx_HAL_Driver/Src/stm32f4xx_hal_uart.o
 .text.osKernelStart
                0x0000000008004f34        0xa Middlewares/Third_Party/FreeRTOS/Source/CMSIS_RTOS/cmsis_os.o
                0x0000000008004f34                osKernelStart
 .text.osThreadCreate
                0x0000000008004f3e       0x50 Middlewares/Third_Party/FreeRTOS/Source/CMSIS_RTOS/cmsis_os.o
                0x0000000008004f3e                osThreadCreate
 *fill*         0x0000000008004f8e        0x2 
 .text.osTimerCreate
                0x0000000008004f90       0x30 Middlewares/Third_Party/FreeRTOS/Source/CMSIS_RTOS/cmsis_os.o
                0x0000000008004f90                osTimerCreate
 .text.osTimerStart
                0x0000000008004fc0       0x54 Middlewares/Third_Party/FreeRTOS/Source/CMSIS_RTOS/cmsis_os.o
                0x0000000008004fc0                osTimerStart
 .text.osTimerStop
                0x0000000008005014       0x50 Middlewares/Third_Party/FreeRTOS/Source/CMSIS_RTOS/cmsis_os.o
                0x0000000008005014                osTimerStop
 .text.osSignalSet
                0x0000000008005064       0x54 Middlewares/Third_Party/FreeRTOS/Source/CMSIS_RTOS/cmsis_os.o
                0x0000000008005064                osSignalSet
 .text.osSignalWait
                0x00000000080050b8       0x48 Middlewares/Third_Party/FreeRTOS/Source/CMSIS_RTOS/cmsis_os.o
                0x00000000080050b8                osSignalWait
 .text.osMessageCreate
                0x0000000008005100       0x24 Middlewares/Third_Party/FreeRTOS/Source/CMSIS_RTOS/cmsis_os.o
                0x0000000008005100                osMessageCreate
 .text.osMessagePut
                0x0000000008005124       0x50 Middlewares/Third_Party/FreeRTOS/Source/CMSIS_RTOS/cmsis_os.o
                0x0000000008005124                osMessagePut
 .text.osMessageGet
                0x0000000008005174       0x74 Middlewares/Third_Party/FreeRTOS/Source/CMSIS_RTOS/cmsis_os.o
                0x0000000008005174                osMessageGet
 .text.osMessageWaiting
                0x00000000080051e8        0xe Middlewares/Third_Party/FreeRTOS/Source/CMSIS_RTOS/cmsis_os.o
                0x00000000080051e8                osMessageWaiting
 .text.vListInitialise
                0x00000000080051f6       0x16 Middlewares/Third_Party/FreeRTOS/Source/list.o
                0x00000000080051f6                vListInitialise
 .text.vListInitialiseItem
                0x000000000800520c        0x6 Middlewares/Third_Party/FreeRTOS/Source/list.o
                0x000000000800520c                vListInitialiseItem
 .text.vListInsertEnd
                0x0000000008005212       0x18 Middlewares/Third_Party/FreeRTOS/Source/list.o
                0x0000000008005212                vListInsertEnd
 .text.vListInsert
                0x000000000800522a       0x2e Middlewares/Third_Party/FreeRTOS/Source/list.o
                0x000000000800522a                vListInsert
 .text.uxListRemove
                0x0000000008005258       0x22 Middlewares/Third_Party/FreeRTOS/Source/list.o
                0x0000000008005258                uxListRemove
 .text.prvIsQueueEmpty
                0x000000000800527a       0x16 Middlewares/Third_Party/FreeRTOS/Source/queue.o
 .text.prvCopyDataToQueue
                0x0000000008005290       0x66 Middlewares/Third_Party/FreeRTOS/Source/queue.o
 .text.prvCopyDataFromQueue
                0x00000000080052f6       0x2a Middlewares/Third_Party/FreeRTOS/Source/queue.o
 .text.prvUnlockQueue
                0x0000000008005320       0x70 Middlewares/Third_Party/FreeRTOS/Source/queue.o
 .text.xQueueGenericReset
                0x0000000008005390       0x80 Middlewares/Third_Party/FreeRTOS/Source/queue.o
                0x0000000008005390                xQueueGenericReset
 .text.xQueueGenericCreateStatic
                0x0000000008005410       0x94 Middlewares/Third_Party/FreeRTOS/Source/queue.o
                0x0000000008005410                xQueueGenericCreateStatic
 .text.xQueueGenericCreate
                0x00000000080054a4       0x48 Middlewares/Third_Party/FreeRTOS/Source/queue.o
                0x00000000080054a4                xQueueGenericCreate
 .text.xQueueGenericSend
                0x00000000080054ec      0x164 Middlewares/Third_Party/FreeRTOS/Source/queue.o
                0x00000000080054ec                xQueueGenericSend
 .text.xQueueGenericSendFromISR
                0x0000000008005650       0xc2 Middlewares/Third_Party/FreeRTOS/Source/queue.o
                0x0000000008005650                xQueueGenericSendFromISR
 *fill*         0x0000000008005712        0x2 
 .text.xQueueReceive
                0x0000000008005714      0x140 Middlewares/Third_Party/FreeRTOS/Source/queue.o
                0x0000000008005714                xQueueReceive
 .text.xQueueReceiveFromISR
                0x0000000008005854       0x9e Middlewares/Third_Party/FreeRTOS/Source/queue.o
                0x0000000008005854                xQueueReceiveFromISR
 .text.uxQueueMessagesWaiting
                0x00000000080058f2       0x26 Middlewares/Third_Party/FreeRTOS/Source/queue.o
                0x00000000080058f2                uxQueueMessagesWaiting
 .text.uxQueueMessagesWaitingFromISR
                0x0000000008005918       0x18 Middlewares/Third_Party/FreeRTOS/Source/queue.o
                0x0000000008005918                uxQueueMessagesWaitingFromISR
 .text.vQueueAddToRegistry
                0x0000000008005930       0x24 Middlewares/Third_Party/FreeRTOS/Source/queue.o
                0x0000000008005930                vQueueAddToRegistry
 .text.vQueueWaitForMessageRestricted
                0x0000000008005954       0x46 Middlewares/Third_Party/FreeRTOS/Source/queue.o
                0x0000000008005954                vQueueWaitForMessageRestricted
 *fill*         0x000000000800599a        0x2 
 .text.prvAddNewTaskToReadyList
                0x000000000800599c       0xfc Middlewares/Third_Party/FreeRTOS/Source/tasks.o
 .text.prvDeleteTCB
                0x0000000008005a98       0x3c Middlewares/Third_Party/FreeRTOS/Source/tasks.o
 .text.prvIdleTask
                0x0000000008005ad4       0x64 Middlewares/Third_Party/FreeRTOS/Source/tasks.o
 .text.prvResetNextTaskUnblockTime
                0x0000000008005b38       0x24 Middlewares/Third_Party/FreeRTOS/Source/tasks.o
 .text.prvInitialiseNewTask.isra.2
                0x0000000008005b5c       0xb0 Middlewares/Third_Party/FreeRTOS/Source/tasks.o
 .text.prvAddCurrentTaskToDelayedList
                0x0000000008005c0c       0x8c Middlewares/Third_Party/FreeRTOS/Source/tasks.o
 .text.xTaskCreateStatic
                0x0000000008005c98       0x70 Middlewares/Third_Party/FreeRTOS/Source/tasks.o
                0x0000000008005c98                xTaskCreateStatic
 .text.xTaskCreate
                0x0000000008005d08       0x5a Middlewares/Third_Party/FreeRTOS/Source/tasks.o
                0x0000000008005d08                xTaskCreate
 *fill*         0x0000000008005d62        0x2 
 .text.vTaskStartScheduler
                0x0000000008005d64       0x98 Middlewares/Third_Party/FreeRTOS/Source/tasks.o
                0x0000000008005d64                vTaskStartScheduler
 .text.vTaskSuspendAll
                0x0000000008005dfc       0x10 Middlewares/Third_Party/FreeRTOS/Source/tasks.o
                0x0000000008005dfc                vTaskSuspendAll
 .text.xTaskGetTickCount
                0x0000000008005e0c        0xc Middlewares/Third_Party/FreeRTOS/Source/tasks.o
                0x0000000008005e0c                xTaskGetTickCount
 .text.xTaskIncrementTick
                0x0000000008005e18      0x124 Middlewares/Third_Party/FreeRTOS/Source/tasks.o
                0x0000000008005e18                xTaskIncrementTick
 .text.xTaskResumeAll
                0x0000000008005f3c       0xec Middlewares/Third_Party/FreeRTOS/Source/tasks.o
                0x0000000008005f3c                xTaskResumeAll
 .text.vTaskSwitchContext
                0x0000000008006028       0x80 Middlewares/Third_Party/FreeRTOS/Source/tasks.o
                0x0000000008006028                vTaskSwitchContext
 .text.vTaskPlaceOnEventList
                0x00000000080060a8       0x34 Middlewares/Third_Party/FreeRTOS/Source/tasks.o
                0x00000000080060a8                vTaskPlaceOnEventList
 .text.vTaskPlaceOnEventListRestricted
                0x00000000080060dc       0x3c Middlewares/Third_Party/FreeRTOS/Source/tasks.o
                0x00000000080060dc                vTaskPlaceOnEventListRestricted
 .text.xTaskRemoveFromEventList
                0x0000000008006118       0x84 Middlewares/Third_Party/FreeRTOS/Source/tasks.o
                0x0000000008006118                xTaskRemoveFromEventList
 .text.vTaskInternalSetTimeOutState
                0x000000000800619c       0x18 Middlewares/Third_Party/FreeRTOS/Source/tasks.o
                0x000000000800619c                vTaskInternalSetTimeOutState
 .text.xTaskCheckForTimeOut
                0x00000000080061b4       0x78 Middlewares/Third_Party/FreeRTOS/Source/tasks.o
                0x00000000080061b4                xTaskCheckForTimeOut
 .text.vTaskMissedYield
                0x000000000800622c        0xc Middlewares/Third_Party/FreeRTOS/Source/tasks.o
                0x000000000800622c                vTaskMissedYield
 .text.xTaskGetSchedulerState
                0x0000000008006238       0x20 Middlewares/Third_Party/FreeRTOS/Source/tasks.o
                0x0000000008006238                xTaskGetSchedulerState
 .text.xTaskPriorityDisinherit
                0x0000000008006258       0xa0 Middlewares/Third_Party/FreeRTOS/Source/tasks.o
                0x0000000008006258                xTaskPriorityDisinherit
 .text.xTaskNotifyWait
                0x00000000080062f8       0x94 Middlewares/Third_Party/FreeRTOS/Source/tasks.o
                0x00000000080062f8                xTaskNotifyWait
 .text.xTaskGenericNotify
                0x000000000800638c       0xf4 Middlewares/Third_Party/FreeRTOS/Source/tasks.o
                0x000000000800638c                xTaskGenericNotify
 .text.xTaskGenericNotifyFromISR
                0x0000000008006480      0x124 Middlewares/Third_Party/FreeRTOS/Source/tasks.o
                0x0000000008006480                xTaskGenericNotifyFromISR
 .text.prvCheckForValidListAndQueue
                0x00000000080065a4       0x68 Middlewares/Third_Party/FreeRTOS/Source/timers.o
 .text.prvInsertTimerInActiveList
                0x000000000800660c       0x3c Middlewares/Third_Party/FreeRTOS/Source/timers.o
 .text.xTimerCreateTimerTask
                0x0000000008006648       0x64 Middlewares/Third_Party/FreeRTOS/Source/timers.o
                0x0000000008006648                xTimerCreateTimerTask
 .text.xTimerCreate
                0x00000000080066ac       0x5a Middlewares/Third_Party/FreeRTOS/Source/timers.o
                0x00000000080066ac                xTimerCreate
 .text.xTimerCreateStatic
                0x0000000008006706       0x86 Middlewares/Third_Party/FreeRTOS/Source/timers.o
                0x0000000008006706                xTimerCreateStatic
 .text.xTimerGenericCommand
                0x000000000800678c       0x58 Middlewares/Third_Party/FreeRTOS/Source/timers.o
                0x000000000800678c                xTimerGenericCommand
 .text.prvSwitchTimerLists
                0x00000000080067e4       0x80 Middlewares/Third_Party/FreeRTOS/Source/timers.o
 .text.prvTimerTask
                0x0000000008006864      0x214 Middlewares/Third_Party/FreeRTOS/Source/timers.o
 .text.prvTaskExitError
                0x0000000008006a78       0x40 Middlewares/Third_Party/FreeRTOS/Source/portable/GCC/ARM_CM4F/port.o
 .text.unlikely.prvPortStartFirstTask
                0x0000000008006ab8       0x28 Middlewares/Third_Party/FreeRTOS/Source/portable/GCC/ARM_CM4F/port.o
 .text.unlikely.vPortEnableVFP
                0x0000000008006ae0       0x14 Middlewares/Third_Party/FreeRTOS/Source/portable/GCC/ARM_CM4F/port.o
 .text.pxPortInitialiseStack
                0x0000000008006af4       0x2c Middlewares/Third_Party/FreeRTOS/Source/portable/GCC/ARM_CM4F/port.o
                0x0000000008006af4                pxPortInitialiseStack
 .text.SVC_Handler
                0x0000000008006b20       0x24 Middlewares/Third_Party/FreeRTOS/Source/portable/GCC/ARM_CM4F/port.o
                0x0000000008006b20                SVC_Handler
 .text.vPortEnterCritical
                0x0000000008006b44       0x44 Middlewares/Third_Party/FreeRTOS/Source/portable/GCC/ARM_CM4F/port.o
                0x0000000008006b44                vPortEnterCritical
 .text.vPortExitCritical
                0x0000000008006b88       0x28 Middlewares/Third_Party/FreeRTOS/Source/portable/GCC/ARM_CM4F/port.o
                0x0000000008006b88                vPortExitCritical
 .text.PendSV_Handler
                0x0000000008006bb0       0x64 Middlewares/Third_Party/FreeRTOS/Source/portable/GCC/ARM_CM4F/port.o
                0x0000000008006bb0                PendSV_Handler
 .text.SysTick_Handler
                0x0000000008006c14       0x2c Middlewares/Third_Party/FreeRTOS/Source/portable/GCC/ARM_CM4F/port.o
                0x0000000008006c14                SysTick_Handler
 .text.vPortSetupTimerInterrupt
                0x0000000008006c40       0x34 Middlewares/Third_Party/FreeRTOS/Source/portable/GCC/ARM_CM4F/port.o
                0x0000000008006c40                vPortSetupTimerInterrupt
 .text.xPortStartScheduler
                0x0000000008006c74      0x10c Middlewares/Third_Party/FreeRTOS/Source/portable/GCC/ARM_CM4F/port.o
                0x0000000008006c74                xPortStartScheduler
 .text.vPortValidateInterruptPriority
                0x0000000008006d80       0x5c Middlewares/Third_Party/FreeRTOS/Source/portable/GCC/ARM_CM4F/port.o
                0x0000000008006d80                vPortValidateInterruptPriority
 .text.COM_setReadyCommandFlagOff
                0x0000000008006ddc       0x10 Src/com.o
                0x0000000008006ddc                COM_setReadyCommandFlagOff
 .text.COM_readyCommandProcess
                0x0000000008006dec       0x2c Src/com.o
                0x0000000008006dec                COM_readyCommandProcess
 .text.COM_uartPrint
                0x0000000008006e18       0x60 Src/com.o
                0x0000000008006e18                COM_uartPrint
 .text.HAL_UART_TxCpltCallback
                0x0000000008006e78       0x50 Src/com.o
                0x0000000008006e78                HAL_UART_TxCpltCallback
 .text.COM_halUartReceiveDma
                0x0000000008006ec8       0x14 Src/com.o
                0x0000000008006ec8                COM_halUartReceiveDma
 .text.COM_getTxBusyFlag
                0x0000000008006edc        0xc Src/com.o
                0x0000000008006edc                COM_getTxBusyFlag
 .text.COM_charHandler
                0x0000000008006ee8       0x34 Src/com.o
                0x0000000008006ee8                COM_charHandler
 .text.COMMAND_iwdgTestCallback
                0x0000000008006f1c        0x2 Src/command.o
                0x0000000008006f1c                COMMAND_iwdgTestCallback
 .text.COMMAND_pingCallback
                0x0000000008006f1e        0x4 Src/command.o
                0x0000000008006f1e                COMMAND_pingCallback
 *fill*         0x0000000008006f22        0x2 
 .text.COMMAND_getVersionCallback
                0x0000000008006f24        0xc Src/command.o
                0x0000000008006f24                COMMAND_getVersionCallback
 .text.COMMAND_pwmStartCallback
                0x0000000008006f30        0xc Src/command.o
                0x0000000008006f30                COMMAND_pwmStartCallback
 .text.COMMAND_pwmStopCallback
                0x0000000008006f3c        0xc Src/command.o
                0x0000000008006f3c                COMMAND_pwmStopCallback
 .text.COMMAND_pwmDcCallback
                0x0000000008006f48       0x28 Src/command.o
                0x0000000008006f48                COMMAND_pwmDcCallback
 .text.COMMAND_crcWholeFlashCalcCallback
                0x0000000008006f70       0x30 Src/command.o
                0x0000000008006f70                COMMAND_crcWholeFlashCalcCallback
 .text.COMMAND_setSNCallback
                0x0000000008006fa0       0x2c Src/command.o
                0x0000000008006fa0                COMMAND_setSNCallback
 .text.COMMAND_getSNCallback
                0x0000000008006fcc       0x34 Src/command.o
                0x0000000008006fcc                COMMAND_getSNCallback
 .text.COMMAND_startTickCallback
                0x0000000008007000       0x40 Src/command.o
                0x0000000008007000                COMMAND_startTickCallback
 .text.COMMAND_stopTickCallback
                0x0000000008007040       0x10 Src/command.o
                0x0000000008007040                COMMAND_stopTickCallback
 .text.COMMAND_assert0Callback
                0x0000000008007050       0x10 Src/command.o
                0x0000000008007050                COMMAND_assert0Callback
 .text.COMMAND_clearAssertFlagCallback
                0x0000000008007060        0x4 Src/command.o
                0x0000000008007060                COMMAND_clearAssertFlagCallback
 .text.COMMAND_lsm6dslPerSampleEnableCallback
                0x0000000008007064        0x4 Src/command.o
                0x0000000008007064                COMMAND_lsm6dslPerSampleEnableCallback
 .text.COMMAND_lsm6dslFifoEnableCallback
                0x0000000008007068        0x4 Src/command.o
                0x0000000008007068                COMMAND_lsm6dslFifoEnableCallback
 .text.COMMAND_lsm6dslDisableCallback
                0x000000000800706c        0x4 Src/command.o
                0x000000000800706c                COMMAND_lsm6dslDisableCallback
 .text.COMMAND_enterStopModeCallback
                0x0000000008007070       0x1c Src/command.o
                0x0000000008007070                COMMAND_enterStopModeCallback
 .text.COMMAND_enterStandbyModeCallback
                0x000000000800708c        0x4 Src/command.o
                0x000000000800708c                COMMAND_enterStandbyModeCallback
 .text.COMMAND_startOsTimerCallback
                0x0000000008007090       0x10 Src/command.o
                0x0000000008007090                COMMAND_startOsTimerCallback
 .text.COMMAND_stopOsTimerCallback
                0x00000000080070a0        0xc Src/command.o
                0x00000000080070a0                COMMAND_stopOsTimerCallback
 .text.COMMAND_flashLockCallback
                0x00000000080070ac       0x5c Src/command.o
                0x00000000080070ac                COMMAND_flashLockCallback
 .text.COMMAND_findAndExecuteCommand
                0x0000000008007108       0x44 Src/command.o
                0x0000000008007108                COMMAND_findAndExecuteCommand
 .text.MX_CRC_Init
                0x000000000800714c       0x20 Src/crc.o
                0x000000000800714c                MX_CRC_Init
 .text.HAL_CRC_MspInit
                0x000000000800716c       0x30 Src/crc.o
                0x000000000800716c                HAL_CRC_MspInit
 .text.MX_DMA_Init
                0x000000000800719c       0x44 Src/dma.o
                0x000000000800719c                MX_DMA_Init
 .text.FLASH_setSectorAddress
                0x00000000080071e0       0x14 Src/flash.o
                0x00000000080071e0                FLASH_setSectorAddress
 .text.FLASH_writeN
                0x00000000080071f4       0x90 Src/flash.o
                0x00000000080071f4                FLASH_writeN
 .text.FLASH_readN
                0x0000000008007284       0x4c Src/flash.o
                0x0000000008007284                FLASH_readN
 .text.StartDefaultTask
                0x00000000080072d0       0x2c Src/freertos.o
                0x00000000080072d0                StartDefaultTask
 .text.vApplicationGetIdleTaskMemory
                0x00000000080072fc       0x18 Src/freertos.o
                0x00000000080072fc                vApplicationGetIdleTaskMemory
 .text.vApplicationGetTimerTaskMemory
                0x0000000008007314       0x18 Src/freertos.o
                0x0000000008007314                vApplicationGetTimerTaskMemory
 .text.MX_FREERTOS_Init
                0x000000000800732c       0x68 Src/freertos.o
                0x000000000800732c                MX_FREERTOS_Init
 .text.MX_GPIO_Init
                0x0000000008007394       0xd0 Src/gpio.o
                0x0000000008007394                MX_GPIO_Init
 .text._sbrk_r  0x0000000008007464       0x74 Src/heap_useNewlib.o
                0x0000000008007464                _sbrk_r
 .text.__malloc_lock
                0x00000000080074d8       0x1c Src/heap_useNewlib.o
                0x00000000080074d8                __malloc_lock
 .text.__malloc_unlock
                0x00000000080074f4        0x4 Src/heap_useNewlib.o
                0x00000000080074f4                __malloc_unlock
 .text.pvPortMalloc
                0x00000000080074f8        0x4 Src/heap_useNewlib.o
                0x00000000080074f8                pvPortMalloc
 .text.vPortFree
                0x00000000080074fc        0x4 Src/heap_useNewlib.o
                0x00000000080074fc                vPortFree
 .text.MX_I2C1_Init
                0x0000000008007500       0x3c Src/i2c.o
                0x0000000008007500                MX_I2C1_Init
 .text.HAL_I2C_MspInit
                0x000000000800753c       0x74 Src/i2c.o
                0x000000000800753c                HAL_I2C_MspInit
 .text.LSM6DSL_read
                0x00000000080075b0       0x1c Src/lsm6dsl.o
 .text.LSM6DSL_write
                0x00000000080075cc       0x1c Src/lsm6dsl.o
 .text.LSM6DSL_processHanlder
                0x00000000080075e8      0x388 Src/lsm6dsl.o
                0x00000000080075e8                LSM6DSL_processHanlder
 .text.LSM6DSL_init
                0x0000000008007970       0xb8 Src/lsm6dsl.o
                0x0000000008007970                LSM6DSL_init
 .text.LSM6DSL_perSampleInit
                0x0000000008007a28       0x68 Src/lsm6dsl.o
                0x0000000008007a28                LSM6DSL_perSampleInit
 .text.LSM6DSL_fifoInit
                0x0000000008007a90       0xcc Src/lsm6dsl.o
                0x0000000008007a90                LSM6DSL_fifoInit
 .text.LSM6DSL_modesDisable
                0x0000000008007b5c       0x68 Src/lsm6dsl.o
                0x0000000008007b5c                LSM6DSL_modesDisable
 .text.lsm6dsl_read_reg
                0x0000000008007bc4        0xe Src/lsm6dsl_reg.o
                0x0000000008007bc4                lsm6dsl_read_reg
 .text.lsm6dsl_write_reg
                0x0000000008007bd2        0xe Src/lsm6dsl_reg.o
                0x0000000008007bd2                lsm6dsl_write_reg
 .text.lsm6dsl_from_fs8g_to_mg
                0x0000000008007be0       0x18 Src/lsm6dsl_reg.o
                0x0000000008007be0                lsm6dsl_from_fs8g_to_mg
 .text.lsm6dsl_from_fs500dps_to_mdps
                0x0000000008007bf8       0x18 Src/lsm6dsl_reg.o
                0x0000000008007bf8                lsm6dsl_from_fs500dps_to_mdps
 .text.lsm6dsl_xl_full_scale_set
                0x0000000008007c10       0x2e Src/lsm6dsl_reg.o
                0x0000000008007c10                lsm6dsl_xl_full_scale_set
 .text.lsm6dsl_xl_data_rate_set
                0x0000000008007c3e       0x2e Src/lsm6dsl_reg.o
                0x0000000008007c3e                lsm6dsl_xl_data_rate_set
 .text.lsm6dsl_gy_full_scale_set
                0x0000000008007c6c       0x2e Src/lsm6dsl_reg.o
                0x0000000008007c6c                lsm6dsl_gy_full_scale_set
 .text.lsm6dsl_gy_data_rate_set
                0x0000000008007c9a       0x2e Src/lsm6dsl_reg.o
                0x0000000008007c9a                lsm6dsl_gy_data_rate_set
 .text.lsm6dsl_block_data_update_set
                0x0000000008007cc8       0x2e Src/lsm6dsl_reg.o
                0x0000000008007cc8                lsm6dsl_block_data_update_set
 .text.lsm6dsl_status_reg_get
                0x0000000008007cf6        0xa Src/lsm6dsl_reg.o
                0x0000000008007cf6                lsm6dsl_status_reg_get
 .text.lsm6dsl_angular_rate_raw_get
                0x0000000008007d00        0xa Src/lsm6dsl_reg.o
                0x0000000008007d00                lsm6dsl_angular_rate_raw_get
 .text.lsm6dsl_acceleration_raw_get
                0x0000000008007d0a        0xa Src/lsm6dsl_reg.o
                0x0000000008007d0a                lsm6dsl_acceleration_raw_get
 .text.lsm6dsl_fifo_raw_data_get
                0x0000000008007d14        0xa Src/lsm6dsl_reg.o
                0x0000000008007d14                lsm6dsl_fifo_raw_data_get
 .text.lsm6dsl_data_ready_mode_set
                0x0000000008007d1e       0x2e Src/lsm6dsl_reg.o
                0x0000000008007d1e                lsm6dsl_data_ready_mode_set
 .text.lsm6dsl_device_id_get
                0x0000000008007d4c        0xa Src/lsm6dsl_reg.o
                0x0000000008007d4c                lsm6dsl_device_id_get
 .text.lsm6dsl_reset_set
                0x0000000008007d56       0x2e Src/lsm6dsl_reg.o
                0x0000000008007d56                lsm6dsl_reset_set
 .text.lsm6dsl_reset_get
                0x0000000008007d84       0x1c Src/lsm6dsl_reg.o
                0x0000000008007d84                lsm6dsl_reset_get
 .text.lsm6dsl_xl_filter_analog_set
                0x0000000008007da0       0x2e Src/lsm6dsl_reg.o
                0x0000000008007da0                lsm6dsl_xl_filter_analog_set
 .text.lsm6dsl_xl_lp2_bandwidth_set
                0x0000000008007dce       0x3c Src/lsm6dsl_reg.o
                0x0000000008007dce                lsm6dsl_xl_lp2_bandwidth_set
 .text.lsm6dsl_gy_band_pass_set
                0x0000000008007e0a       0x8a Src/lsm6dsl_reg.o
                0x0000000008007e0a                lsm6dsl_gy_band_pass_set
 .text.lsm6dsl_pin_int1_route_set
                0x0000000008007e94      0x188 Src/lsm6dsl_reg.o
                0x0000000008007e94                lsm6dsl_pin_int1_route_set
 .text.lsm6dsl_pin_int1_route_get
                0x000000000800801c       0xee Src/lsm6dsl_reg.o
                0x000000000800801c                lsm6dsl_pin_int1_route_get
 .text.lsm6dsl_pin_polarity_set
                0x000000000800810a       0x2e Src/lsm6dsl_reg.o
                0x000000000800810a                lsm6dsl_pin_polarity_set
 .text.lsm6dsl_fifo_watermark_set
                0x0000000008008138       0x42 Src/lsm6dsl_reg.o
                0x0000000008008138                lsm6dsl_fifo_watermark_set
 .text.lsm6dsl_fifo_watermark_get
                0x000000000800817a       0x34 Src/lsm6dsl_reg.o
                0x000000000800817a                lsm6dsl_fifo_watermark_get
 .text.lsm6dsl_fifo_data_level_get
                0x00000000080081ae       0x34 Src/lsm6dsl_reg.o
                0x00000000080081ae                lsm6dsl_fifo_data_level_get
 .text.lsm6dsl_fifo_xl_batch_set
                0x00000000080081e2       0x2e Src/lsm6dsl_reg.o
                0x00000000080081e2                lsm6dsl_fifo_xl_batch_set
 .text.lsm6dsl_fifo_xl_batch_get
                0x0000000008008210       0x4e Src/lsm6dsl_reg.o
                0x0000000008008210                lsm6dsl_fifo_xl_batch_get
 .text.lsm6dsl_fifo_gy_batch_set
                0x000000000800825e       0x2e Src/lsm6dsl_reg.o
                0x000000000800825e                lsm6dsl_fifo_gy_batch_set
 .text.lsm6dsl_fifo_gy_batch_get
                0x000000000800828c       0x4e Src/lsm6dsl_reg.o
                0x000000000800828c                lsm6dsl_fifo_gy_batch_get
 .text.lsm6dsl_fifo_mode_set
                0x00000000080082da       0x2e Src/lsm6dsl_reg.o
                0x00000000080082da                lsm6dsl_fifo_mode_set
 .text.lsm6dsl_fifo_mode_get
                0x0000000008008308       0x42 Src/lsm6dsl_reg.o
                0x0000000008008308                lsm6dsl_fifo_mode_get
 .text.lsm6dsl_fifo_data_rate_set
                0x000000000800834a       0x2e Src/lsm6dsl_reg.o
                0x000000000800834a                lsm6dsl_fifo_data_rate_set
 .text.lsm6dsl_fifo_data_rate_get
                0x0000000008008378       0x5e Src/lsm6dsl_reg.o
                0x0000000008008378                lsm6dsl_fifo_data_rate_get
 *fill*         0x00000000080083d6        0x2 
 .text.HAL_TIM_PeriodElapsedCallback
                0x00000000080083d8       0x14 Src/main.o
                0x00000000080083d8                HAL_TIM_PeriodElapsedCallback
 .text.Error_Handler
                0x00000000080083ec       0x10 Src/main.o
                0x00000000080083ec                Error_Handler
 .text.SystemClock_Config
                0x00000000080083fc       0xb4 Src/main.o
                0x00000000080083fc                SystemClock_Config
 .text.startup.main
                0x00000000080084b0       0x6c Src/main.o
                0x00000000080084b0                main
 .text.assert_failed
                0x000000000800851c        0x4 Src/main.o
                0x000000000800851c                assert_failed
 .text.MX_RTC_Init
                0x0000000008008520       0xc4 Src/rtc.o
                0x0000000008008520                MX_RTC_Init
 .text.HAL_RTC_MspInit
                0x00000000080085e4       0x40 Src/rtc.o
                0x00000000080085e4                HAL_RTC_MspInit
 .text.HAL_MspInit
                0x0000000008008624       0x40 Src/stm32f4xx_hal_msp.o
                0x0000000008008624                HAL_MspInit
 .text.HAL_InitTick
                0x0000000008008664       0x7c Src/stm32f4xx_hal_timebase_tim.o
                0x0000000008008664                HAL_InitTick
 .text.HAL_SuspendTick
                0x00000000080086e0       0x14 Src/stm32f4xx_hal_timebase_tim.o
                0x00000000080086e0                HAL_SuspendTick
 .text.HAL_ResumeTick
                0x00000000080086f4       0x14 Src/stm32f4xx_hal_timebase_tim.o
                0x00000000080086f4                HAL_ResumeTick
 .text.NMI_Handler
                0x0000000008008708        0x2 Src/stm32f4xx_it.o
                0x0000000008008708                NMI_Handler
 .text.HardFault_Handler
                0x000000000800870a        0x2 Src/stm32f4xx_it.o
                0x000000000800870a                HardFault_Handler
 .text.MemManage_Handler
                0x000000000800870c        0x2 Src/stm32f4xx_it.o
                0x000000000800870c                MemManage_Handler
 .text.BusFault_Handler
                0x000000000800870e        0x2 Src/stm32f4xx_it.o
                0x000000000800870e                BusFault_Handler
 .text.UsageFault_Handler
                0x0000000008008710        0x2 Src/stm32f4xx_it.o
                0x0000000008008710                UsageFault_Handler
 .text.DebugMon_Handler
                0x0000000008008712        0x2 Src/stm32f4xx_it.o
                0x0000000008008712                DebugMon_Handler
 .text.RTC_WKUP_IRQHandler
                0x0000000008008714        0xc Src/stm32f4xx_it.o
                0x0000000008008714                RTC_WKUP_IRQHandler
 .text.DMA1_Stream5_IRQHandler
                0x0000000008008720        0xc Src/stm32f4xx_it.o
                0x0000000008008720                DMA1_Stream5_IRQHandler
 .text.DMA1_Stream6_IRQHandler
                0x000000000800872c        0xc Src/stm32f4xx_it.o
                0x000000000800872c                DMA1_Stream6_IRQHandler
 .text.EXTI9_5_IRQHandler
                0x0000000008008738        0x6 Src/stm32f4xx_it.o
                0x0000000008008738                EXTI9_5_IRQHandler
 *fill*         0x000000000800873e        0x2 
 .text.USART2_IRQHandler
                0x0000000008008740        0xc Src/stm32f4xx_it.o
                0x0000000008008740                USART2_IRQHandler
 .text.EXTI15_10_IRQHandler
                0x000000000800874c        0x8 Src/stm32f4xx_it.o
                0x000000000800874c                EXTI15_10_IRQHandler
 .text.RTC_Alarm_IRQHandler
                0x0000000008008754        0xc Src/stm32f4xx_it.o
                0x0000000008008754                RTC_Alarm_IRQHandler
 .text.TIM5_IRQHandler
                0x0000000008008760        0xc Src/stm32f4xx_it.o
                0x0000000008008760                TIM5_IRQHandler
 .text.SYSTEM_DEBUG_assertRecord
                0x000000000800876c       0x50 Src/system_debug.o
                0x000000000800876c                SYSTEM_DEBUG_assertRecord
 .text.SYSTEM_DEBUG_assertMsgPrint
                0x00000000080087bc       0x2c Src/system_debug.o
                0x00000000080087bc                SYSTEM_DEBUG_assertMsgPrint
 .text.SYSTEM_DEBUG_assertResetFlag
                0x00000000080087e8       0x10 Src/system_debug.o
                0x00000000080087e8                SYSTEM_DEBUG_assertResetFlag
 .text.SYSTEM_DEBUG_resetCauseGet
                0x00000000080087f8       0x5c Src/system_debug.o
                0x00000000080087f8                SYSTEM_DEBUG_resetCauseGet
 .text.SYSTEM_DEBUG_printResetCause
                0x0000000008008854       0x34 Src/system_debug.o
                0x0000000008008854                SYSTEM_DEBUG_printResetCause
 .text.SYSTEM_DEBUG_enterStopMode
                0x0000000008008888       0x74 Src/system_debug.o
                0x0000000008008888                SYSTEM_DEBUG_enterStopMode
 .text.SYSTEM_DEBUG_enterStandbyMode
                0x00000000080088fc       0x50 Src/system_debug.o
                0x00000000080088fc                SYSTEM_DEBUG_enterStandbyMode
 .text.SYSTEM_DEBUG_wakeupStandbyMode
                0x000000000800894c       0x38 Src/system_debug.o
                0x000000000800894c                SYSTEM_DEBUG_wakeupStandbyMode
 .text.HAL_UART_RxCpltCallback
                0x0000000008008984       0x20 Src/system_isr.o
                0x0000000008008984                HAL_UART_RxCpltCallback
 .text.HAL_GPIO_EXTI_Callback
                0x00000000080089a4       0x14 Src/system_isr.o
                0x00000000080089a4                HAL_GPIO_EXTI_Callback
 .text.HAL_RTC_AlarmAEventCallback
                0x00000000080089b8        0xc Src/system_isr.o
                0x00000000080089b8                HAL_RTC_AlarmAEventCallback
 .text.Timer01Callback
                0x00000000080089c4        0xc Src/system_isr.o
                0x00000000080089c4                Timer01Callback
 .text.SystemInit
                0x00000000080089d0       0x1c Src/system_stm32f4xx.o
                0x00000000080089d0                SystemInit
 .text.HAL_TIM_Base_MspInit
                0x00000000080089ec       0x30 Src/tim.o
                0x00000000080089ec                HAL_TIM_Base_MspInit
 .text.HAL_TIM_MspPostInit
                0x0000000008008a1c       0x54 Src/tim.o
                0x0000000008008a1c                HAL_TIM_MspPostInit
 .text.MX_TIM3_Init
                0x0000000008008a70       0xa0 Src/tim.o
                0x0000000008008a70                MX_TIM3_Init
 .text.MX_USART2_UART_Init
                0x0000000008008b10       0x38 Src/usart.o
                0x0000000008008b10                MX_USART2_UART_Init
 .text.HAL_UART_MspInit
                0x0000000008008b48       0xf0 Src/usart.o
                0x0000000008008b48                HAL_UART_MspInit
 .text.Reset_Handler
                0x0000000008008c38       0x50 Startup/startup_stm32f411retx.o
                0x0000000008008c38                Reset_Handler
 .text.Default_Handler
                0x0000000008008c88        0x2 Startup/startup_stm32f411retx.o
                0x0000000008008c88                EXTI2_IRQHandler
                0x0000000008008c88                SPI4_IRQHandler
                0x0000000008008c88                TIM1_CC_IRQHandler
                0x0000000008008c88                DMA2_Stream5_IRQHandler
                0x0000000008008c88                PVD_IRQHandler
                0x0000000008008c88                SDIO_IRQHandler
                0x0000000008008c88                TAMP_STAMP_IRQHandler
                0x0000000008008c88                EXTI3_IRQHandler
                0x0000000008008c88                TIM1_UP_TIM10_IRQHandler
                0x0000000008008c88                I2C3_ER_IRQHandler
                0x0000000008008c88                EXTI0_IRQHandler
                0x0000000008008c88                I2C2_EV_IRQHandler
                0x0000000008008c88                DMA1_Stream2_IRQHandler
                0x0000000008008c88                FPU_IRQHandler
                0x0000000008008c88                DMA2_Stream2_IRQHandler
                0x0000000008008c88                SPI1_IRQHandler
                0x0000000008008c88                TIM1_BRK_TIM9_IRQHandler
                0x0000000008008c88                DMA2_Stream3_IRQHandler
                0x0000000008008c88                USART6_IRQHandler
                0x0000000008008c88                DMA2_Stream0_IRQHandler
                0x0000000008008c88                TIM4_IRQHandler
                0x0000000008008c88                I2C1_EV_IRQHandler
                0x0000000008008c88                DMA1_Stream1_IRQHandler
                0x0000000008008c88                TIM3_IRQHandler
                0x0000000008008c88                RCC_IRQHandler
                0x0000000008008c88                Default_Handler
                0x0000000008008c88                ADC_IRQHandler
                0x0000000008008c88                DMA1_Stream7_IRQHandler
                0x0000000008008c88                SPI5_IRQHandler
                0x0000000008008c88                DMA2_Stream7_IRQHandler
                0x0000000008008c88                I2C3_EV_IRQHandler
                0x0000000008008c88                SPI2_IRQHandler
                0x0000000008008c88                DMA1_Stream0_IRQHandler
                0x0000000008008c88                EXTI4_IRQHandler
                0x0000000008008c88                WWDG_IRQHandler
                0x0000000008008c88                TIM2_IRQHandler
                0x0000000008008c88                OTG_FS_WKUP_IRQHandler
                0x0000000008008c88                TIM1_TRG_COM_TIM11_IRQHandler
                0x0000000008008c88                EXTI1_IRQHandler
                0x0000000008008c88                I2C2_ER_IRQHandler
                0x0000000008008c88                DMA2_Stream1_IRQHandler
                0x0000000008008c88                FLASH_IRQHandler
                0x0000000008008c88                DMA2_Stream4_IRQHandler
                0x0000000008008c88                USART1_IRQHandler
                0x0000000008008c88                OTG_FS_IRQHandler
                0x0000000008008c88                SPI3_IRQHandler
                0x0000000008008c88                DMA1_Stream4_IRQHandler
                0x0000000008008c88                I2C1_ER_IRQHandler
                0x0000000008008c88                DMA2_Stream6_IRQHandler
                0x0000000008008c88                DMA1_Stream3_IRQHandler
 .text.atoi     0x0000000008008c8a        0x8 c:/st/stm32cubeide_1.3.0/stm32cubeide/plugins/com.st.stm32cube.ide.mcu.externaltools.gnu-tools-for-stm32.7-2018-q2-update.win32_1.0.0.201904181610/tools/bin/../lib/gcc/arm-none-eabi/7.3.1/../../../../arm-none-eabi/lib/thumb/v7e-m/fpv4-sp/hard\libc_nano.a(lib_a-atoi.o)
                0x0000000008008c8a                atoi
 *fill*         0x0000000008008c92        0x2 
 .text.__libc_init_array
                0x0000000008008c94       0x48 c:/st/stm32cubeide_1.3.0/stm32cubeide/plugins/com.st.stm32cube.ide.mcu.externaltools.gnu-tools-for-stm32.7-2018-q2-update.win32_1.0.0.201904181610/tools/bin/../lib/gcc/arm-none-eabi/7.3.1/../../../../arm-none-eabi/lib/thumb/v7e-m/fpv4-sp/hard\libc_nano.a(lib_a-init.o)
                0x0000000008008c94                __libc_init_array
 .text.malloc   0x0000000008008cdc       0x10 c:/st/stm32cubeide_1.3.0/stm32cubeide/plugins/com.st.stm32cube.ide.mcu.externaltools.gnu-tools-for-stm32.7-2018-q2-update.win32_1.0.0.201904181610/tools/bin/../lib/gcc/arm-none-eabi/7.3.1/../../../../arm-none-eabi/lib/thumb/v7e-m/fpv4-sp/hard\libc_nano.a(lib_a-malloc.o)
                0x0000000008008cdc                malloc
 .text.free     0x0000000008008cec       0x10 c:/st/stm32cubeide_1.3.0/stm32cubeide/plugins/com.st.stm32cube.ide.mcu.externaltools.gnu-tools-for-stm32.7-2018-q2-update.win32_1.0.0.201904181610/tools/bin/../lib/gcc/arm-none-eabi/7.3.1/../../../../arm-none-eabi/lib/thumb/v7e-m/fpv4-sp/hard\libc_nano.a(lib_a-malloc.o)
                0x0000000008008cec                free
 .text.memcpy   0x0000000008008cfc       0x16 c:/st/stm32cubeide_1.3.0/stm32cubeide/plugins/com.st.stm32cube.ide.mcu.externaltools.gnu-tools-for-stm32.7-2018-q2-update.win32_1.0.0.201904181610/tools/bin/../lib/gcc/arm-none-eabi/7.3.1/../../../../arm-none-eabi/lib/thumb/v7e-m/fpv4-sp/hard\libc_nano.a(lib_a-memcpy-stub.o)
                0x0000000008008cfc                memcpy
 .text.memset   0x0000000008008d12       0x10 c:/st/stm32cubeide_1.3.0/stm32cubeide/plugins/com.st.stm32cube.ide.mcu.externaltools.gnu-tools-for-stm32.7-2018-q2-update.win32_1.0.0.201904181610/tools/bin/../lib/gcc/arm-none-eabi/7.3.1/../../../../arm-none-eabi/lib/thumb/v7e-m/fpv4-sp/hard\libc_nano.a(lib_a-memset.o)
                0x0000000008008d12                memset
 *fill*         0x0000000008008d22        0x2 
 .text._free_r  0x0000000008008d24       0x9c c:/st/stm32cubeide_1.3.0/stm32cubeide/plugins/com.st.stm32cube.ide.mcu.externaltools.gnu-tools-for-stm32.7-2018-q2-update.win32_1.0.0.201904181610/tools/bin/../lib/gcc/arm-none-eabi/7.3.1/../../../../arm-none-eabi/lib/thumb/v7e-m/fpv4-sp/hard\libc_nano.a(lib_a-nano-freer.o)
                0x0000000008008d24                _free_r
 .text._malloc_r
                0x0000000008008dc0       0xb4 c:/st/stm32cubeide_1.3.0/stm32cubeide/plugins/com.st.stm32cube.ide.mcu.externaltools.gnu-tools-for-stm32.7-2018-q2-update.win32_1.0.0.201904181610/tools/bin/../lib/gcc/arm-none-eabi/7.3.1/../../../../arm-none-eabi/lib/thumb/v7e-m/fpv4-sp/hard\libc_nano.a(lib_a-nano-mallocr.o)
                0x0000000008008dc0                _malloc_r
 .text.__cvt    0x0000000008008e74       0xc2 c:/st/stm32cubeide_1.3.0/stm32cubeide/plugins/com.st.stm32cube.ide.mcu.externaltools.gnu-tools-for-stm32.7-2018-q2-update.win32_1.0.0.201904181610/tools/bin/../lib/gcc/arm-none-eabi/7.3.1/../../../../arm-none-eabi/lib/thumb/v7e-m/fpv4-sp/hard\libc_nano.a(lib_a-nano-vfprintf_float.o)
                0x0000000008008e74                __cvt
 .text.__exponent
                0x0000000008008f36       0x66 c:/st/stm32cubeide_1.3.0/stm32cubeide/plugins/com.st.stm32cube.ide.mcu.externaltools.gnu-tools-for-stm32.7-2018-q2-update.win32_1.0.0.201904181610/tools/bin/../lib/gcc/arm-none-eabi/7.3.1/../../../../arm-none-eabi/lib/thumb/v7e-m/fpv4-sp/hard\libc_nano.a(lib_a-nano-vfprintf_float.o)
                0x0000000008008f36                __exponent
 .text._printf_float
                0x0000000008008f9c      0x480 c:/st/stm32cubeide_1.3.0/stm32cubeide/plugins/com.st.stm32cube.ide.mcu.externaltools.gnu-tools-for-stm32.7-2018-q2-update.win32_1.0.0.201904181610/tools/bin/../lib/gcc/arm-none-eabi/7.3.1/../../../../arm-none-eabi/lib/thumb/v7e-m/fpv4-sp/hard\libc_nano.a(lib_a-nano-vfprintf_float.o)
                0x0000000008008f9c                _printf_float
 .text._printf_common
                0x000000000800941c       0xea c:/st/stm32cubeide_1.3.0/stm32cubeide/plugins/com.st.stm32cube.ide.mcu.externaltools.gnu-tools-for-stm32.7-2018-q2-update.win32_1.0.0.201904181610/tools/bin/../lib/gcc/arm-none-eabi/7.3.1/../../../../arm-none-eabi/lib/thumb/v7e-m/fpv4-sp/hard\libc_nano.a(lib_a-nano-vfprintf_i.o)
                0x000000000800941c                _printf_common
 *fill*         0x0000000008009506        0x2 
 .text._printf_i
                0x0000000008009508      0x224 c:/st/stm32cubeide_1.3.0/stm32cubeide/plugins/com.st.stm32cube.ide.mcu.externaltools.gnu-tools-for-stm32.7-2018-q2-update.win32_1.0.0.201904181610/tools/bin/../lib/gcc/arm-none-eabi/7.3.1/../../../../arm-none-eabi/lib/thumb/v7e-m/fpv4-sp/hard\libc_nano.a(lib_a-nano-vfprintf_i.o)
                0x0000000008009508                _printf_i
 .text.cleanup_glue
                0x000000000800972c       0x1a c:/st/stm32cubeide_1.3.0/stm32cubeide/plugins/com.st.stm32cube.ide.mcu.externaltools.gnu-tools-for-stm32.7-2018-q2-update.win32_1.0.0.201904181610/tools/bin/../lib/gcc/arm-none-eabi/7.3.1/../../../../arm-none-eabi/lib/thumb/v7e-m/fpv4-sp/hard\libc_nano.a(lib_a-reent.o)
                0x000000000800972c                cleanup_glue
 *fill*         0x0000000008009746        0x2 
 .text._reclaim_reent
                0x0000000008009748       0xb8 c:/st/stm32cubeide_1.3.0/stm32cubeide/plugins/com.st.stm32cube.ide.mcu.externaltools.gnu-tools-for-stm32.7-2018-q2-update.win32_1.0.0.201904181610/tools/bin/../lib/gcc/arm-none-eabi/7.3.1/../../../../arm-none-eabi/lib/thumb/v7e-m/fpv4-sp/hard\libc_nano.a(lib_a-reent.o)
                0x0000000008009748                _reclaim_reent
 .text.sprintf  0x0000000008009800       0x40 c:/st/stm32cubeide_1.3.0/stm32cubeide/plugins/com.st.stm32cube.ide.mcu.externaltools.gnu-tools-for-stm32.7-2018-q2-update.win32_1.0.0.201904181610/tools/bin/../lib/gcc/arm-none-eabi/7.3.1/../../../../arm-none-eabi/lib/thumb/v7e-m/fpv4-sp/hard\libc_nano.a(lib_a-sprintf.o)
                0x0000000008009800                siprintf
                0x0000000008009800                sprintf
 .text.strncmp  0x0000000008009840       0x24 c:/st/stm32cubeide_1.3.0/stm32cubeide/plugins/com.st.stm32cube.ide.mcu.externaltools.gnu-tools-for-stm32.7-2018-q2-update.win32_1.0.0.201904181610/tools/bin/../lib/gcc/arm-none-eabi/7.3.1/../../../../arm-none-eabi/lib/thumb/v7e-m/fpv4-sp/hard\libc_nano.a(lib_a-strncmp.o)
                0x0000000008009840                strncmp
 .text.strncpy  0x0000000008009864       0x2a c:/st/stm32cubeide_1.3.0/stm32cubeide/plugins/com.st.stm32cube.ide.mcu.externaltools.gnu-tools-for-stm32.7-2018-q2-update.win32_1.0.0.201904181610/tools/bin/../lib/gcc/arm-none-eabi/7.3.1/../../../../arm-none-eabi/lib/thumb/v7e-m/fpv4-sp/hard\libc_nano.a(lib_a-strncpy.o)
                0x0000000008009864                strncpy
 *fill*         0x000000000800988e        0x2 
 .text.strtok   0x0000000008009890       0x54 c:/st/stm32cubeide_1.3.0/stm32cubeide/plugins/com.st.stm32cube.ide.mcu.externaltools.gnu-tools-for-stm32.7-2018-q2-update.win32_1.0.0.201904181610/tools/bin/../lib/gcc/arm-none-eabi/7.3.1/../../../../arm-none-eabi/lib/thumb/v7e-m/fpv4-sp/hard\libc_nano.a(lib_a-strtok.o)
                0x0000000008009890                strtok
 .text.__strtok_r
                0x00000000080098e4       0x54 c:/st/stm32cubeide_1.3.0/stm32cubeide/plugins/com.st.stm32cube.ide.mcu.externaltools.gnu-tools-for-stm32.7-2018-q2-update.win32_1.0.0.201904181610/tools/bin/../lib/gcc/arm-none-eabi/7.3.1/../../../../arm-none-eabi/lib/thumb/v7e-m/fpv4-sp/hard\libc_nano.a(lib_a-strtok_r.o)
                0x00000000080098e4                __strtok_r
 .text._strtol_l.isra.0
                0x0000000008009938       0xf6 c:/st/stm32cubeide_1.3.0/stm32cubeide/plugins/com.st.stm32cube.ide.mcu.externaltools.gnu-tools-for-stm32.7-2018-q2-update.win32_1.0.0.201904181610/tools/bin/../lib/gcc/arm-none-eabi/7.3.1/../../../../arm-none-eabi/lib/thumb/v7e-m/fpv4-sp/hard\libc_nano.a(lib_a-strtol.o)
 *fill*         0x0000000008009a2e        0x2 
 .text.strtol   0x0000000008009a30       0x2c c:/st/stm32cubeide_1.3.0/stm32cubeide/plugins/com.st.stm32cube.ide.mcu.externaltools.gnu-tools-for-stm32.7-2018-q2-update.win32_1.0.0.201904181610/tools/bin/../lib/gcc/arm-none-eabi/7.3.1/../../../../arm-none-eabi/lib/thumb/v7e-m/fpv4-sp/hard\libc_nano.a(lib_a-strtol.o)
                0x0000000008009a30                strtol
 .text.quorem   0x0000000008009a5c      0x118 c:/st/stm32cubeide_1.3.0/stm32cubeide/plugins/com.st.stm32cube.ide.mcu.externaltools.gnu-tools-for-stm32.7-2018-q2-update.win32_1.0.0.201904181610/tools/bin/../lib/gcc/arm-none-eabi/7.3.1/../../../../arm-none-eabi/lib/thumb/v7e-m/fpv4-sp/hard\libc_nano.a(lib_a-dtoa.o)
 *fill*         0x0000000008009b74        0x4 
 .text._dtoa_r  0x0000000008009b78      0xb70 c:/st/stm32cubeide_1.3.0/stm32cubeide/plugins/com.st.stm32cube.ide.mcu.externaltools.gnu-tools-for-stm32.7-2018-q2-update.win32_1.0.0.201904181610/tools/bin/../lib/gcc/arm-none-eabi/7.3.1/../../../../arm-none-eabi/lib/thumb/v7e-m/fpv4-sp/hard\libc_nano.a(lib_a-dtoa.o)
                0x0000000008009b78                _dtoa_r
 .text.__locale_ctype_ptr_l
                0x000000000800a6e8        0x6 c:/st/stm32cubeide_1.3.0/stm32cubeide/plugins/com.st.stm32cube.ide.mcu.externaltools.gnu-tools-for-stm32.7-2018-q2-update.win32_1.0.0.201904181610/tools/bin/../lib/gcc/arm-none-eabi/7.3.1/../../../../arm-none-eabi/lib/thumb/v7e-m/fpv4-sp/hard\libc_nano.a(lib_a-locale.o)
                0x000000000800a6e8                __locale_ctype_ptr_l
 *fill*         0x000000000800a6ee        0x2 
 .text._localeconv_r
                0x000000000800a6f0       0x1c c:/st/stm32cubeide_1.3.0/stm32cubeide/plugins/com.st.stm32cube.ide.mcu.externaltools.gnu-tools-for-stm32.7-2018-q2-update.win32_1.0.0.201904181610/tools/bin/../lib/gcc/arm-none-eabi/7.3.1/../../../../arm-none-eabi/lib/thumb/v7e-m/fpv4-sp/hard\libc_nano.a(lib_a-localeconv.o)
                0x000000000800a6f0                _localeconv_r
 .text.__ascii_mbtowc
                0x000000000800a70c       0x24 c:/st/stm32cubeide_1.3.0/stm32cubeide/plugins/com.st.stm32cube.ide.mcu.externaltools.gnu-tools-for-stm32.7-2018-q2-update.win32_1.0.0.201904181610/tools/bin/../lib/gcc/arm-none-eabi/7.3.1/../../../../arm-none-eabi/lib/thumb/v7e-m/fpv4-sp/hard\libc_nano.a(lib_a-mbtowc_r.o)
                0x000000000800a70c                __ascii_mbtowc
 .text._Balloc  0x000000000800a730       0x68 c:/st/stm32cubeide_1.3.0/stm32cubeide/plugins/com.st.stm32cube.ide.mcu.externaltools.gnu-tools-for-stm32.7-2018-q2-update.win32_1.0.0.201904181610/tools/bin/../lib/gcc/arm-none-eabi/7.3.1/../../../../arm-none-eabi/lib/thumb/v7e-m/fpv4-sp/hard\libc_nano.a(lib_a-mprec.o)
                0x000000000800a730                _Balloc
 .text._Bfree   0x000000000800a798       0x2e c:/st/stm32cubeide_1.3.0/stm32cubeide/plugins/com.st.stm32cube.ide.mcu.externaltools.gnu-tools-for-stm32.7-2018-q2-update.win32_1.0.0.201904181610/tools/bin/../lib/gcc/arm-none-eabi/7.3.1/../../../../arm-none-eabi/lib/thumb/v7e-m/fpv4-sp/hard\libc_nano.a(lib_a-mprec.o)
                0x000000000800a798                _Bfree
 .text.__multadd
                0x000000000800a7c6       0x76 c:/st/stm32cubeide_1.3.0/stm32cubeide/plugins/com.st.stm32cube.ide.mcu.externaltools.gnu-tools-for-stm32.7-2018-q2-update.win32_1.0.0.201904181610/tools/bin/../lib/gcc/arm-none-eabi/7.3.1/../../../../arm-none-eabi/lib/thumb/v7e-m/fpv4-sp/hard\libc_nano.a(lib_a-mprec.o)
                0x000000000800a7c6                __multadd
 .text.__hi0bits
                0x000000000800a83c       0x3e c:/st/stm32cubeide_1.3.0/stm32cubeide/plugins/com.st.stm32cube.ide.mcu.externaltools.gnu-tools-for-stm32.7-2018-q2-update.win32_1.0.0.201904181610/tools/bin/../lib/gcc/arm-none-eabi/7.3.1/../../../../arm-none-eabi/lib/thumb/v7e-m/fpv4-sp/hard\libc_nano.a(lib_a-mprec.o)
                0x000000000800a83c                __hi0bits
 .text.__lo0bits
                0x000000000800a87a       0x5e c:/st/stm32cubeide_1.3.0/stm32cubeide/plugins/com.st.stm32cube.ide.mcu.externaltools.gnu-tools-for-stm32.7-2018-q2-update.win32_1.0.0.201904181610/tools/bin/../lib/gcc/arm-none-eabi/7.3.1/../../../../arm-none-eabi/lib/thumb/v7e-m/fpv4-sp/hard\libc_nano.a(lib_a-mprec.o)
                0x000000000800a87a                __lo0bits
 .text.__i2b    0x000000000800a8d8       0x12 c:/st/stm32cubeide_1.3.0/stm32cubeide/plugins/com.st.stm32cube.ide.mcu.externaltools.gnu-tools-for-stm32.7-2018-q2-update.win32_1.0.0.201904181610/tools/bin/../lib/gcc/arm-none-eabi/7.3.1/../../../../arm-none-eabi/lib/thumb/v7e-m/fpv4-sp/hard\libc_nano.a(lib_a-mprec.o)
                0x000000000800a8d8                __i2b
 .text.__multiply
                0x000000000800a8ea      0x12c c:/st/stm32cubeide_1.3.0/stm32cubeide/plugins/com.st.stm32cube.ide.mcu.externaltools.gnu-tools-for-stm32.7-2018-q2-update.win32_1.0.0.201904181610/tools/bin/../lib/gcc/arm-none-eabi/7.3.1/../../../../arm-none-eabi/lib/thumb/v7e-m/fpv4-sp/hard\libc_nano.a(lib_a-mprec.o)
                0x000000000800a8ea                __multiply
 *fill*         0x000000000800aa16        0x2 
 .text.__pow5mult
                0x000000000800aa18       0x9c c:/st/stm32cubeide_1.3.0/stm32cubeide/plugins/com.st.stm32cube.ide.mcu.externaltools.gnu-tools-for-stm32.7-2018-q2-update.win32_1.0.0.201904181610/tools/bin/../lib/gcc/arm-none-eabi/7.3.1/../../../../arm-none-eabi/lib/thumb/v7e-m/fpv4-sp/hard\libc_nano.a(lib_a-mprec.o)
                0x000000000800aa18                __pow5mult
 .text.__lshift
                0x000000000800aab4       0xa8 c:/st/stm32cubeide_1.3.0/stm32cubeide/plugins/com.st.stm32cube.ide.mcu.externaltools.gnu-tools-for-stm32.7-2018-q2-update.win32_1.0.0.201904181610/tools/bin/../lib/gcc/arm-none-eabi/7.3.1/../../../../arm-none-eabi/lib/thumb/v7e-m/fpv4-sp/hard\libc_nano.a(lib_a-mprec.o)
                0x000000000800aab4                __lshift
 .text.__mcmp   0x000000000800ab5c       0x34 c:/st/stm32cubeide_1.3.0/stm32cubeide/plugins/com.st.stm32cube.ide.mcu.externaltools.gnu-tools-for-stm32.7-2018-q2-update.win32_1.0.0.201904181610/tools/bin/../lib/gcc/arm-none-eabi/7.3.1/../../../../arm-none-eabi/lib/thumb/v7e-m/fpv4-sp/hard\libc_nano.a(lib_a-mprec.o)
                0x000000000800ab5c                __mcmp
 .text.__mdiff  0x000000000800ab90       0xba c:/st/stm32cubeide_1.3.0/stm32cubeide/plugins/com.st.stm32cube.ide.mcu.externaltools.gnu-tools-for-stm32.7-2018-q2-update.win32_1.0.0.201904181610/tools/bin/../lib/gcc/arm-none-eabi/7.3.1/../../../../arm-none-eabi/lib/thumb/v7e-m/fpv4-sp/hard\libc_nano.a(lib_a-mprec.o)
                0x000000000800ab90                __mdiff
 .text.__d2b    0x000000000800ac4a       0x9e c:/st/stm32cubeide_1.3.0/stm32cubeide/plugins/com.st.stm32cube.ide.mcu.externaltools.gnu-tools-for-stm32.7-2018-q2-update.win32_1.0.0.201904181610/tools/bin/../lib/gcc/arm-none-eabi/7.3.1/../../../../arm-none-eabi/lib/thumb/v7e-m/fpv4-sp/hard\libc_nano.a(lib_a-mprec.o)
                0x000000000800ac4a                __d2b
 .text._calloc_r
                0x000000000800ace8       0x1c c:/st/stm32cubeide_1.3.0/stm32cubeide/plugins/com.st.stm32cube.ide.mcu.externaltools.gnu-tools-for-stm32.7-2018-q2-update.win32_1.0.0.201904181610/tools/bin/../lib/gcc/arm-none-eabi/7.3.1/../../../../arm-none-eabi/lib/thumb/v7e-m/fpv4-sp/hard\libc_nano.a(lib_a-nano-callocr.o)
                0x000000000800ace8                _calloc_r
 .text.__ssputs_r
                0x000000000800ad04       0xb4 c:/st/stm32cubeide_1.3.0/stm32cubeide/plugins/com.st.stm32cube.ide.mcu.externaltools.gnu-tools-for-stm32.7-2018-q2-update.win32_1.0.0.201904181610/tools/bin/../lib/gcc/arm-none-eabi/7.3.1/../../../../arm-none-eabi/lib/thumb/v7e-m/fpv4-sp/hard\libc_nano.a(lib_a-nano-svfprintf.o)
                0x000000000800ad04                __ssputs_r
 .text._svfprintf_r
                0x000000000800adb8      0x1f0 c:/st/stm32cubeide_1.3.0/stm32cubeide/plugins/com.st.stm32cube.ide.mcu.externaltools.gnu-tools-for-stm32.7-2018-q2-update.win32_1.0.0.201904181610/tools/bin/../lib/gcc/arm-none-eabi/7.3.1/../../../../arm-none-eabi/lib/thumb/v7e-m/fpv4-sp/hard\libc_nano.a(lib_a-nano-svfprintf.o)
                0x000000000800adb8                _svfiprintf_r
                0x000000000800adb8                _svfprintf_r
 .text.__ascii_wctomb
                0x000000000800afa8       0x1a c:/st/stm32cubeide_1.3.0/stm32cubeide/plugins/com.st.stm32cube.ide.mcu.externaltools.gnu-tools-for-stm32.7-2018-q2-update.win32_1.0.0.201904181610/tools/bin/../lib/gcc/arm-none-eabi/7.3.1/../../../../arm-none-eabi/lib/thumb/v7e-m/fpv4-sp/hard\libc_nano.a(lib_a-wctomb_r.o)
                0x000000000800afa8                __ascii_wctomb
 .text.memmove  0x000000000800afc2       0x32 c:/st/stm32cubeide_1.3.0/stm32cubeide/plugins/com.st.stm32cube.ide.mcu.externaltools.gnu-tools-for-stm32.7-2018-q2-update.win32_1.0.0.201904181610/tools/bin/../lib/gcc/arm-none-eabi/7.3.1/../../../../arm-none-eabi/lib/thumb/v7e-m/fpv4-sp/hard\libc_nano.a(lib_a-memmove.o)
                0x000000000800afc2                memmove
 .text._realloc_r
                0x000000000800aff4       0x4c c:/st/stm32cubeide_1.3.0/stm32cubeide/plugins/com.st.stm32cube.ide.mcu.externaltools.gnu-tools-for-stm32.7-2018-q2-update.win32_1.0.0.201904181610/tools/bin/../lib/gcc/arm-none-eabi/7.3.1/../../../../arm-none-eabi/lib/thumb/v7e-m/fpv4-sp/hard\libc_nano.a(lib_a-nano-reallocr.o)
                0x000000000800aff4                _realloc_r
 .text._malloc_usable_size_r
                0x000000000800b040       0x10 c:/st/stm32cubeide_1.3.0/stm32cubeide/plugins/com.st.stm32cube.ide.mcu.externaltools.gnu-tools-for-stm32.7-2018-q2-update.win32_1.0.0.201904181610/tools/bin/../lib/gcc/arm-none-eabi/7.3.1/../../../../arm-none-eabi/lib/thumb/v7e-m/fpv4-sp/hard\libc_nano.a(lib_a-nano-msizer.o)
                0x000000000800b040                _malloc_usable_size_r
 *(.glue_7)
 .glue_7        0x000000000800b050        0x0 linker stubs
 *(.glue_7t)
 .glue_7t       0x000000000800b050        0x0 linker stubs
 *(.eh_frame)
 .eh_frame      0x000000000800b050        0x0 c:/st/stm32cubeide_1.3.0/stm32cubeide/plugins/com.st.stm32cube.ide.mcu.externaltools.gnu-tools-for-stm32.7-2018-q2-update.win32_1.0.0.201904181610/tools/bin/../lib/gcc/arm-none-eabi/7.3.1/thumb/v7e-m/fpv4-sp/hard/crtbegin.o
 *(.init)
 .init          0x000000000800b050        0x4 c:/st/stm32cubeide_1.3.0/stm32cubeide/plugins/com.st.stm32cube.ide.mcu.externaltools.gnu-tools-for-stm32.7-2018-q2-update.win32_1.0.0.201904181610/tools/bin/../lib/gcc/arm-none-eabi/7.3.1/thumb/v7e-m/fpv4-sp/hard/crti.o
                0x000000000800b050                _init
 .init          0x000000000800b054        0x8 c:/st/stm32cubeide_1.3.0/stm32cubeide/plugins/com.st.stm32cube.ide.mcu.externaltools.gnu-tools-for-stm32.7-2018-q2-update.win32_1.0.0.201904181610/tools/bin/../lib/gcc/arm-none-eabi/7.3.1/thumb/v7e-m/fpv4-sp/hard/crtn.o
 *(.fini)
 .fini          0x000000000800b05c        0x4 c:/st/stm32cubeide_1.3.0/stm32cubeide/plugins/com.st.stm32cube.ide.mcu.externaltools.gnu-tools-for-stm32.7-2018-q2-update.win32_1.0.0.201904181610/tools/bin/../lib/gcc/arm-none-eabi/7.3.1/thumb/v7e-m/fpv4-sp/hard/crti.o
                0x000000000800b05c                _fini
 .fini          0x000000000800b060        0x8 c:/st/stm32cubeide_1.3.0/stm32cubeide/plugins/com.st.stm32cube.ide.mcu.externaltools.gnu-tools-for-stm32.7-2018-q2-update.win32_1.0.0.201904181610/tools/bin/../lib/gcc/arm-none-eabi/7.3.1/thumb/v7e-m/fpv4-sp/hard/crtn.o
                0x000000000800b068                . = ALIGN (0x4)
                0x000000000800b068                _etext = .

.vfp11_veneer   0x000000000800b068        0x0
 .vfp11_veneer  0x000000000800b068        0x0 linker stubs

.v4_bx          0x000000000800b068        0x0
 .v4_bx         0x000000000800b068        0x0 linker stubs

.iplt           0x000000000800b068        0x0
 .iplt          0x000000000800b068        0x0 c:/st/stm32cubeide_1.3.0/stm32cubeide/plugins/com.st.stm32cube.ide.mcu.externaltools.gnu-tools-for-stm32.7-2018-q2-update.win32_1.0.0.201904181610/tools/bin/../lib/gcc/arm-none-eabi/7.3.1/thumb/v7e-m/fpv4-sp/hard/crtbegin.o

.rodata         0x000000000800b068      0xba8
                0x000000000800b068                . = ALIGN (0x4)
 *(.rodata)
 .rodata        0x000000000800b068       0x2c Src/freertos.o
 *(.rodata*)
 .rodata.HAL_NVIC_SetPriorityGrouping.str1.1
                0x000000000800b094       0x3b Drivers/STM32F4xx_HAL_Driver/Src/stm32f4xx_hal_cortex.o
 .rodata.HAL_CRC_Init.str1.1
                0x000000000800b0cf       0x38 Drivers/STM32F4xx_HAL_Driver/Src/stm32f4xx_hal_crc.o
 .rodata.HAL_DMA_Init.str1.1
                0x000000000800b107       0x38 Drivers/STM32F4xx_HAL_Driver/Src/stm32f4xx_hal_dma.o
 .rodata.flagBitshiftOffset.8468
                0x000000000800b13f        0x8 Drivers/STM32F4xx_HAL_Driver/Src/stm32f4xx_hal_dma.o
 .rodata.FLASH_Program_Byte.str1.1
                0x000000000800b147       0x3a Drivers/STM32F4xx_HAL_Driver/Src/stm32f4xx_hal_flash.o
 .rodata.FLASH_MassErase.str1.1
                0x000000000800b181       0x3d Drivers/STM32F4xx_HAL_Driver/Src/stm32f4xx_hal_flash_ex.o
 .rodata.HAL_GPIO_Init.str1.1
                0x000000000800b1be       0x39 Drivers/STM32F4xx_HAL_Driver/Src/stm32f4xx_hal_gpio.o
 .rodata.HAL_I2C_Init.str1.1
                0x000000000800b1f7       0x38 Drivers/STM32F4xx_HAL_Driver/Src/stm32f4xx_hal_i2c.o
 .rodata.HAL_PWR_ConfigPVD.str1.1
                0x000000000800b22f       0x38 Drivers/STM32F4xx_HAL_Driver/Src/stm32f4xx_hal_pwr.o
 .rodata.HAL_RCC_OscConfig.str1.1
                0x000000000800b267       0x38 Drivers/STM32F4xx_HAL_Driver/Src/stm32f4xx_hal_rcc.o
 .rodata.HAL_RCCEx_PeriphCLKConfig.str1.1
                0x000000000800b29f       0x3b Drivers/STM32F4xx_HAL_Driver/Src/stm32f4xx_hal_rcc_ex.o
 .rodata.HAL_RTC_DeactivateAlarm.str1.1
                0x000000000800b2da       0x38 Drivers/STM32F4xx_HAL_Driver/Src/stm32f4xx_hal_rtc.o
 .rodata.HAL_RTCEx_SetTimeStamp.str1.1
                0x000000000800b312       0x3b Drivers/STM32F4xx_HAL_Driver/Src/stm32f4xx_hal_rtc_ex.o
 .rodata.TIM_OC1_SetConfig.str1.1
                0x000000000800b34d       0x38 Drivers/STM32F4xx_HAL_Driver/Src/stm32f4xx_hal_tim.o
 .rodata.HAL_TIMEx_HallSensor_Init.str1.1
                0x000000000800b385       0x3b Drivers/STM32F4xx_HAL_Driver/Src/stm32f4xx_hal_tim_ex.o
 .rodata.UART_SetConfig.str1.1
                0x000000000800b3c0       0x39 Drivers/STM32F4xx_HAL_Driver/Src/stm32f4xx_hal_uart.o
 .rodata.osTimerCreate.str1.1
                0x000000000800b3f9       0x39 Middlewares/Third_Party/FreeRTOS/Source/CMSIS_RTOS/cmsis_os.o
                                          0x1 (size before relaxing)