Commands.c:26:6:pingCallback	0	static
Commands.c:31:6:getVersionCallback	0	static
Commands.c:36:6:pwmStartCallback	0	static
Commands.c:41:6:pwmStopCallback	0	static
Commands.c:46:6:pwmDcCallback	8	static
Commands.c:59:6:crcWholeFlashCalcCallback	24	static
Commands.c:72:6:iwdgTestCallback	0	static
Commands.c:79:6:flashLockCallback	40	static
Commands.c:129:6:setSNCallback	16	static
Commands.c:146:6:getSNCallback	24	static
Commands.c:158:6:startTickCallback	48	static
Commands.c:180:6:stopTickCallback	0	static
Commands.c:185:6:assert0Callback	0	static
Commands.c:190:6:clearAssertFlagCallback	0	static
Commands.c:195:6:lsm6dslPerSampleEnableCallback	0	static
Commands.c:200:6:lsm6dslFifoEnableCallback	0	static
Commands.c:205:6:lsm6dslDisableCallback	0	static
Commands.c:210:6:enterStopModeCallback	0	static
Commands.c:215:6:enterStandbyModeCallback	0	static
