command.c:184:6:COMMAND_iwdgTestCallback	0	static
command.c:142:6:COMMAND_pingCallback	0	static
command.c:147:6:COMMAND_getVersionCallback	0	static
command.c:152:6:COMMAND_pwmStartCallback	0	static
command.c:157:6:COMMAND_pwmStopCallback	0	static
command.c:162:6:COMMAND_pwmDcCallback	8	static
command.c:171:6:COMMAND_crcWholeFlashCalcCallback	24	static
command.c:241:6:COMMAND_setSNCallback	16	static
command.c:254:6:COMMAND_getSNCallback	24	static
command.c:266:6:COMMAND_startTickCallback	48	static
command.c:288:6:COMMAND_stopTickCallback	0	static
command.c:293:6:COMMAND_assert0Callback	0	static
command.c:298:6:COMMAND_clearAssertFlagCallback	0	static
command.c:303:6:COMMAND_lsm6dslPerSampleEnableCallback	0	static
command.c:308:6:COMMAND_lsm6dslFifoEnableCallback	0	static
command.c:313:6:COMMAND_lsm6dslDisableCallback	0	static
command.c:318:6:COMMAND_enterStopModeCallback	8	static
command.c:325:6:COMMAND_enterStandbyModeCallback	0	static
command.c:330:6:COMMAND_startOsTimerCallback	0	static
command.c:335:6:COMMAND_stopOsTimerCallback	0	static
command.c:191:6:COMMAND_flashLockCallback	40	static
command.c:129:6:COMMAND_findAndExecuteCommand	24	static
