Commands.c:13:6:pingCallback	0	static
Commands.c:18:6:getVersionCallback	0	static
Commands.c:23:6:pwmStartCallback	0	static
Commands.c:28:6:pwmStopCallback	0	static
Commands.c:33:6:pwmDcCallback	8	static
Commands.c:46:6:crcWholeFlashCalcCallback	24	static
Commands.c:59:6:iwdgTestCallback	0	static
Commands.c:66:6:flashLockCallback	40	static
Commands.c:116:6:setSNCallback	16	static
Commands.c:133:6:getSNCallback	24	static
Commands.c:145:6:startTickCallback	48	static
Commands.c:167:6:stopTickCallback	0	static
Commands.c:172:6:assert0Callback	0	static
Commands.c:177:6:clearAssertFlagCallback	0	static
Commands.c:182:6:lsm6dslPerSampleEnableCallback	0	static
Commands.c:187:6:lsm6dslFifoEnableCallback	0	static
Commands.c:192:6:lsm6dslDisableCallback	0	static
Commands.c:197:6:enterStopModeCallback	0	static
Commands.c:202:6:enterStandbyModeCallback	0	static
