lsm6dsl.c:57:9:LSM6DSL_write	24	static
lsm6dsl.c:63:9:LSM6DSL_read	24	static
lsm6dsl.c:69:6:LSM6DSL_init	24	static
lsm6dsl.c:119:6:LSM6DSL_perSampleInit	16	static
lsm6dsl.c:152:6:LSM6DSL_perSampleProcess	56	static
lsm6dsl.c:189:6:LSM6DSL_perSampleDisable	16	static
lsm6dsl.c:303:6:LSM6DSL_FIFO_Acc_And_Gyro_Read_Single_SAMPLE	0	static
lsm6dsl.c:314:6:LSM6DSL_FIFO_Calc_Acc_Gyro_Avg_And_Print	64	static
lsm6dsl.c:264:6:LSM6DSL_FIFO_Read_All_Data	40	static
lsm6dsl.c:253:6:LSM6DSL_FIFO_Process	0	static
lsm6dsl.c:45:6:LSM6DSL_ProcessHanlder	0	static
lsm6dsl.c:338:6:LSM6DSL_FIFO_Set_FIFO_Mode	16	static
lsm6dsl.c:347:6:LSM6DSL_FIFO_Set_Bypass_Mode	16	static
lsm6dsl.c:358:6:LSM6DSL_FIFO_Interrupt_Enable	16	static
lsm6dsl.c:201:6:LSM6DSL_FIFO_Init	24	static
lsm6dsl.c:368:6:LSM6DSL_FIFO_Interrupt_Disable	16	static
lsm6dsl.c:258:6:LSM6DSL_FIFO_Disable	8	static
lsm6dsl.c:377:6:LSM6DSL_Mode_Disable	8	static
lsm6dsl.c:384:6:LSM6DSL_getInterruptFlag	0	static
lsm6dsl.c:389:6:LSM6DSL_setInterruptFlagOn	0	static
lsm6dsl.c:394:6:LSM6DSL_setInterruptFlagOff	0	static
