lsm6dsl.c:29:9:LSM6DSL_write	24	static
lsm6dsl.c:35:9:LSM6DSL_read	24	static
lsm6dsl.c:41:6:LSM6DSL_init	24	static
lsm6dsl.c:91:6:LSM6DSL_perSampleInit	16	static
lsm6dsl.c:124:6:LSM6DSL_perSampleProcess	56	static
lsm6dsl.c:161:6:LSM6DSL_perSampleDisable	16	static
lsm6dsl.c:275:6:LSM6DSL_FIFO_Acc_And_Gyro_Read_Single_SAMPLE	0	static
lsm6dsl.c:286:6:LSM6DSL_FIFO_Calc_Acc_Gyro_Avg_And_Print	64	static
lsm6dsl.c:236:6:LSM6DSL_FIFO_Read_All_Data	40	static
lsm6dsl.c:225:6:LSM6DSL_FIFO_Process	0	static
lsm6dsl.c:17:6:LSM6DSL_ProcessHanlder	0	static
lsm6dsl.c:310:6:LSM6DSL_FIFO_Set_FIFO_Mode	16	static
lsm6dsl.c:319:6:LSM6DSL_FIFO_Set_Bypass_Mode	16	static
lsm6dsl.c:330:6:LSM6DSL_FIFO_Interrupt_Enable	16	static
lsm6dsl.c:173:6:LSM6DSL_FIFO_Init	24	static
lsm6dsl.c:340:6:LSM6DSL_FIFO_Interrupt_Disable	16	static
lsm6dsl.c:230:6:LSM6DSL_FIFO_Disable	8	static
lsm6dsl.c:349:6:LSM6DSL_Mode_Disable	8	static
