system_debug.c:70:6:SYSTEM_DEBUG_assertRecord	16	static,ignoring_inline_asm
system_debug.c:86:6:SYSTEM_DEBUG_assertMsgPrint	112	static
system_debug.c:96:6:SYSTEM_DEBUG_assertResetFlag	0	static
system_debug.c:110:15:SYSTEM_DEBUG_resetCauseGet	0	static
system_debug.c:101:6:SYSTEM_DEBUG_printResetCause	112	static
system_debug.c:152:14:SYSTEM_DEBUG_resetCauseGetName	0	static
system_debug.c:187:6:SYSTEM_DEBUG_enterSleepMode	8	static
system_debug.c:199:6:SYSTEM_DEBUG_enterStopMode	16	static
system_debug.c:226:6:SYSTEM_DEBUG_enterStandbyMode	8	static
system_debug.c:257:6:SYSTEM_DEBUG_wakeupStandbyMode	8	static
