Types.h:40:6:bufferInit	24	static
main.c:86:5:main	8	static
main.c:140:6:SystemClock_Config	112	static
main.c:192:13:MX_CRC_Init	8	static
main.c:218:13:MX_RTC_Init	72	static
main.c:304:13:MX_TIM3_Init	64	static
main.c:363:13:MX_USART2_UART_Init	8	static
main.c:396:13:MX_GPIO_Init	32	static
main.c:416:6:HAL_UART_RxCpltCallback	16	static
main.c:442:6:whichCommand	16	static
main.c:455:6:ping_callBack	16	static
main.c:461:6:version_callback	16	static
main.c:466:6:pwm_start_callback	16	static
main.c:472:6:pwm_stop_callback	16	static
main.c:478:6:pwm_dc_callback	32	static
main.c:491:6:crcWholeFlashCalc	56	dynamic
main.c:580:6:HAL_RTC_AlarmAEventCallback	16	static
main.c:601:6:HAL_TIM_PeriodElapsedCallback	16	static
main.c:618:6:Error_Handler	4	static
