main.c:99:5:main	8	static
main.c:173:6:SystemClock_Config	112	static
main.c:220:13:MX_CRC_Init	8	static
main.c:241:6:MX_RTC_Init	72	static
main.c:322:13:MX_TIM3_Init	64	static
main.c:376:13:MX_USART2_UART_Init	8	static
main.c:438:13:MX_DMA_Init	16	static
main.c:453:13:MX_GPIO_Init	40	static
main.c:474:6:HAL_UART_TxCpltCallback	16	static
main.c:483:6:HAL_UART_RxCpltCallback	16	static
main.c:518:6:HAL_RTC_AlarmAEventCallback	16	static
main.c:528:6:whichCommand	16	static
main.c:542:19:WRP_sector_enable	48	static
main.c:607:19:WRP_sector_disable	48	static
main.c:672:6:uart_print	16	static
main.c:705:6:HAL_TIM_PeriodElapsedCallback	16	static
main.c:718:6:Error_Handler	8	static
