main.c:104:5:main	8	static
main.c:184:6:SystemClock_Config	112	static
main.c:238:13:MX_CRC_Init	8	static
main.c:265:13:MX_IWDG_Init	8	static
main.c:301:6:MX_RTC_Init	72	static
main.c:387:13:MX_TIM3_Init	64	static
main.c:446:13:MX_USART2_UART_Init	8	static
main.c:477:13:MX_DMA_Init	16	static
main.c:498:13:MX_GPIO_Init	40	static
main.c:520:6:HAL_UART_TxCpltCallback	16	static
main.c:529:6:HAL_UART_RxCpltCallback	16	static
main.c:564:6:HAL_RTC_AlarmAEventCallback	16	static
main.c:574:6:whichCommand	16	static
main.c:588:19:WRP_sector_enable	48	static
main.c:653:19:WRP_sector_disable	48	static
main.c:718:6:uart_print	16	static
main.c:730:6:kickDog	8	static
main.c:745:6:HAL_TIM_PeriodElapsedCallback	16	static
main.c:762:6:Error_Handler	8	static
main.c:779:6:assert_failed	24	static
