Types.h:40:6:bufferInit	24	static
main.c:87:5:main	8	static
main.c:143:6:SystemClock_Config	112	static
main.c:195:13:MX_CRC_Init	8	static
main.c:221:13:MX_RTC_Init	72	static
main.c:307:13:MX_TIM3_Init	64	static
main.c:366:13:MX_USART2_UART_Init	8	static
main.c:397:13:MX_DMA_Init	16	static
main.c:415:13:MX_GPIO_Init	32	static
main.c:435:6:HAL_UART_RxCpltCallback	16	static
main.c:462:6:whichCommand	16	static
main.c:475:6:ping_callBack	16	static
main.c:481:6:version_callback	16	static
main.c:486:6:pwm_start_callback	16	static
main.c:492:6:pwm_stop_callback	16	static
main.c:498:6:pwm_dc_callback	24	static
main.c:515:6:crc_whole_flash_calc_callback	32	static
main.c:566:6:HAL_RTC_AlarmAEventCallback	16	static
main.c:585:6:HAL_TIM_PeriodElapsedCallback	16	static
main.c:602:6:Error_Handler	4	static
