main.c:99:5:main	8	static
main.c:175:6:SystemClock_Config	112	static
main.c:229:13:MX_CRC_Init	8	static
main.c:255:13:MX_IWDG_Init	8	static
main.c:291:6:MX_RTC_Init	72	static
main.c:377:13:MX_TIM3_Init	64	static
main.c:436:13:MX_USART2_UART_Init	8	static
main.c:467:13:MX_DMA_Init	16	static
main.c:488:13:MX_GPIO_Init	40	static
main.c:510:6:HAL_UART_TxCpltCallback	16	static
main.c:519:6:HAL_UART_RxCpltCallback	16	static
main.c:554:6:HAL_RTC_AlarmAEventCallback	16	static
main.c:564:6:whichCommand	16	static
main.c:578:19:WRP_sector_enable	48	static
main.c:643:19:WRP_sector_disable	48	static
main.c:708:6:uart_print	16	static
main.c:720:6:kickDog	8	static
main.c:735:6:HAL_TIM_PeriodElapsedCallback	16	static
main.c:752:6:Error_Handler	8	static
