core_cm4.h:1939:34:__NVIC_SystemReset	4	static,ignoring_inline_asm
main.c:102:5:main	16	static
main.c:183:6:SystemClock_Config	112	static
main.c:237:13:MX_CRC_Init	8	static
main.c:300:6:MX_RTC_Init	72	static
main.c:386:13:MX_TIM3_Init	64	static
main.c:445:13:MX_USART2_UART_Init	8	static
main.c:476:13:MX_DMA_Init	16	static
main.c:497:13:MX_GPIO_Init	40	static
main.c:519:6:HAL_UART_TxCpltCallback	16	static
main.c:528:6:HAL_UART_RxCpltCallback	16	static
main.c:563:6:HAL_RTC_AlarmAEventCallback	16	static
main.c:573:6:whichCommand	16	static
main.c:587:19:WRP_sector_enable	48	static
main.c:652:19:WRP_sector_disable	48	static
main.c:717:6:uart_print	16	static
main.c:740:6:Error_Handler	8	static
main.c:757:6:assert_failed	24	static
