Buffer.h:18:6:bufferInit	24	static
main.c:102:5:main	8	static
main.c:175:6:SystemClock_Config	112	static
main.c:222:13:MX_CRC_Init	8	static
main.c:243:13:MX_RTC_Init	72	static
main.c:324:13:MX_TIM3_Init	64	static
main.c:378:13:MX_USART2_UART_Init	8	static
main.c:440:13:MX_DMA_Init	16	static
main.c:455:13:MX_GPIO_Init	40	static
main.c:476:6:HAL_UART_TxCpltCallback	16	static
main.c:485:6:HAL_UART_RxCpltCallback	16	static
main.c:520:6:HAL_RTC_AlarmAEventCallback	16	static
main.c:530:6:whichCommand	16	static
main.c:544:6:ping_callBack	16	static
main.c:549:6:version_callback	16	static
main.c:554:6:pwm_start_callback	16	static
main.c:560:6:pwm_stop_callback	16	static
main.c:566:6:pwm_dc_callback	24	static
main.c:580:6:crc_whole_flash_calc_callback	32	static
main.c:626:6:wwdg_test_callback	16	static
main.c:632:6:flash_lock_callback	48	static
main.c:686:6:set_SN_callback	24	static
main.c:703:6:get_SN_callback	24	static
main.c:713:19:WRP_sector_enable	48	static
main.c:778:19:WRP_sector_disable	48	static
main.c:843:6:uart_print	16	static
main.c:876:6:HAL_TIM_PeriodElapsedCallback	16	static
main.c:889:6:Error_Handler	8	static
