Types.h:29:6:bufferInit	24	static
main.c:90:5:main	8	static
main.c:148:6:SystemClock_Config	112	static
main.c:200:13:MX_CRC_Init	8	static
main.c:226:13:MX_RTC_Init	72	static
main.c:312:13:MX_TIM3_Init	64	static
main.c:371:13:MX_USART2_UART_Init	8	static
main.c:404:13:MX_WWDG_Init	4	static
main.c:435:13:MX_DMA_Init	16	static
main.c:456:13:MX_GPIO_Init	40	static
main.c:478:6:HAL_UART_TxCpltCallback	16	static
main.c:488:6:HAL_UART_RxCpltCallback	16	static
main.c:517:6:whichCommand	16	static
main.c:531:6:ping_callBack	16	static
main.c:536:6:version_callback	16	static
main.c:541:6:pwm_start_callback	16	static
main.c:547:6:pwm_stop_callback	16	static
main.c:553:6:pwm_dc_callback	24	static
main.c:567:6:crc_whole_flash_calc_callback	32	static
main.c:613:6:wwdg_test_callback	16	static
main.c:619:6:flash_lock_callback	48	static
main.c:669:6:HAL_RTC_AlarmAEventCallback	16	static
main.c:679:6:uart_print	16	static
main.c:689:6:kickDog	8	static
main.c:709:6:HAL_TIM_PeriodElapsedCallback	16	static
main.c:726:6:Error_Handler	8	static
