Types.h:40:6:bufferInit	24	static
main.c:85:5:main	8	static
main.c:145:6:SystemClock_Config	112	static
main.c:197:13:MX_CRC_Init	8	static
main.c:223:13:MX_RTC_Init	72	static
main.c:309:13:MX_TIM3_Init	64	static
main.c:368:13:MX_USART2_UART_Init	8	static
main.c:399:13:MX_DMA_Init	16	static
main.c:420:13:MX_GPIO_Init	40	static
main.c:442:6:HAL_UART_TxCpltCallback	16	static
main.c:453:6:HAL_UART_RxCpltCallback	16	static
main.c:481:6:whichCommand	16	static
main.c:494:6:ping_callBack	16	static
main.c:505:6:version_callback	16	static
main.c:515:6:pwm_start_callback	16	static
main.c:526:6:pwm_stop_callback	16	static
main.c:537:6:pwm_dc_callback	24	static
main.c:554:6:crc_whole_flash_calc_callback	40	static
main.c:614:6:HAL_RTC_AlarmAEventCallback	16	static
main.c:639:6:HAL_TIM_PeriodElapsedCallback	16	static
main.c:656:6:Error_Handler	4	static
