Types.h:29:6:bufferInit	24	static
main.c:86:5:main	8	static
main.c:145:6:SystemClock_Config	112	static
main.c:197:13:MX_CRC_Init	8	static
main.c:223:13:MX_RTC_Init	72	static
main.c:309:13:MX_TIM3_Init	64	static
main.c:368:13:MX_USART2_UART_Init	8	static
main.c:399:13:MX_DMA_Init	16	static
main.c:420:13:MX_GPIO_Init	40	static
main.c:442:6:HAL_UART_TxCpltCallback	16	static
main.c:453:6:HAL_UART_RxCpltCallback	16	static
main.c:482:6:whichCommand	16	static
main.c:496:6:ping_callBack	16	static
main.c:507:6:version_callback	16	static
main.c:518:6:pwm_start_callback	16	static
main.c:530:6:pwm_stop_callback	16	static
main.c:542:6:pwm_dc_callback	24	static
main.c:567:6:crc_whole_flash_calc_callback	32	static
main.c:620:6:HAL_RTC_AlarmAEventCallback	16	static
main.c:639:6:uart_print	16	static
main.c:659:6:HAL_TIM_PeriodElapsedCallback	16	static
main.c:676:6:Error_Handler	4	static
