Types.h:28:6:bufferInit	24	static
main.c:100:5:main	8	static
main.c:172:6:SystemClock_Config	112	static
main.c:219:13:MX_CRC_Init	8	static
main.c:240:13:MX_RTC_Init	72	static
main.c:321:13:MX_TIM3_Init	64	static
main.c:375:13:MX_USART2_UART_Init	8	static
main.c:437:13:MX_DMA_Init	16	static
main.c:452:13:MX_GPIO_Init	40	static
main.c:473:6:HAL_UART_TxCpltCallback	16	static
main.c:482:6:HAL_UART_RxCpltCallback	16	static
main.c:517:6:HAL_RTC_AlarmAEventCallback	16	static
main.c:527:6:whichCommand	16	static
main.c:541:6:ping_callBack	16	static
main.c:546:6:version_callback	16	static
main.c:551:6:pwm_start_callback	16	static
main.c:557:6:pwm_stop_callback	16	static
main.c:563:6:pwm_dc_callback	24	static
main.c:577:6:crc_whole_flash_calc_callback	32	static
main.c:623:6:wwdg_test_callback	16	static
main.c:629:6:flash_lock_callback	48	static
main.c:683:6:set_SN_callback	24	static
main.c:700:6:get_SN_callback	24	static
main.c:710:19:WRP_sector_enable	48	static
main.c:775:19:WRP_sector_disable	48	static
main.c:840:6:uart_print	16	static
main.c:873:6:HAL_TIM_PeriodElapsedCallback	16	static
main.c:886:6:Error_Handler	8	static
