core_cm4.h:1939:34:__NVIC_SystemReset	4	static,ignoring_inline_asm
main.c:103:5:main	16	static
main.c:183:6:SystemClock_Config	112	static
main.c:237:13:MX_CRC_Init	8	static
main.c:263:13:MX_I2C1_Init	8	static
main.c:298:13:MX_IWDG_Init	8	static
main.c:334:6:MX_RTC_Init	72	static
main.c:420:13:MX_TIM3_Init	64	static
main.c:479:13:MX_USART2_UART_Init	8	static
main.c:510:13:MX_DMA_Init	16	static
main.c:531:13:MX_GPIO_Init	40	static
main.c:564:6:HAL_UART_TxCpltCallback	16	static
main.c:573:6:HAL_UART_RxCpltCallback	16	static
main.c:609:6:HAL_GPIO_EXTI_Callback	16	static
main.c:623:6:HAL_RTC_AlarmAEventCallback	16	static
main.c:633:6:uart_rx_ready_command_handler	8	static
main.c:641:6:whichCommand	16	static
main.c:656:19:WRP_sector_enable	48	static
main.c:721:19:WRP_sector_disable	48	static
main.c:786:6:uart_print	32	static
main.c:812:6:kickDog	8	static
main.c:823:6:Error_Handler	8	static
main.c:840:6:assert_failed	24	static
