Types.h:28:6:bufferInit	24	static
main.c:98:5:main	8	static
main.c:171:6:SystemClock_Config	112	static
main.c:218:13:MX_CRC_Init	8	static
main.c:239:13:MX_RTC_Init	72	static
main.c:320:13:MX_TIM3_Init	64	static
main.c:374:13:MX_USART2_UART_Init	8	static
main.c:436:13:MX_DMA_Init	16	static
main.c:451:13:MX_GPIO_Init	40	static
main.c:472:6:HAL_UART_TxCpltCallback	16	static
main.c:481:6:HAL_UART_RxCpltCallback	16	static
main.c:516:6:whichCommand	16	static
main.c:530:6:ping_callBack	16	static
main.c:535:6:version_callback	16	static
main.c:540:6:pwm_start_callback	16	static
main.c:546:6:pwm_stop_callback	16	static
main.c:552:6:pwm_dc_callback	24	static
main.c:566:6:crc_whole_flash_calc_callback	32	static
main.c:612:6:wwdg_test_callback	16	static
main.c:618:6:flash_lock_callback	48	static
main.c:668:6:HAL_RTC_AlarmAEventCallback	16	static
main.c:678:6:uart_print	16	static
main.c:688:6:kickDog	8	static
main.c:708:6:HAL_TIM_PeriodElapsedCallback	16	static
main.c:721:6:Error_Handler	8	static
