Types.h:34:6:bufferInit	24	static
main.c:88:5:main	8	static
main.c:149:6:SystemClock_Config	112	static
main.c:201:13:MX_CRC_Init	8	static
main.c:227:13:MX_RTC_Init	72	static
main.c:313:13:MX_TIM3_Init	64	static
main.c:372:13:MX_USART2_UART_Init	8	static
main.c:403:13:MX_DMA_Init	16	static
main.c:424:13:MX_GPIO_Init	40	static
main.c:447:6:HAL_UART_TxCpltCallback	16	static
main.c:458:6:HAL_UART_RxCpltCallback	16	static
main.c:486:6:whichCommand	16	static
main.c:499:6:ping_callBack	16	static
main.c:510:6:version_callback	16	static
main.c:520:6:pwm_start_callback	16	static
main.c:531:6:pwm_stop_callback	16	static
main.c:542:6:pwm_dc_callback	24	static
main.c:559:6:crc_whole_flash_calc_callback	32	static
main.c:615:6:HAL_RTC_AlarmAEventCallback	16	static
main.c:640:6:HAL_TIM_PeriodElapsedCallback	16	static
main.c:657:6:Error_Handler	4	static
