Types.h:40:6:bufferInit	24	static
main.c:86:5:main	8	static
main.c:139:6:SystemClock_Config	112	static
main.c:191:13:MX_CRC_Init	8	static
main.c:217:13:MX_RTC_Init	72	static
main.c:303:13:MX_TIM3_Init	64	static
main.c:362:13:MX_USART2_UART_Init	8	static
main.c:395:13:MX_GPIO_Init	32	static
main.c:415:6:HAL_UART_RxCpltCallback	16	static
main.c:441:6:whichCommand	16	static
main.c:454:6:ping_callBack	16	static
main.c:460:6:version_callback	16	static
main.c:465:6:pwm_start_callback	16	static
main.c:471:6:pwm_stop_callback	16	static
main.c:477:6:pwm_dc_callback	32	static
main.c:490:6:crc_whole_flash_calc_callback	56	dynamic
main.c:508:6:crc_whole_flash_print_callback	32	static
main.c:522:6:HAL_RTC_AlarmAEventCallback	16	static
main.c:543:6:HAL_TIM_PeriodElapsedCallback	16	static
main.c:560:6:Error_Handler	4	static
