Types.h:36:6:bufferInit	24	static
main.c:84:5:main	8	static
main.c:146:6:SystemClock_Config	112	static
main.c:198:13:MX_CRC_Init	8	static
main.c:224:13:MX_RTC_Init	72	static
main.c:304:13:MX_TIM3_Init	64	static
main.c:363:13:MX_USART2_UART_Init	8	static
main.c:396:13:MX_GPIO_Init	32	static
main.c:416:6:HAL_UART_RxCpltCallback	16	static
main.c:442:6:whichCommand	24	static
main.c:480:6:ping_callBack	16	static
main.c:485:6:version_callback	16	static
main.c:490:6:pwm_start_callback	16	static
main.c:495:6:pwm_stop_callback	16	static
main.c:500:6:pwm_dc_callback	16	static
main.c:505:6:HAL_RTC_AlarmAEventCallback	16	static
main.c:526:6:HAL_TIM_PeriodElapsedCallback	16	static
main.c:543:6:Error_Handler	4	static
