core_cm4.h:1939:34:__NVIC_SystemReset	4	static,ignoring_inline_asm
main.c:101:5:main	16	static
main.c:180:6:SystemClock_Config	112	static
main.c:234:13:MX_CRC_Init	8	static
main.c:260:13:MX_I2C1_Init	8	static
main.c:294:13:MX_IWDG_Init	8	static
main.c:330:6:MX_RTC_Init	72	static
main.c:416:13:MX_TIM3_Init	64	static
main.c:475:13:MX_USART2_UART_Init	8	static
main.c:506:13:MX_DMA_Init	16	static
main.c:527:13:MX_GPIO_Init	40	static
main.c:550:6:HAL_UART_TxCpltCallback	16	static
main.c:559:6:HAL_UART_RxCpltCallback	16	static
main.c:594:6:HAL_RTC_AlarmAEventCallback	16	static
main.c:604:6:whichCommand	16	static
main.c:618:19:WRP_sector_enable	48	static
main.c:683:19:WRP_sector_disable	48	static
main.c:748:6:uart_print	24	static
main.c:760:6:kickDog	8	static
main.c:771:6:Error_Handler	8	static
main.c:788:6:assert_failed	24	static
