core_cm4.h:1939:34:__NVIC_SystemReset	4	static,ignoring_inline_asm
main.c:100:5:main	112	static
main.c:179:6:SystemClock_Config	112	static
main.c:233:13:MX_CRC_Init	8	static
main.c:259:13:MX_I2C1_Init	8	static
main.c:294:13:MX_IWDG_Init	8	static
main.c:330:6:MX_RTC_Init	72	static
main.c:416:13:MX_TIM3_Init	64	static
main.c:475:13:MX_USART2_UART_Init	8	static
main.c:506:13:MX_DMA_Init	16	static
main.c:527:13:MX_GPIO_Init	40	static
main.c:560:6:HAL_UART_TxCpltCallback	16	static
main.c:570:6:HAL_UART_RxCpltCallback	16	static
main.c:606:6:HAL_GPIO_EXTI_Callback	16	static
main.c:617:6:HAL_RTC_AlarmAEventCallback	16	static
main.c:627:6:uart_rx_ready_command_handler	8	static
main.c:635:6:whichCommand	16	static
main.c:652:6:uart_print	16	static
main.c:666:6:kickDog	8	static
main.c:677:6:Error_Handler	8	static
main.c:694:6:assert_failed	24	static
