22:41:39 **** Incremental Build of configuration Debug for project MyProject ****
make -j8 all 
arm-none-eabi-gcc "../Src/MY_FLASH.c" -mcpu=cortex-m4 -std=gnu11 -g3 -DUSE_HAL_DRIVER -DSTM32F411xE -DDEBUG -c -I../Inc -I../Drivers/CMSIS/Include -I../Drivers/STM32F4xx_HAL_Driver/Inc -I../Drivers/CMSIS/Device/ST/STM32F4xx/Include -I../Drivers/STM32F4xx_HAL_Driver/Inc/Legacy -O0 -ffunction-sections -fdata-sections -Wall -fstack-usage -MMD -MP -MF"Src/MY_FLASH.d" -MT"Src/MY_FLASH.o" --specs=nano.specs -mfpu=fpv4-sp-d16 -mfloat-abi=hard -mthumb -o "Src/MY_FLASH.o"
arm-none-eabi-gcc -o "MyProject.elf" @"objects.list"   -mcpu=cortex-m4 -T"C:\Users\ADMIN\Documents\GitHub\MyProject\MyProject\STM32F411RETX_FLASH.ld" --specs=nosys.specs -Wl,-Map="MyProject.map" -Wl,--gc-sections -static --specs=nano.specs -mfpu=fpv4-sp-d16 -mfloat-abi=hard -mthumb -u _printf_float -Wl,--start-group -lc -lm -Wl,--end-group
Finished building target: MyProject.elf
 
arm-none-eabi-objdump -h -S  MyProject.elf  > "MyProject.list"
arm-none-eabi-objcopy  -O binary  MyProject.elf  "MyProject.bin"
arm-none-eabi-size   MyProject.elf 
   text	   data	    bss	    dec	    hex	filename
  53052	    484	   2416	  55952	   da90	MyProject.elf
Finished building: default.size.stdout
Finished building: MyProject.bin
 
 
Finished building: MyProject.list
 
22:41:44 **** Incremental Build of configuration Debug for project MyProject ****
make -j8 all 
arm-none-eabi-size   MyProject.elf 
   text	   data	    bss	    dec	    hex	filename
  53052	    484	   2416	  55952	   da90	MyProject.elf
Finished building: default.size.stdout
 
