00:17:25 **** Incremental Build of configuration Debug for project NUCLEO-F411RE ****
make -j8 all 
arm-none-eabi-gcc "../Src/command.c" -mcpu=cortex-m4 -std=gnu11 -g3 -DUSE_HAL_DRIVER -DSTM32F411xE -DDEBUG -c -I../Middlewares/Third_Party/FreeRTOS/Source/include -I../Middlewares/Third_Party/FreeRTOS/Source/portable/GCC/ARM_CM4F -I../Inc -I../Drivers/CMSIS/Include -I../Drivers/STM32F4xx_HAL_Driver/Inc -I../Drivers/CMSIS/Device/ST/STM32F4xx/Include -I../Middlewares/Third_Party/FreeRTOS/Source/CMSIS_RTOS -I../Drivers/STM32F4xx_HAL_Driver/Inc/Legacy -O0 -ffunction-sections -fdata-sections -Wall -fstack-usage -MMD -MP -MF"Src/command.d" -MT"Src/command.o" --specs=nano.specs -mfpu=fpv4-sp-d16 -mfloat-abi=hard -mthumb -o "Src/command.o"
arm-none-eabi-gcc -o "NUCLEO-F411RE.elf" @"objects.list"   -mcpu=cortex-m4 -T"C:\Users\ADMIN\Documents\GitHub\NUCLEO-F411RE\NUCLEO-F411RE\STM32F411RETX_FLASH.ld" --specs=nosys.specs -Wl,-Map="NUCLEO-F411RE.map" -Wl,--gc-sections -static --specs=nano.specs -mfpu=fpv4-sp-d16 -mfloat-abi=hard -mthumb -u _printf_float -Wl,--start-group -lc -lm -Wl,--end-group
Finished building target: NUCLEO-F411RE.elf
 
arm-none-eabi-objdump -h -S  NUCLEO-F411RE.elf  > "NUCLEO-F411RE.list"
arm-none-eabi-objcopy  -O binary  NUCLEO-F411RE.elf  "NUCLEO-F411RE.bin"
arm-none-eabi-size   NUCLEO-F411RE.elf 
   text	   data	    bss	    dec	    hex	filename
  74952	    492	   5776	  81220	  13d44	NUCLEO-F411RE.elf
Finished building: default.size.stdout
 
Finished building: NUCLEO-F411RE.bin
 
Finished building: NUCLEO-F411RE.list
 

00:17:28 Build Finished. 0 errors, 0 warnings. (took 2s.729ms)

